Archive member included to satisfy reference by file (symbol)

arch/arm/mach-socfpga/board.o
                              (--whole-archive)
arch/arm/mach-socfpga/clock_manager.o
                              (--whole-archive)
arch/arm/mach-socfpga/misc.o  (--whole-archive)
arch/arm/mach-socfpga/clock_manager_gen5.o
                              (--whole-archive)
arch/arm/mach-socfpga/misc_gen5.o
                              (--whole-archive)
arch/arm/mach-socfpga/reset_manager_gen5.o
                              (--whole-archive)
arch/arm/mach-socfpga/scan_manager.o
                              (--whole-archive)
arch/arm/mach-socfpga/system_manager_gen5.o
                              (--whole-archive)
arch/arm/mach-socfpga/timer.o
                              (--whole-archive)
arch/arm/mach-socfpga/wrap_pll_config.o
                              (--whole-archive)
arch/arm/mach-socfpga/fpga_manager.o
                              (--whole-archive)
arch/arm/mach-socfpga/spl_gen5.o
                              (--whole-archive)
arch/arm/mach-socfpga/freeze_controller.o
                              (--whole-archive)
arch/arm/mach-socfpga/wrap_iocsr_config.o
                              (--whole-archive)
arch/arm/mach-socfpga/wrap_pinmux_config.o
                              (--whole-archive)
arch/arm/mach-socfpga/wrap_sdram_config.o
                              (--whole-archive)
arch/arm/cpu/armv7/cache_v7.o
                              (--whole-archive)
arch/arm/cpu/armv7/cache_v7_asm.o
                              (--whole-archive)
arch/arm/cpu/armv7/cpu.o      (--whole-archive)
arch/arm/cpu/armv7/cp15.o     (--whole-archive)
arch/arm/cpu/armv7/syslib.o   (--whole-archive)
arch/arm/cpu/armv7/lowlevel_init.o
                              (--whole-archive)
arch/arm/lib/vectors.o        (--whole-archive)
arch/arm/lib/crt0.o           (--whole-archive)
arch/arm/lib/setjmp.o         (--whole-archive)
arch/arm/lib/spl.o            (--whole-archive)
arch/arm/lib/zimage.o         (--whole-archive)
arch/arm/lib/bootm-fdt.o      (--whole-archive)
arch/arm/lib/cache-pl310.o    (--whole-archive)
arch/arm/lib/memset.o         (--whole-archive)
arch/arm/lib/memcpy.o         (--whole-archive)
arch/arm/lib/bdinfo.o         (--whole-archive)
arch/arm/lib/sections.o       (--whole-archive)
arch/arm/lib/stack.o          (--whole-archive)
arch/arm/lib/interrupts.o     (--whole-archive)
arch/arm/lib/cache.o          (--whole-archive)
arch/arm/lib/cache-cp15.o     (--whole-archive)
arch/arm/lib/psci-dt.o        (--whole-archive)
common/spl/spl.o              (--whole-archive)
common/spl/spl_legacy.o       (--whole-archive)
common/spl/spl_mmc.o          (--whole-archive)
common/spl/spl_spi.o          (--whole-archive)
common/spl/spl_ram.o          (--whole-archive)
common/init/board_init.o      (--whole-archive)
boot/image.o                  (--whole-archive)
boot/image-board.o            (--whole-archive)
boot/fdt_support.o            (--whole-archive)
boot/image-fdt.o              (--whole-archive)
common/bouncebuf.o            (--whole-archive)
common/console.o              (--whole-archive)
common/dlmalloc.o             (--whole-archive)
common/malloc_simple.o        (--whole-archive)
common/memsize.o              (--whole-archive)
common/stdio.o                (--whole-archive)
common/cli.o                  (--whole-archive)
common/dfu.o                  (--whole-archive)
common/command.o              (--whole-archive)
common/s_record.o             (--whole-archive)
common/xyzModem.o             (--whole-archive)
lib/crc8.o                    (--whole-archive)
lib/hash-checksum.o           (--whole-archive)
lib/sha1.o                    (--whole-archive)
lib/sha256_common.o           (--whole-archive)
lib/sha256.o                  (--whole-archive)
lib/libfdt/fdt.o              (--whole-archive)
lib/libfdt/fdt_ro.o           (--whole-archive)
lib/libfdt/fdt_wip.o          (--whole-archive)
lib/libfdt/fdt_strerror.o     (--whole-archive)
lib/libfdt/fdt_sw.o           (--whole-archive)
lib/libfdt/fdt_rw.o           (--whole-archive)
lib/libfdt/fdt_empty_tree.o   (--whole-archive)
lib/libfdt/fdt_addresses.o    (--whole-archive)
lib/fdtdec_common.o           (--whole-archive)
lib/fdtdec.o                  (--whole-archive)
lib/net_utils.o               (--whole-archive)
lib/qsort.o                   (--whole-archive)
lib/hashtable.o               (--whole-archive)
lib/errno.o                   (--whole-archive)
lib/display_options.o         (--whole-archive)
lib/ctype.o                   (--whole-archive)
lib/div64.o                   (--whole-archive)
lib/hang.o                    (--whole-archive)
lib/linux_compat.o            (--whole-archive)
lib/linux_string.o            (--whole-archive)
lib/membuf.o                  (--whole-archive)
lib/slre.o                    (--whole-archive)
lib/string.o                  (--whole-archive)
lib/tables_csum.o             (--whole-archive)
[...]
Memory Configuration

Name             Origin             Length             Attributes
*default*        0x0000000000000000 0xffffffffffffffff

Linker script and memory map

                0x0000000000000000                . = 0x0
                0x0000000000000000                . = ALIGN (0x4)
                0x00000000ffff0000                __image_copy_start = ADDR (.text)

.text           0x00000000ffff0000     0xb6c6
 *(.vectors)
 .vectors       0x00000000ffff0000       0x84 arch/arm/lib/vectors.o
                0x00000000ffff0000                _start
                0x00000000ffff0060                _undefined_instruction
                0x00000000ffff0064                _software_interrupt
                0x00000000ffff0068                _prefetch_abort
                0x00000000ffff006c                _data_abort
                0x00000000ffff0070                _not_used
                0x00000000ffff0074                _irq
                0x00000000ffff0078                _fiq
 arch/arm/cpu/armv7/start.o(.text*)
 .text          0x00000000ffff0084       0xbc arch/arm/cpu/armv7/start.o
                0x00000000ffff0084                reset
                0x00000000ffff0088                save_boot_params_ret
                0x00000000ffff00c4                c_runtime_cpu_setup
                0x00000000ffff00d4                save_boot_params
                0x00000000ffff00d8                cpu_init_cp15
                0x00000000ffff0138                cpu_init_crit
 *(.text*)
 .text.s_init   0x00000000ffff0140       0x14 arch/arm/mach-socfpga/board.o
                0x00000000ffff0140                s_init
 .text.dram_init_banksize
                0x00000000ffff0154        0xa arch/arm/mach-socfpga/board.o
                0x00000000ffff0154                dram_init_banksize
 .text.cm_wait_for_lock
                0x00000000ffff015e       0x1e arch/arm/mach-socfpga/clock_manager.o
                0x00000000ffff015e                cm_wait_for_lock
 .text.cm_wait_for_fsm
                0x00000000ffff017c       0x3c arch/arm/mach-socfpga/clock_manager.o
                0x00000000ffff017c                cm_wait_for_fsm
 .text.socfpga_get_base_addr
                0x00000000ffff01b8       0x4c arch/arm/mach-socfpga/misc.o
 .text.v7_outer_cache_enable
                0x00000000ffff0204       0x20 arch/arm/mach-socfpga/misc.o
                0x00000000ffff0204                v7_outer_cache_enable
 *fill*         0x00000000ffff0224       0x1c 
 .text.socfpga_pl310_clear
                0x00000000ffff0240       0xac arch/arm/mach-socfpga/misc.o
                0x00000000ffff0240                socfpga_pl310_clear
 .text.socfpga_get_managers_addr
                0x00000000ffff02ec       0x44 arch/arm/mach-socfpga/misc.o
                0x00000000ffff02ec                socfpga_get_managers_addr
 .text.socfpga_get_rstmgr_addr
                0x00000000ffff0330        0xc arch/arm/mach-socfpga/misc.o
                0x00000000ffff0330                socfpga_get_rstmgr_addr
 .text.socfpga_get_sysmgr_addr
                0x00000000ffff033c        0xc arch/arm/mach-socfpga/misc.o
                0x00000000ffff033c                socfpga_get_sysmgr_addr
 .text.socfpga_get_clkmgr_addr
                0x00000000ffff0348        0xc arch/arm/mach-socfpga/misc.o
                0x00000000ffff0348                socfpga_get_clkmgr_addr
 .text.dram_bank_mmu_setup
                0x00000000ffff0354       0x56 arch/arm/mach-socfpga/misc.o
                0x00000000ffff0354                dram_bank_mmu_setup
 .text.cm_get_main_vco_clk_hz
                0x00000000ffff03aa       0x26 arch/arm/mach-socfpga/clock_manager_gen5.o
 .text.cm_get_per_vco_clk_hz
                0x00000000ffff03d0       0x58 arch/arm/mach-socfpga/clock_manager_gen5.o
 .text.cm_write_with_phase.constprop.0
                0x00000000ffff0428       0x6a arch/arm/mach-socfpga/clock_manager_gen5.o
 *fill*         0x00000000ffff0492        0x2 
 .text.cm_basic_init
                0x00000000ffff0494      0x3ac arch/arm/mach-socfpga/clock_manager_gen5.o
                0x00000000ffff0494                cm_basic_init
 .text.cm_get_mmc_controller_clk_hz
                0x00000000ffff0840       0x52 arch/arm/mach-socfpga/clock_manager_gen5.o
                0x00000000ffff0840                cm_get_mmc_controller_clk_hz
 .text.cm_get_qspi_controller_clk_hz
                0x00000000ffff0892       0x56 arch/arm/mach-socfpga/clock_manager_gen5.o
                0x00000000ffff0892                cm_get_qspi_controller_clk_hz
 .text.cm_get_spi_controller_clk_hz
                0x00000000ffff08e8       0x1e arch/arm/mach-socfpga/clock_manager_gen5.o
                0x00000000ffff08e8                cm_get_spi_controller_clk_hz
 .text.dw_spi_get_clk
                0x00000000ffff0906        0xe arch/arm/mach-socfpga/clock_manager_gen5.o
                0x00000000ffff0906                dw_spi_get_clk
 .text.socfpga_sdram_remap_zero
                0x00000000ffff0914       0x70 arch/arm/mach-socfpga/misc_gen5.o
                0x00000000ffff0914                socfpga_sdram_remap_zero
 .text.socfpga_per_reset
                0x00000000ffff0984       0x38 arch/arm/mach-socfpga/reset_manager_gen5.o
                0x00000000ffff0984                socfpga_per_reset
 .text.socfpga_per_reset_all
                0x00000000ffff09bc       0x20 arch/arm/mach-socfpga/reset_manager_gen5.o
                0x00000000ffff09bc                socfpga_per_reset_all
 .text.socfpga_bridges_set_handoff_regs
                0x00000000ffff09dc       0x3a arch/arm/mach-socfpga/reset_manager_gen5.o
                0x00000000ffff09dc                socfpga_bridges_set_handoff_regs
 *fill*         0x00000000ffff0a16        0x2 
 .text.socfpga_bridges_reset
                0x00000000ffff0a18       0x58 arch/arm/mach-socfpga/reset_manager_gen5.o
                0x00000000ffff0a18                socfpga_bridges_reset
 .text.scan_mgr_jtag_insn_data
                0x00000000ffff0a70       0x7c arch/arm/mach-socfpga/scan_manager.o
 .text.scan_mgr_io_scan_chain_prg
                0x00000000ffff0aec       0x94 arch/arm/mach-socfpga/scan_manager.o
 .text.scan_mgr_configure_iocsr
                0x00000000ffff0b80       0x24 arch/arm/mach-socfpga/scan_manager.o
                0x00000000ffff0b80                scan_mgr_configure_iocsr
 .text.sysmgr_pinmux_init
                0x00000000ffff0ba4       0xe2 arch/arm/mach-socfpga/system_manager_gen5.o
                0x00000000ffff0ba4                sysmgr_pinmux_init
 .text.sysmgr_config_warmrstcfgio
                0x00000000ffff0c86       0x2c arch/arm/mach-socfpga/system_manager_gen5.o
                0x00000000ffff0c86                sysmgr_config_warmrstcfgio
 *fill*         0x00000000ffff0cb2        0x2 
 .text.timer_init
                0x00000000ffff0cb4       0x2c arch/arm/mach-socfpga/timer.o
                0x00000000ffff0cb4                timer_init
 .text.cm_get_default_config
                0x00000000ffff0ce0        0x8 arch/arm/mach-socfpga/wrap_pll_config.o
                0x00000000ffff0ce0                cm_get_default_config
 .text.cm_get_osc_clk_hz
                0x00000000ffff0ce8       0x10 arch/arm/mach-socfpga/wrap_pll_config.o
                0x00000000ffff0ce8                cm_get_osc_clk_hz
 .text.cm_get_f2s_per_ref_clk_hz
                0x00000000ffff0cf8        0x4 arch/arm/mach-socfpga/wrap_pll_config.o
                0x00000000ffff0cf8                cm_get_f2s_per_ref_clk_hz
 .text.is_fpgamgr_initdone_high
                0x00000000ffff0cfc       0x14 arch/arm/mach-socfpga/fpga_manager.o
 .text.fpgamgr_get_mode
                0x00000000ffff0d10       0x14 arch/arm/mach-socfpga/fpga_manager.o
                0x00000000ffff0d10                fpgamgr_get_mode
 .text.fpgamgr_test_fpga_ready
                0x00000000ffff0d24       0x20 arch/arm/mach-socfpga/fpga_manager.o
                0x00000000ffff0d24                fpgamgr_test_fpga_ready
 .text.spl_boot_device
                0x00000000ffff0d44       0x30 arch/arm/mach-socfpga/spl_gen5.o
                0x00000000ffff0d44                spl_boot_device
 .text.spl_mmc_boot_mode
                0x00000000ffff0d74        0x4 arch/arm/mach-socfpga/spl_gen5.o
                0x00000000ffff0d74                spl_mmc_boot_mode
 .text.board_init_f
                0x00000000ffff0d78       0xdc arch/arm/mach-socfpga/spl_gen5.o
                0x00000000ffff0d78                board_init_f
 .text.sys_mgr_frzctrl_freeze_req
                0x00000000ffff0e54       0x70 arch/arm/mach-socfpga/freeze_controller.o
                0x00000000ffff0e54                sys_mgr_frzctrl_freeze_req
 .text.sys_mgr_frzctrl_thaw_req
                0x00000000ffff0ec4       0xa0 arch/arm/mach-socfpga/freeze_controller.o
                0x00000000ffff0ec4                sys_mgr_frzctrl_thaw_req
 .text.iocsr_get_config_table
                0x00000000ffff0f64       0x50 arch/arm/mach-socfpga/wrap_iocsr_config.o
                0x00000000ffff0f64                iocsr_get_config_table
 .text.sysmgr_get_pinmux_table
                0x00000000ffff0fb4       0x10 arch/arm/mach-socfpga/wrap_pinmux_config.o
                0x00000000ffff0fb4                sysmgr_get_pinmux_table
 .text.socfpga_get_sdram_config
                0x00000000ffff0fc4        0x8 arch/arm/mach-socfpga/wrap_sdram_config.o
                0x00000000ffff0fc4                socfpga_get_sdram_config
 .text.socfpga_get_seq_ac_init
                0x00000000ffff0fcc       0x10 arch/arm/mach-socfpga/wrap_sdram_config.o
                0x00000000ffff0fcc                socfpga_get_seq_ac_init
 .text.socfpga_get_seq_inst_init
                0x00000000ffff0fdc       0x10 arch/arm/mach-socfpga/wrap_sdram_config.o
                0x00000000ffff0fdc                socfpga_get_seq_inst_init
 .text.socfpga_get_sdram_rwmgr_config
                0x00000000ffff0fec        0x8 arch/arm/mach-socfpga/wrap_sdram_config.o
                0x00000000ffff0fec                socfpga_get_sdram_rwmgr_config
 .text.socfpga_get_sdram_io_config
                0x00000000ffff0ff4        0x8 arch/arm/mach-socfpga/wrap_sdram_config.o
                0x00000000ffff0ff4                socfpga_get_sdram_io_config
 .text.socfpga_get_sdram_misc_config
                0x00000000ffff0ffc        0x8 arch/arm/mach-socfpga/wrap_sdram_config.o
                0x00000000ffff0ffc                socfpga_get_sdram_misc_config
 .text.flush_dcache_all
                0x00000000ffff1004        0xe arch/arm/cpu/armv7/cache_v7.o
                0x00000000ffff1004                flush_dcache_all
 .text.invalidate_dcache_all
                0x00000000ffff1012        0xe arch/arm/cpu/armv7/cache_v7.o
                0x00000000ffff1012                invalidate_dcache_all
 .text.arm_init_before_mmu
                0x00000000ffff1020       0x22 arch/arm/cpu/armv7/cache_v7.o
                0x00000000ffff1020                arm_init_before_mmu
 .text.flush_dcache_range
                0x00000000ffff1042       0x38 arch/arm/cpu/armv7/cache_v7.o
                0x00000000ffff1042                flush_dcache_range
 .text.invalidate_dcache_range
                0x00000000ffff107a       0x42 arch/arm/cpu/armv7/cache_v7.o
                0x00000000ffff107a                invalidate_dcache_range
 .text          0x00000000ffff10bc      0x158 arch/arm/cpu/armv7/cache_v7_asm.o
                0x00000000ffff10bc                __v7_flush_dcache_all
                0x00000000ffff1158                v7_flush_dcache_all
                0x00000000ffff1168                __v7_invalidate_dcache_all
                0x00000000ffff1204                v7_invalidate_dcache_all
 .text.lowlevel_init
                0x00000000ffff1214       0x18 arch/arm/cpu/armv7/lowlevel_init.o
                0x00000000ffff1214                lowlevel_init
 .text          0x00000000ffff122c       0x68 arch/arm/lib/crt0.o
                0x00000000ffff122c                _main
 .text.pl310_background_op_all_ways
                0x00000000ffff1294       0x3c arch/arm/lib/cache-pl310.o
 .text.v7_outer_cache_inval_all
                0x00000000ffff12d0        0xc arch/arm/lib/cache-pl310.o
                0x00000000ffff12d0                v7_outer_cache_inval_all
 .text.v7_outer_cache_flush_all
                0x00000000ffff12dc        0xc arch/arm/lib/cache-pl310.o
                0x00000000ffff12dc                v7_outer_cache_flush_all
 .text.v7_outer_cache_flush_range
                0x00000000ffff12e8       0x28 arch/arm/lib/cache-pl310.o
                0x00000000ffff12e8                v7_outer_cache_flush_range
 .text.v7_outer_cache_inval_range
                0x00000000ffff1310       0x5c arch/arm/lib/cache-pl310.o
                0x00000000ffff1310                v7_outer_cache_inval_range
 *fill*         0x00000000ffff136c       0x14 
 .text          0x00000000ffff1380       0xa0 arch/arm/lib/memset.o
                0x00000000ffff1380                memset
 .text          0x00000000ffff1420      0x2e4 arch/arm/lib/memcpy.o
                0x00000000ffff1420                memcpy
 .text.check_cache_range
                0x00000000ffff1704        0xe arch/arm/lib/cache.o
                0x00000000ffff1704                check_cache_range
 .text.set_section_dcache
                0x00000000ffff1712       0x12 arch/arm/lib/cache-cp15.o
                0x00000000ffff1712                set_section_dcache
 .text.icache_enable
                0x00000000ffff1724       0x12 arch/arm/lib/cache-cp15.o
                0x00000000ffff1724                icache_enable
 .text.dcache_enable
                0x00000000ffff1736       0x6a arch/arm/lib/cache-cp15.o
                0x00000000ffff1736                dcache_enable
 .text.dcache_disable
                0x00000000ffff17a0       0x20 arch/arm/lib/cache-cp15.o
                0x00000000ffff17a0                dcache_disable
 .text.dcache_status
                0x00000000ffff17c0        0xa arch/arm/lib/cache-cp15.o
                0x00000000ffff17c0                dcache_status
 .text.spl_common_init
                0x00000000ffff17ca       0x2a common/spl/spl.o
 .text.spl_perform_fixups
                0x00000000ffff17f4        0x2 common/spl/spl.o
                0x00000000ffff17f4                spl_perform_fixups
 .text.spl_get_image_pos
                0x00000000ffff17f6        0x6 common/spl/spl.o
                0x00000000ffff17f6                spl_get_image_pos
 .text.spl_board_loader_name
                0x00000000ffff17fc        0x4 common/spl/spl.o
                0x00000000ffff17fc                spl_board_loader_name
 .text.spl_board_prepare_for_boot
                0x00000000ffff1800        0x2 common/spl/spl.o
                0x00000000ffff1800                spl_board_prepare_for_boot
 .text.spl_get_load_buffer
                0x00000000ffff1802        0x8 common/spl/spl.o
                0x00000000ffff1802                spl_get_load_buffer
 *fill*         0x00000000ffff180a        0x2 
 .text.spl_set_header_raw_uboot
                0x00000000ffff180c       0x20 common/spl/spl.o
                0x00000000ffff180c                spl_set_header_raw_uboot
 .text.spl_parse_board_header
                0x00000000ffff182c        0x6 common/spl/spl.o
                0x00000000ffff182c                spl_parse_board_header
 *fill*         0x00000000ffff1832        0x2 
 .text.spl_parse_image_header
                0x00000000ffff1834       0x2c common/spl/spl.o
                0x00000000ffff1834                spl_parse_image_header
 .text.spl_load
                0x00000000ffff1860       0x84 common/spl/spl.o
                0x00000000ffff1860                spl_load
 .text.jump_to_image_no_args
                0x00000000ffff18e4        0x6 common/spl/spl.o
                0x00000000ffff18e4                jump_to_image_no_args
 *fill*         0x00000000ffff18ea        0x2 
 .text.spl_set_bd
                0x00000000ffff18ec       0x14 common/spl/spl.o
                0x00000000ffff18ec                spl_set_bd
 .text.spl_early_init
                0x00000000ffff1900       0x18 common/spl/spl.o
                0x00000000ffff1900                spl_early_init
 .text.spl_init
                0x00000000ffff1918       0x26 common/spl/spl.o
                0x00000000ffff1918                spl_init
 .text.board_boot_order
                0x00000000ffff193e        0xc common/spl/spl.o
                0x00000000ffff193e                board_boot_order
 .text.spl_check_board_image
                0x00000000ffff194a        0x4 common/spl/spl.o
                0x00000000ffff194a                spl_check_board_image
 *fill*         0x00000000ffff194e        0x2 
 .text.board_init_r
                0x00000000ffff1950      0x10c common/spl/spl.o
                0x00000000ffff1950                board_init_r
 .text.preloader_console_init
                0x00000000ffff1a5c       0x28 common/spl/spl.o
                0x00000000ffff1a5c                preloader_console_init
 .text.spl_relocate_stack_gd
                0x00000000ffff1a84       0x38 common/spl/spl.o
                0x00000000ffff1a84                spl_relocate_stack_gd
 .text.spl_parse_legacy_validate
                0x00000000ffff1abc       0x50 common/spl/spl_legacy.o
 .text.spl_parse_legacy_header
                0x00000000ffff1b0c       0x4e common/spl/spl_legacy.o
                0x00000000ffff1b0c                spl_parse_legacy_header
 .text.h_spl_load_read
                0x00000000ffff1b5a       0x16 common/spl/spl_mmc.o
 .text.arch_spl_mmc_get_uboot_raw_sector
                0x00000000ffff1b70        0x4 common/spl/spl_mmc.o
                0x00000000ffff1b70                arch_spl_mmc_get_uboot_raw_sector
 .text.board_spl_mmc_get_uboot_raw_sector
                0x00000000ffff1b74        0x4 common/spl/spl_mmc.o
                0x00000000ffff1b74                board_spl_mmc_get_uboot_raw_sector
 .text.spl_mmc_get_uboot_raw_sector
                0x00000000ffff1b78        0x4 common/spl/spl_mmc.o
                0x00000000ffff1b78                spl_mmc_get_uboot_raw_sector
 .text.default_spl_mmc_emmc_boot_partition
                0x00000000ffff1b7c       0x10 common/spl/spl_mmc.o
                0x00000000ffff1b7c                default_spl_mmc_emmc_boot_partition
 .text.spl_mmc_emmc_boot_partition
                0x00000000ffff1b8c        0x4 common/spl/spl_mmc.o
                0x00000000ffff1b8c                spl_mmc_emmc_boot_partition
 .text.spl_mmc_load
                0x00000000ffff1b90      0x12c common/spl/spl_mmc.o
                0x00000000ffff1b90                spl_mmc_load
 .text.spl_mmc_load_image
                0x00000000ffff1cbc       0x16 common/spl/spl_mmc.o
                0x00000000ffff1cbc                spl_mmc_load_image
 .text.spl_spi_fit_read
                0x00000000ffff1cd2       0x18 common/spl/spl_spi.o
 .text.spl_spi_get_uboot_offs
                0x00000000ffff1cea        0x6 common/spl/spl_spi.o
                0x00000000ffff1cea                spl_spi_get_uboot_offs
 .text.spl_spi_boot_bus
                0x00000000ffff1cf0        0x4 common/spl/spl_spi.o
                0x00000000ffff1cf0                spl_spi_boot_bus
 .text.spl_spi_boot_cs
                0x00000000ffff1cf4        0x4 common/spl/spl_spi.o
                0x00000000ffff1cf4                spl_spi_boot_cs
 .text.spl_spi_load_image
                0x00000000ffff1cf8       0x68 common/spl/spl_spi.o
 .text.spl_ram_load_image
                0x00000000ffff1d60       0x28 common/spl/spl_ram.o
 .text.board_init_f_alloc_reserve
                0x00000000ffff1d88        0xa common/init/board_init.o
                0x00000000ffff1d88                board_init_f_alloc_reserve
 .text.board_init_f_init_reserve
                0x00000000ffff1d92       0x14 common/init/board_init.o
                0x00000000ffff1d92                board_init_f_init_reserve
 .text.addr_aligned
                0x00000000ffff1da6       0x16 common/bouncebuf.o
 .text.bounce_buffer_start_extalign
                0x00000000ffff1dbc       0x5a common/bouncebuf.o
                0x00000000ffff1dbc                bounce_buffer_start_extalign
 *fill*         0x00000000ffff1e16        0x2 
 .text.bounce_buffer_start
                0x00000000ffff1e18       0x18 common/bouncebuf.o
                0x00000000ffff1e18                bounce_buffer_start
 .text.bounce_buffer_stop
                0x00000000ffff1e30       0x32 common/bouncebuf.o
                0x00000000ffff1e30                bounce_buffer_stop
 *fill*         0x00000000ffff1e62        0x2 
 .text.console_puts_select.part.0
                0x00000000ffff1e64       0x10 common/console.o
 .text.fflush.part.0
                0x00000000ffff1e74       0x14 common/console.o
 .text.putc     0x00000000ffff1e88       0x2c common/console.o
                0x00000000ffff1e88                putc
 .text.puts     0x00000000ffff1eb4       0x24 common/console.o
                0x00000000ffff1eb4                puts
 .text.flush    0x00000000ffff1ed8       0x22 common/console.o
                0x00000000ffff1ed8                flush
 *fill*         0x00000000ffff1efa        0x2 
 .text.alloc_simple
                0x00000000ffff1efc       0x44 common/malloc_simple.o
 .text.malloc_simple
                0x00000000ffff1f40        0x6 common/malloc_simple.o
                0x00000000ffff1f40                malloc_simple
 .text.memalign_simple
                0x00000000ffff1f46        0xa common/malloc_simple.o
                0x00000000ffff1f46                memalign_simple
 .text.calloc   0x00000000ffff1f50       0x1c common/malloc_simple.o
                0x00000000ffff1f50                calloc
 .text.dcache_flush_invalidate
                0x00000000ffff1f6c       0x1e common/memsize.o
 .text.get_ram_size
                0x00000000ffff1f8a       0xca common/memsize.o
                0x00000000ffff1f8a                get_ram_size
 .text.fdt_check_header
                0x00000000ffff2054       0x14 lib/libfdt/fdt.o
                0x00000000ffff2054                fdt_check_header
 .text.fdt_offset_ptr
                0x00000000ffff2068       0x20 lib/libfdt/fdt.o
                0x00000000ffff2068                fdt_offset_ptr
 .text.fdt_next_tag
                0x00000000ffff2088       0x70 lib/libfdt/fdt.o
                0x00000000ffff2088                fdt_next_tag
 .text.fdt_check_node_offset_
                0x00000000ffff20f8       0x24 lib/libfdt/fdt.o
                0x00000000ffff20f8                fdt_check_node_offset_
 .text.fdt_check_prop_offset_
                0x00000000ffff211c       0x24 lib/libfdt/fdt.o
                0x00000000ffff211c                fdt_check_prop_offset_
 .text.fdt_next_node
                0x00000000ffff2140       0x6e lib/libfdt/fdt.o
                0x00000000ffff2140                fdt_next_node
 .text.fdt_first_subnode
                0x00000000ffff21ae       0x26 lib/libfdt/fdt.o
                0x00000000ffff21ae                fdt_first_subnode
 .text.fdt_next_subnode
                0x00000000ffff21d4       0x2a lib/libfdt/fdt.o
                0x00000000ffff21d4                fdt_next_subnode
 .text.fdt_get_property_by_offset_
                0x00000000ffff21fe       0x12 lib/libfdt/fdt_ro.o
 .text.nextprop_
                0x00000000ffff2210       0x32 lib/libfdt/fdt_ro.o
 .text.fdt_supernode_atdepth_offset.part.0
                0x00000000ffff2242       0x48 lib/libfdt/fdt_ro.o
 .text.fdt_get_string
                0x00000000ffff228a       0x1a lib/libfdt/fdt_ro.o
                0x00000000ffff228a                fdt_get_string
 .text.fdt_get_name
                0x00000000ffff22a4       0x1c lib/libfdt/fdt_ro.o
                0x00000000ffff22a4                fdt_get_name
 .text.fdt_subnode_offset_namelen
                0x00000000ffff22c0       0x72 lib/libfdt/fdt_ro.o
                0x00000000ffff22c0                fdt_subnode_offset_namelen
 .text.fdt_first_property_offset
                0x00000000ffff2332       0x18 lib/libfdt/fdt_ro.o
                0x00000000ffff2332                fdt_first_property_offset
 .text.fdt_next_property_offset
                0x00000000ffff234a       0x18 lib/libfdt/fdt_ro.o
                0x00000000ffff234a                fdt_next_property_offset
 .text.fdt_get_property_namelen_
                0x00000000ffff2362       0x6c lib/libfdt/fdt_ro.o
 .text.fdt_getprop_namelen
                0x00000000ffff23ce       0x16 lib/libfdt/fdt_ro.o
                0x00000000ffff23ce                fdt_getprop_namelen
 .text.fdt_getprop
                0x00000000ffff23e4       0x22 lib/libfdt/fdt_ro.o
                0x00000000ffff23e4                fdt_getprop
 *fill*         0x00000000ffff2406        0x2 
 .text.fdt_get_phandle
                0x00000000ffff2408       0x40 lib/libfdt/fdt_ro.o
                0x00000000ffff2408                fdt_get_phandle
 .text.fdt_get_alias_namelen
                0x00000000ffff2448       0x2c lib/libfdt/fdt_ro.o
                0x00000000ffff2448                fdt_get_alias_namelen
 .text.fdt_path_offset_namelen
                0x00000000ffff2474       0x88 lib/libfdt/fdt_ro.o
                0x00000000ffff2474                fdt_path_offset_namelen
 .text.fdt_path_offset
                0x00000000ffff24fc       0x1a lib/libfdt/fdt_ro.o
                0x00000000ffff24fc                fdt_path_offset
 .text.fdt_supernode_atdepth_offset
                0x00000000ffff2516        0xe lib/libfdt/fdt_ro.o
                0x00000000ffff2516                fdt_supernode_atdepth_offset
 .text.fdt_node_depth
                0x00000000ffff2524       0x14 lib/libfdt/fdt_ro.o
                0x00000000ffff2524                fdt_node_depth
 .text.fdt_parent_offset
                0x00000000ffff2538       0x20 lib/libfdt/fdt_ro.o
                0x00000000ffff2538                fdt_parent_offset
 .text.fdt_node_offset_by_prop_value
                0x00000000ffff2558       0x4c lib/libfdt/fdt_ro.o
                0x00000000ffff2558                fdt_node_offset_by_prop_value
 .text.fdt_node_offset_by_phandle
                0x00000000ffff25a4       0x3a lib/libfdt/fdt_ro.o
                0x00000000ffff25a4                fdt_node_offset_by_phandle
 .text.fdt_stringlist_contains
                0x00000000ffff25de       0x46 lib/libfdt/fdt_ro.o
                0x00000000ffff25de                fdt_stringlist_contains
 .text.fdt_node_check_compatible
                0x00000000ffff2624       0x28 lib/libfdt/fdt_ro.o
                0x00000000ffff2624                fdt_node_check_compatible
 .text.fdt_node_offset_by_compatible
                0x00000000ffff264c       0x34 lib/libfdt/fdt_ro.o
                0x00000000ffff264c                fdt_node_offset_by_compatible
 .text.fdt_cells
                0x00000000ffff2680       0x2a lib/libfdt/fdt_addresses.o
 *fill*         0x00000000ffff26aa        0x2 
 .text.fdt_address_cells
                0x00000000ffff26ac       0x1c lib/libfdt/fdt_addresses.o
                0x00000000ffff26ac                fdt_address_cells
 .text.fdt_size_cells
                0x00000000ffff26c8       0x14 lib/libfdt/fdt_addresses.o
                0x00000000ffff26c8                fdt_size_cells
 .text.fdtdec_get_int
                0x00000000ffff26dc       0x1c lib/fdtdec_common.o
                0x00000000ffff26dc                fdtdec_get_int
 .text.fdtdec_get_uint
                0x00000000ffff26f8       0x1c lib/fdtdec_common.o
                0x00000000ffff26f8                fdtdec_get_uint
 .text.get_prop_check_min_len
                0x00000000ffff2714       0x26 lib/fdtdec.o
 *fill*         0x00000000ffff273a        0x2 
 .text.fdtdec_prepare_fdt
                0x00000000ffff273c       0x24 lib/fdtdec.o
 .text.fdtdec_get_is_enabled
                0x00000000ffff2760       0x28 lib/fdtdec.o
                0x00000000ffff2760                fdtdec_get_is_enabled
 .text.fdtdec_get_chosen_prop
                0x00000000ffff2788       0x24 lib/fdtdec.o
                0x00000000ffff2788                fdtdec_get_chosen_prop
 .text.fdtdec_get_int_array
                0x00000000ffff27ac       0x36 lib/fdtdec.o
                0x00000000ffff27ac                fdtdec_get_int_array
 .text.fdtdec_parse_phandle_with_args
                0x00000000ffff27e2       0xc8 lib/fdtdec.o
                0x00000000ffff27e2                fdtdec_parse_phandle_with_args
 .text.fdtdec_get_number
                0x00000000ffff28aa       0x1a lib/fdtdec.o
                0x00000000ffff28aa                fdtdec_get_number
 .text.fdtdec_get_addr_size_fixed
                0x00000000ffff28c4       0x50 lib/fdtdec.o
                0x00000000ffff28c4                fdtdec_get_addr_size_fixed
 .text.fdtdec_get_addr_size_auto_parent
                0x00000000ffff2914       0x46 lib/fdtdec.o
                0x00000000ffff2914                fdtdec_get_addr_size_auto_parent
 .text.fdt_get_resource
                0x00000000ffff295a       0x92 lib/fdtdec.o
                0x00000000ffff295a                fdt_get_resource
 .text.get_next_memory_node
                0x00000000ffff29ec       0x30 lib/fdtdec.o
                0x00000000ffff29ec                get_next_memory_node
 .text.fdtdec_setup_memory_banksize
                0x00000000ffff2a1c       0x58 lib/fdtdec.o
                0x00000000ffff2a1c                fdtdec_setup_memory_banksize
 .text.fdtdec_board_setup
                0x00000000ffff2a74        0x4 lib/fdtdec.o
                0x00000000ffff2a74                fdtdec_board_setup
 .text.fdtdec_setup
                0x00000000ffff2a78       0x2c lib/fdtdec.o
                0x00000000ffff2a78                fdtdec_setup
 .text.__div64_32
                0x00000000ffff2aa4       0x7e lib/div64.o
                0x00000000ffff2aa4                __div64_32
 *fill*         0x00000000ffff2b22        0x2 
 .text.hang     0x00000000ffff2b24       0x10 lib/hang.o
                0x00000000ffff2b24                hang
 .text.kmalloc  0x00000000ffff2b34       0x28 lib/linux_compat.o
                0x00000000ffff2b34                kmalloc
 .text.strcpy   0x00000000ffff2b5c       0x10 lib/string.o
                0x00000000ffff2b5c                strcpy
 .text.strcmp   0x00000000ffff2b6c       0x16 lib/string.o
                0x00000000ffff2b6c                strcmp
 .text.strncmp  0x00000000ffff2b82       0x20 lib/string.o
                0x00000000ffff2b82                strncmp
 .text.strchr   0x00000000ffff2ba2       0x1a lib/string.o
                0x00000000ffff2ba2                strchr
 .text.strlen   0x00000000ffff2bbc       0x10 lib/string.o
                0x00000000ffff2bbc                strlen
 .text.strdup   0x00000000ffff2bcc       0x22 lib/string.o
                0x00000000ffff2bcc                strdup
 .text.memcmp   0x00000000ffff2bee       0x1e lib/string.o
                0x00000000ffff2bee                memcmp
 .text.memchr   0x00000000ffff2c0c       0x1c lib/string.o
                0x00000000ffff2c0c                memchr
 .text.tick_to_time
                0x00000000ffff2c28       0x64 lib/time.o
 .text.timer_read_counter
                0x00000000ffff2c8c       0x10 lib/time.o
                0x00000000ffff2c8c                timer_read_counter
 .text.get_ticks
                0x00000000ffff2c9c       0x26 lib/time.o
                0x00000000ffff2c9c                get_ticks
 .text.get_timer
                0x00000000ffff2cc2       0x10 lib/time.o
                0x00000000ffff2cc2                get_timer
 .text.timer_get_us
                0x00000000ffff2cd2       0x18 lib/time.o
                0x00000000ffff2cd2                timer_get_us
 *fill*         0x00000000ffff2cea        0x2 
 .text.usec_to_tick
                0x00000000ffff2cec       0x44 lib/time.o
                0x00000000ffff2cec                usec_to_tick
 .text.__udelay
                0x00000000ffff2d30       0x2c lib/time.o
                0x00000000ffff2d30                __udelay
 .text.udelay   0x00000000ffff2d5c       0x20 lib/time.o
                0x00000000ffff2d5c                udelay
 .text.panic_finish
                0x00000000ffff2d7c       0x1a lib/panic.o
 .text.panic_str
                0x00000000ffff2d96        0xa lib/panic.o
                0x00000000ffff2d96                panic_str
 .text.panic    0x00000000ffff2da0       0x14 lib/panic.o
                0x00000000ffff2da0                panic
 .text.div_out  0x00000000ffff2db4       0x34 lib/tiny-printf.o
 .text.putc_outstr
                0x00000000ffff2de8        0xa lib/tiny-printf.o
 .text.putc_normal
                0x00000000ffff2df2        0x6 lib/tiny-printf.o
 .text._vprintf
                0x00000000ffff2df8      0x1fc lib/tiny-printf.o
 .text.vprintf  0x00000000ffff2ff4       0x1c lib/tiny-printf.o
                0x00000000ffff2ff4                vprintf
 .text.printf   0x00000000ffff3010       0x24 lib/tiny-printf.o
                0x00000000ffff3010                printf
 .text.snprintf
                0x00000000ffff3034       0x34 lib/tiny-printf.o
                0x00000000ffff3034                snprintf
 .text.part_driver_get_type
                0x00000000ffff3068       0x20 disk/part.o
 .text.part_driver_lookup_type
                0x00000000ffff3088       0x3c disk/part.o
 .text.part_init
                0x00000000ffff30c4       0x50 disk/part.o
                0x00000000ffff30c4                part_init
 .text.part_get_info_by_type
                0x00000000ffff3114       0x3a disk/part.o
                0x00000000ffff3114                part_get_info_by_type
 .text.part_get_info
                0x00000000ffff314e        0x8 disk/part.o
                0x00000000ffff314e                part_get_info
 .text.disk_blk_part_validate
                0x00000000ffff3156       0x38 disk/disk-uclass.o
 .text.disk_blk_read
                0x00000000ffff318e       0x36 disk/disk-uclass.o
                0x00000000ffff318e                disk_blk_read
 .text.disk_blk_erase
                0x00000000ffff31c4       0x2e disk/disk-uclass.o
                0x00000000ffff31c4                disk_blk_erase
 .text.disk_blk_write
                0x00000000ffff31f2       0x36 disk/disk-uclass.o
                0x00000000ffff31f2                disk_blk_write
 .text.test_block_type
                0x00000000ffff3228       0x78 disk/part_dos.o
 .text.part_test_dos
                0x00000000ffff32a0       0x40 disk/part_dos.o
 .text.blk_buffer_aligned
                0x00000000ffff32e0       0x14 drivers/block/blk-uclass.o
 .text.blk_post_probe
                0x00000000ffff32f4       0x8c drivers/block/blk-uclass.o
 .text.blk_select_hwpart
                0x00000000ffff3380       0x16 drivers/block/blk-uclass.o
                0x00000000ffff3380                blk_select_hwpart
 .text.blk_dselect_hwpart
                0x00000000ffff3396        0x6 drivers/block/blk-uclass.o
                0x00000000ffff3396                blk_dselect_hwpart
 .text.blk_find_device
                0x00000000ffff339c       0x50 drivers/block/blk-uclass.o
                0x00000000ffff339c                blk_find_device
 .text.blk_read
                0x00000000ffff33ec       0x88 drivers/block/blk-uclass.o
                0x00000000ffff33ec                blk_read
 .text.blk_write
                0x00000000ffff3474       0x88 drivers/block/blk-uclass.o
                0x00000000ffff3474                blk_write
 .text.blk_erase
                0x00000000ffff34fc       0x26 drivers/block/blk-uclass.o
                0x00000000ffff34fc                blk_erase
 .text.blk_dread
                0x00000000ffff3522        0x6 drivers/block/blk-uclass.o
                0x00000000ffff3522                blk_dread
 .text.blk_find_max_devnum
                0x00000000ffff3528       0x46 drivers/block/blk-uclass.o
                0x00000000ffff3528                blk_find_max_devnum
 .text.blk_next_free_devnum
                0x00000000ffff356e       0x18 drivers/block/blk-uclass.o
                0x00000000ffff356e                blk_next_free_devnum
 *fill*         0x00000000ffff3586        0x2 
 .text.blk_create_devicef
                0x00000000ffff3588      0x114 drivers/block/blk-uclass.o
                0x00000000ffff3588                blk_create_devicef
 .text.l2x0_probe
                0x00000000ffff369c      0x104 drivers/cache/cache-l2x0.o
 .text.alloc_priv
                0x00000000ffff37a0       0x38 drivers/core/device.o
 .text.device_bind_common.constprop.0
                0x00000000ffff37d8      0x158 drivers/core/device.o
 .text.device_bind_with_driver_data
                0x00000000ffff3930       0x16 drivers/core/device.o
                0x00000000ffff3930                device_bind_with_driver_data
 .text.device_bind_by_name
                0x00000000ffff3946       0x44 drivers/core/device.o
                0x00000000ffff3946                device_bind_by_name
 .text.device_of_to_plat
                0x00000000ffff398a       0x9e drivers/core/device.o
                0x00000000ffff398a                device_of_to_plat
 .text.device_probe
                0x00000000ffff3a28       0x7e drivers/core/device.o
                0x00000000ffff3a28                device_probe
 .text.dev_get_plat
                0x00000000ffff3aa6        0x6 drivers/core/device.o
                0x00000000ffff3aa6                dev_get_plat
 .text.dev_get_parent_plat
                0x00000000ffff3aac        0x6 drivers/core/device.o
                0x00000000ffff3aac                dev_get_parent_plat
 .text.dev_get_uclass_plat
                0x00000000ffff3ab2        0x6 drivers/core/device.o
                0x00000000ffff3ab2                dev_get_uclass_plat
 .text.dev_get_priv
                0x00000000ffff3ab8        0x6 drivers/core/device.o
                0x00000000ffff3ab8                dev_get_priv
 .text.dev_get_uclass_priv
                0x00000000ffff3abe        0x6 drivers/core/device.o
                0x00000000ffff3abe                dev_get_uclass_priv
 .text.dev_get_parent_priv
                0x00000000ffff3ac4        0x6 drivers/core/device.o
                0x00000000ffff3ac4                dev_get_parent_priv
 .text.device_find_first_child
                0x00000000ffff3aca       0x12 drivers/core/device.o
                0x00000000ffff3aca                device_find_first_child
 .text.device_find_next_child
                0x00000000ffff3adc       0x16 drivers/core/device.o
                0x00000000ffff3adc                device_find_next_child
 .text.device_find_first_child_by_uclass
                0x00000000ffff3af2       0x32 drivers/core/device.o
                0x00000000ffff3af2                device_find_first_child_by_uclass
 .text.dev_get_parent
                0x00000000ffff3b24        0x4 drivers/core/device.o
                0x00000000ffff3b24                dev_get_parent
 .text.dev_get_driver_data
                0x00000000ffff3b28        0x4 drivers/core/device.o
                0x00000000ffff3b28                dev_get_driver_data
 .text.device_get_uclass_id
                0x00000000ffff3b2c        0x8 drivers/core/device.o
                0x00000000ffff3b2c                device_get_uclass_id
 .text.device_set_name_alloced
                0x00000000ffff3b34        0xa drivers/core/device.o
                0x00000000ffff3b34                device_set_name_alloced
 .text.device_is_compatible
                0x00000000ffff3b3e       0x10 drivers/core/device.o
                0x00000000ffff3b3e                device_is_compatible
 *fill*         0x00000000ffff3b4e        0x2 
 .text.devfdt_get_addr_index_parent
                0x00000000ffff3b50       0x44 drivers/core/fdtaddr.o
                0x00000000ffff3b50                devfdt_get_addr_index_parent
 .text.devfdt_get_addr_index
                0x00000000ffff3b94       0x22 drivers/core/fdtaddr.o
                0x00000000ffff3b94                devfdt_get_addr_index
 *fill*         0x00000000ffff3bb6        0x2 
 .text.devfdt_get_addr_size_index
                0x00000000ffff3bb8       0x44 drivers/core/fdtaddr.o
                0x00000000ffff3bb8                devfdt_get_addr_size_index
 .text.devfdt_get_addr_size_index_ptr
                0x00000000ffff3bfc        0xe drivers/core/fdtaddr.o
                0x00000000ffff3bfc                devfdt_get_addr_size_index_ptr
 .text.devfdt_get_addr
                0x00000000ffff3c0a        0x6 drivers/core/fdtaddr.o
                0x00000000ffff3c0a                devfdt_get_addr
 .text.devfdt_remap_addr_index
                0x00000000ffff3c10        0xe drivers/core/fdtaddr.o
                0x00000000ffff3c10                devfdt_remap_addr_index
 .text.devfdt_get_addr_ptr
                0x00000000ffff3c1e        0x6 drivers/core/fdtaddr.o
                0x00000000ffff3c1e                devfdt_get_addr_ptr
 .text.devfdt_get_addr_index_ptr
                0x00000000ffff3c24        0x4 drivers/core/fdtaddr.o
                0x00000000ffff3c24                devfdt_get_addr_index_ptr
 .text.devfdt_remap_addr
                0x00000000ffff3c28        0x4 drivers/core/fdtaddr.o
                0x00000000ffff3c28                devfdt_remap_addr
 .text.lists_driver_lookup_name
                0x00000000ffff3c2c       0x2c drivers/core/lists.o
                0x00000000ffff3c2c                lists_driver_lookup_name
 .text.lists_uclass_lookup
                0x00000000ffff3c58       0x20 drivers/core/lists.o
                0x00000000ffff3c58                lists_uclass_lookup
 .text.lists_bind_drivers
                0x00000000ffff3c78       0x74 drivers/core/lists.o
                0x00000000ffff3c78                lists_bind_drivers
 .text.device_bind_driver_to_node
                0x00000000ffff3cec       0x2c drivers/core/lists.o
                0x00000000ffff3cec                device_bind_driver_to_node
 .text.device_bind_driver
                0x00000000ffff3d18       0x12 drivers/core/lists.o
                0x00000000ffff3d18                device_bind_driver
 *fill*         0x00000000ffff3d2a        0x2 
 .text.lists_bind_fdt
                0x00000000ffff3d2c       0xf8 drivers/core/lists.o
                0x00000000ffff3d2c                lists_bind_fdt
 .text.dm_scan_fdt_node
                0x00000000ffff3e24       0x5e drivers/core/root.o
 .text.dm_probe_devices
                0x00000000ffff3e82       0x4e drivers/core/root.o
 .text.dm_fixup_for_gd_move
                0x00000000ffff3ed0       0x14 drivers/core/root.o
                0x00000000ffff3ed0                dm_fixup_for_gd_move
 .text.dm_init  0x00000000ffff3ee4       0x50 drivers/core/root.o
                0x00000000ffff3ee4                dm_init
 .text.dm_scan_plat
                0x00000000ffff3f34       0x14 drivers/core/root.o
                0x00000000ffff3f34                dm_scan_plat
 .text.dm_scan_fdt_dev
                0x00000000ffff3f48       0x10 drivers/core/root.o
                0x00000000ffff3f48                dm_scan_fdt_dev
 .text.dm_scan_fdt
                0x00000000ffff3f58        0xc drivers/core/root.o
                0x00000000ffff3f58                dm_scan_fdt
 .text.dm_extended_scan
                0x00000000ffff3f64       0x3c drivers/core/root.o
                0x00000000ffff3f64                dm_extended_scan
 .text.dm_scan_other
                0x00000000ffff3fa0        0x4 drivers/core/root.o
                0x00000000ffff3fa0                dm_scan_other
 .text.dm_autoprobe
                0x00000000ffff3fa4       0x12 drivers/core/root.o
                0x00000000ffff3fa4                dm_autoprobe
 .text.dm_init_and_scan
                0x00000000ffff3fb6       0x28 drivers/core/root.o
                0x00000000ffff3fb6                dm_init_and_scan
 .text.uclass_find
                0x00000000ffff3fde       0x34 drivers/core/uclass.o
                0x00000000ffff3fde                uclass_find
 .text.uclass_get
                0x00000000ffff4012       0xa0 drivers/core/uclass.o
                0x00000000ffff4012                uclass_get
 .text.uclass_find_device
                0x00000000ffff40b2       0x42 drivers/core/uclass.o
                0x00000000ffff40b2                uclass_find_device
 .text.uclass_find_first_device
                0x00000000ffff40f4       0x22 drivers/core/uclass.o
                0x00000000ffff40f4                uclass_find_first_device
 .text.uclass_find_next_device
                0x00000000ffff4116       0x18 drivers/core/uclass.o
                0x00000000ffff4116                uclass_find_next_device
 .text._uclass_next_device
                0x00000000ffff412e       0x20 drivers/core/uclass.o
 .text.uclass_find_next_free_seq
                0x00000000ffff414e       0x28 drivers/core/uclass.o
                0x00000000ffff414e                uclass_find_next_free_seq
 .text.uclass_find_device_by_seq
                0x00000000ffff4176       0x42 drivers/core/uclass.o
                0x00000000ffff4176                uclass_find_device_by_seq
 .text.uclass_find_device_by_of_offset
                0x00000000ffff41b8       0x40 drivers/core/uclass.o
                0x00000000ffff41b8                uclass_find_device_by_of_offset
 .text.uclass_find_device_by_ofnode
                0x00000000ffff41f8       0x40 drivers/core/uclass.o
                0x00000000ffff41f8                uclass_find_device_by_ofnode
 .text.uclass_get_device_tail
                0x00000000ffff4238       0x16 drivers/core/uclass.o
                0x00000000ffff4238                uclass_get_device_tail
 .text.uclass_get_device
                0x00000000ffff424e       0x1c drivers/core/uclass.o
                0x00000000ffff424e                uclass_get_device
 .text.uclass_get_device_by_seq
                0x00000000ffff426a       0x1c drivers/core/uclass.o
                0x00000000ffff426a                uclass_get_device_by_seq
 .text.uclass_get_device_by_of_offset
                0x00000000ffff4286       0x1c drivers/core/uclass.o
                0x00000000ffff4286                uclass_get_device_by_of_offset
 .text.uclass_get_device_by_ofnode
                0x00000000ffff42a2       0x1c drivers/core/uclass.o
                0x00000000ffff42a2                uclass_get_device_by_ofnode
 .text.uclass_first_device
                0x00000000ffff42be       0x16 drivers/core/uclass.o
                0x00000000ffff42be                uclass_first_device
 .text.uclass_next_device
                0x00000000ffff42d4       0x1a drivers/core/uclass.o
                0x00000000ffff42d4                uclass_next_device
 .text.uclass_first_device_check
                0x00000000ffff42ee       0x1e drivers/core/uclass.o
                0x00000000ffff42ee                uclass_first_device_check
 .text.uclass_first_device_err
                0x00000000ffff430c       0x16 drivers/core/uclass.o
                0x00000000ffff430c                uclass_first_device_err
 .text.uclass_bind_device
                0x00000000ffff4322       0x3a drivers/core/uclass.o
                0x00000000ffff4322                uclass_bind_device
 .text.uclass_pre_probe_device
                0x00000000ffff435c       0x2e drivers/core/uclass.o
                0x00000000ffff435c                uclass_pre_probe_device
 .text.uclass_post_probe_device
                0x00000000ffff438a       0x2e drivers/core/uclass.o
                0x00000000ffff438a                uclass_post_probe_device
 .text.simple_bus_post_bind
                0x00000000ffff43b8       0x38 drivers/core/simple-bus.o
 .text.simple_bus_translate
                0x00000000ffff43f0       0x20 drivers/core/simple-bus.o
                0x00000000ffff43f0                simple_bus_translate
 .text.ofnode_read_u32_index
                0x00000000ffff4410       0x42 drivers/core/ofnode.o
                0x00000000ffff4410                ofnode_read_u32_index
 .text.ofnode_read_u32
                0x00000000ffff4452        0x8 drivers/core/ofnode.o
                0x00000000ffff4452                ofnode_read_u32
 .text.ofnode_read_u32_default
                0x00000000ffff445a       0x14 drivers/core/ofnode.o
                0x00000000ffff445a                ofnode_read_u32_default
 .text.ofnode_read_s32_default
                0x00000000ffff446e       0x12 drivers/core/ofnode.o
                0x00000000ffff446e                ofnode_read_s32_default
 .text.ofnode_read_prop
                0x00000000ffff4480       0x2a drivers/core/ofnode.o
                0x00000000ffff4480                ofnode_read_prop
 .text.ofnode_read_u32_array
                0x00000000ffff44aa       0x18 drivers/core/ofnode.o
                0x00000000ffff44aa                ofnode_read_u32_array
 .text.ofnode_get_name
                0x00000000ffff44c2       0x12 drivers/core/ofnode.o
                0x00000000ffff44c2                ofnode_get_name
 .text.ofnode_parse_phandle_with_args
                0x00000000ffff44d4       0x3e drivers/core/ofnode.o
                0x00000000ffff44d4                ofnode_parse_phandle_with_args
 .text.ofnode_count_phandle_with_args
                0x00000000ffff4512       0x24 drivers/core/ofnode.o
                0x00000000ffff4512                ofnode_count_phandle_with_args
 .text.ofnode_path
                0x00000000ffff4536       0x12 drivers/core/ofnode.o
                0x00000000ffff4536                ofnode_path
 .text.ofnode_get_property
                0x00000000ffff4548       0x14 drivers/core/ofnode.o
                0x00000000ffff4548                ofnode_get_property
 .text.ofnode_has_property
                0x00000000ffff455c       0x10 drivers/core/ofnode.o
                0x00000000ffff455c                ofnode_has_property
 .text.ofnode_read_bool
                0x00000000ffff456c        0x4 drivers/core/ofnode.o
                0x00000000ffff456c                ofnode_read_bool
 .text.ofnode_pre_reloc
                0x00000000ffff4570        0x4 drivers/core/ofnode.o
                0x00000000ffff4570                ofnode_pre_reloc
 .text.ofnode_read_resource
                0x00000000ffff4574       0x40 drivers/core/ofnode.o
                0x00000000ffff4574                ofnode_read_resource
 .text.ofnode_device_is_compatible
                0x00000000ffff45b4       0x18 drivers/core/ofnode.o
                0x00000000ffff45b4                ofnode_device_is_compatible
 .text.ofnode_by_prop_value
                0x00000000ffff45cc       0x18 drivers/core/ofnode.o
                0x00000000ffff45cc                ofnode_by_prop_value
 .text.ofnode_conf_read_int
                0x00000000ffff45e4       0x24 drivers/core/ofnode.o
                0x00000000ffff45e4                ofnode_conf_read_int
 .text.sysreset_request
                0x00000000ffff4608       0x10 drivers/sysreset/sysreset-uclass.o
                0x00000000ffff4608                sysreset_request
 .text.sysreset_walk
                0x00000000ffff4618       0x3e drivers/sysreset/sysreset-uclass.o
                0x00000000ffff4618                sysreset_walk
 *fill*         0x00000000ffff4656        0x2 
 .text.sysreset_walk_halt
                0x00000000ffff4658       0x24 drivers/sysreset/sysreset-uclass.o
                0x00000000ffff4658                sysreset_walk_halt
 .text.do_reset
                0x00000000ffff467c       0x3c drivers/sysreset/sysreset-uclass.o
                0x00000000ffff467c                do_reset
 .text.socfpga_sysreset_request
                0x00000000ffff46b8       0x2e drivers/sysreset/sysreset_socfpga.o
 .text.socfpga_sysreset_probe
                0x00000000ffff46e6       0x1a drivers/sysreset/sysreset_socfpga.o
 .text.mmc_send_cmd_retry
                0x00000000ffff4700       0x1c drivers/mmc/mmc.o
 .text.mmc_send_op_cond_iter
                0x00000000ffff471c       0x44 drivers/mmc/mmc.o
 .text.mmc_go_idle
                0x00000000ffff4760       0x30 drivers/mmc/mmc.o
 .text.mmc_set_capacity
                0x00000000ffff4790       0x62 drivers/mmc/mmc.o
 .text.mmc_send_status
                0x00000000ffff47f2       0x2c drivers/mmc/mmc.o
                0x00000000ffff47f2                mmc_send_status
 .text.__mmc_switch.constprop.0
                0x00000000ffff481e       0xb6 drivers/mmc/mmc.o
 .text.mmc_set_blocklen
                0x00000000ffff48d4       0x3a drivers/mmc/mmc.o
                0x00000000ffff48d4                mmc_set_blocklen
 .text.mmc_send_stop_transmission
                0x00000000ffff490e       0x2e drivers/mmc/mmc.o
                0x00000000ffff490e                mmc_send_stop_transmission
 .text.mmc_bread
                0x00000000ffff493c       0xe4 drivers/mmc/mmc.o
                0x00000000ffff493c                mmc_bread
 .text.mmc_send_ext_csd
                0x00000000ffff4a20       0x2c drivers/mmc/mmc.o
                0x00000000ffff4a20                mmc_send_ext_csd
 .text.mmc_read_and_compare_ext_csd
                0x00000000ffff4a4c       0x78 drivers/mmc/mmc.o
 .text.mmc_set_card_speed.constprop.0
                0x00000000ffff4ac4       0x68 drivers/mmc/mmc.o
 .text.mmc_switch
                0x00000000ffff4b2c        0x4 drivers/mmc/mmc.o
                0x00000000ffff4b2c                mmc_switch
 .text.mmc_startup_v4
                0x00000000ffff4b30      0x1ec drivers/mmc/mmc.o
 .text.mmc_switch_part
                0x00000000ffff4d1c       0x56 drivers/mmc/mmc.o
                0x00000000ffff4d1c                mmc_switch_part
 .text.mmc_set_clock
                0x00000000ffff4d72       0x20 drivers/mmc/mmc.o
                0x00000000ffff4d72                mmc_set_clock
 *fill*         0x00000000ffff4d92        0x2 
 .text.mmc_get_op_cond
                0x00000000ffff4d94      0x1bc drivers/mmc/mmc.o
                0x00000000ffff4d94                mmc_get_op_cond
 .text.mmc_start_init
                0x00000000ffff4f50       0x44 drivers/mmc/mmc.o
                0x00000000ffff4f50                mmc_start_init
 .text.mmc_init
                0x00000000ffff4f94      0x7e8 drivers/mmc/mmc.o
                0x00000000ffff4f94                mmc_init
 .text.mmc_deinit
                0x00000000ffff577c        0x4 drivers/mmc/mmc.o
                0x00000000ffff577c                mmc_deinit
 .text.mmc_init_device
                0x00000000ffff5780       0x42 drivers/mmc/mmc.o
                0x00000000ffff5780                mmc_init_device
 .text.mmc_blk_probe
                0x00000000ffff57c2       0x14 drivers/mmc/mmc-uclass.o
 .text.mmc_remove
                0x00000000ffff57d6       0x10 drivers/mmc/mmc-uclass.o
 .text.mmc_set_ios
                0x00000000ffff57e6       0x14 drivers/mmc/mmc-uclass.o
                0x00000000ffff57e6                mmc_set_ios
 .text.mmc_wait_dat0
                0x00000000ffff57fa       0x14 drivers/mmc/mmc-uclass.o
                0x00000000ffff57fa                mmc_wait_dat0
 .text.dm_mmc_send_init_stream
                0x00000000ffff580e        0xc drivers/mmc/mmc-uclass.o
                0x00000000ffff580e                dm_mmc_send_init_stream
 .text.mmc_send_init_stream
                0x00000000ffff581a        0x8 drivers/mmc/mmc-uclass.o
                0x00000000ffff581a                mmc_send_init_stream
 .text.mmc_getcd
                0x00000000ffff5822       0x14 drivers/mmc/mmc-uclass.o
                0x00000000ffff5822                mmc_getcd
 .text.mmc_host_power_cycle
                0x00000000ffff5836       0x12 drivers/mmc/mmc-uclass.o
                0x00000000ffff5836                mmc_host_power_cycle
 .text.mmc_deferred_probe
                0x00000000ffff5848       0x12 drivers/mmc/mmc-uclass.o
                0x00000000ffff5848                mmc_deferred_probe
 .text.mmc_reinit
                0x00000000ffff585a       0x12 drivers/mmc/mmc-uclass.o
                0x00000000ffff585a                mmc_reinit
 .text.mmc_get_mmc_dev
                0x00000000ffff586c       0x16 drivers/mmc/mmc-uclass.o
                0x00000000ffff586c                mmc_get_mmc_dev
 .text.mmc_get_b_max
                0x00000000ffff5882       0x2e drivers/mmc/mmc-uclass.o
                0x00000000ffff5882                mmc_get_b_max
 .text.mmc_send_cmd
                0x00000000ffff58b0       0x2a drivers/mmc/mmc-uclass.o
                0x00000000ffff58b0                mmc_send_cmd
 .text.mmc_select_hwpart
                0x00000000ffff58da       0x3a drivers/mmc/mmc-uclass.o
 .text.find_mmc_device
                0x00000000ffff5914       0x30 drivers/mmc/mmc-uclass.o
                0x00000000ffff5914                find_mmc_device
 .text.mmc_get_blk_desc
                0x00000000ffff5944       0x1c drivers/mmc/mmc-uclass.o
                0x00000000ffff5944                mmc_get_blk_desc
 .text.mmc_bind
                0x00000000ffff5960       0x68 drivers/mmc/mmc-uclass.o
                0x00000000ffff5960                mmc_bind
 .text.dwmci_wait_reset
                0x00000000ffff59c8       0x24 drivers/mmc/dw_mmc.o
 .text.dwmci_fifo_ready
                0x00000000ffff59ec       0x3c drivers/mmc/dw_mmc.o
 .text.dwmci_send_cmd_common
                0x00000000ffff5a28      0x45c drivers/mmc/dw_mmc.o
 .text.dwmci_send_cmd
                0x00000000ffff5e84       0x3e drivers/mmc/dw_mmc.o
 *fill*         0x00000000ffff5ec2        0x2 
 .text.dwmci_setup_bus.isra.0
                0x00000000ffff5ec4       0x9c drivers/mmc/dw_mmc.o
 .text.dwmci_set_ios
                0x00000000ffff5f60       0x5e drivers/mmc/dw_mmc.o
 *fill*         0x00000000ffff5fbe        0x2 
 .text.dwmci_probe
                0x00000000ffff5fc0       0xdc drivers/mmc/dw_mmc.o
                0x00000000ffff5fc0                dwmci_probe
 .text.dwmci_setup_cfg
                0x00000000ffff609c       0x3c drivers/mmc/dw_mmc.o
                0x00000000ffff609c                dwmci_setup_cfg
 .text.dwmci_bind
                0x00000000ffff60d8        0x4 drivers/mmc/dw_mmc.o
                0x00000000ffff60d8                dwmci_bind
 .text.socfpga_dwmci_clksel
                0x00000000ffff60dc       0x4c drivers/mmc/socfpga_dw_mmc.o
 .text.socfpga_dwmmc_of_to_plat
                0x00000000ffff6128       0x9c drivers/mmc/socfpga_dw_mmc.o
 .text.socfpga_dwmmc_probe
                0x00000000ffff61c4       0x80 drivers/mmc/socfpga_dw_mmc.o
 .text.socfpga_dwmmc_bind
                0x00000000ffff6244       0x18 drivers/mmc/socfpga_dw_mmc.o
 .text.spi_flash_post_bind
                0x00000000ffff625c        0x4 drivers/mtd/spi/sf-uclass.o
 .text.spi_flash_read_dm
                0x00000000ffff6260        0xe drivers/mtd/spi/sf-uclass.o
                0x00000000ffff6260                spi_flash_read_dm
 *fill*         0x00000000ffff626e        0x2 
 .text.spi_flash_probe
                0x00000000ffff6270       0x34 drivers/mtd/spi/sf-uclass.o
                0x00000000ffff6270                spi_flash_probe
 .text.spi_flash_std_write
                0x00000000ffff62a4       0x22 drivers/mtd/spi/sf_probe.o
 .text.spi_flash_std_read
                0x00000000ffff62c6       0x22 drivers/mtd/spi/sf_probe.o
 .text.spi_flash_std_remove
                0x00000000ffff62e8        0xa drivers/mtd/spi/sf_probe.o
 *fill*         0x00000000ffff62f2        0x2 
 .text.spi_flash_std_probe
                0x00000000ffff62f4       0x48 drivers/mtd/spi/sf_probe.o
                0x00000000ffff62f4                spi_flash_std_probe
 .text.spi_flash_std_get_sw_write_prot
                0x00000000ffff633c        0xe drivers/mtd/spi/sf_probe.o
 .text.spi_flash_std_erase
                0x00000000ffff634a       0x4a drivers/mtd/spi/sf_probe.o
 .text.spi_nor_erase_tiny
                0x00000000ffff6394        0x8 drivers/mtd/spi/spi-nor-tiny.o
 .text.spi_nor_write_tiny
                0x00000000ffff639c        0x8 drivers/mtd/spi/spi-nor-tiny.o
 .text.spi_nor_read_tiny
                0x00000000ffff63a4       0xc2 drivers/mtd/spi/spi-nor-tiny.o
 .text.spi_nor_write_reg.isra.0
                0x00000000ffff6466       0x3e drivers/mtd/spi/spi-nor-tiny.o
 .text.spi_nor_scan
                0x00000000ffff64a4      0x290 drivers/mtd/spi/spi-nor-tiny.o
                0x00000000ffff64a4                spi_nor_scan
 .text.spi_flash_cmd_get_sw_write_prot
                0x00000000ffff6734        0x8 drivers/mtd/spi/spi-nor-tiny.o
                0x00000000ffff6734                spi_flash_cmd_get_sw_write_prot
 .text._serial_putc
                0x00000000ffff673c       0x22 drivers/serial/serial-uclass.o
 .text.serial_post_probe
                0x00000000ffff675e       0x12 drivers/serial/serial-uclass.o
 .text.serial_pre_remove
                0x00000000ffff6770        0x4 drivers/serial/serial-uclass.o
 .text.serial_putc
                0x00000000ffff6774       0x12 drivers/serial/serial-uclass.o
                0x00000000ffff6774                serial_putc
 .text.serial_puts
                0x00000000ffff6786       0x1e drivers/serial/serial-uclass.o
                0x00000000ffff6786                serial_puts
 .text.serial_flush
                0x00000000ffff67a4       0x22 drivers/serial/serial-uclass.o
                0x00000000ffff67a4                serial_flush
 .text.serial_setbrg
                0x00000000ffff67c6       0x1e drivers/serial/serial-uclass.o
                0x00000000ffff67c6                serial_setbrg
 .text.serial_init
                0x00000000ffff67e4       0xd0 drivers/serial/serial-uclass.o
                0x00000000ffff67e4                serial_init
 .text.ns16550_serial_getinfo
                0x00000000ffff68b4        0xc drivers/serial/ns16550.o
                0x00000000ffff68b4                ns16550_serial_getinfo
 .text.ns16550_serial_of_to_plat
                0x00000000ffff68c0       0x7c drivers/serial/ns16550.o
                0x00000000ffff68c0                ns16550_serial_of_to_plat
 .text.ns16550_readb.isra.0
                0x00000000ffff693c       0x14 drivers/serial/ns16550.o
 .text.ns16550_serial_getc
                0x00000000ffff6950       0x26 drivers/serial/ns16550.o
                0x00000000ffff6950                ns16550_serial_getc
 .text.ns16550_serial_pending
                0x00000000ffff6976       0x28 drivers/serial/ns16550.o
                0x00000000ffff6976                ns16550_serial_pending
 .text.ns16550_writeb
                0x00000000ffff699e       0x18 drivers/serial/ns16550.o
                0x00000000ffff699e                ns16550_writeb
 .text.ns16550_serial_putc
                0x00000000ffff69b6       0x2a drivers/serial/ns16550.o
                0x00000000ffff69b6                ns16550_serial_putc
 .text.ns16550_serial_setconfig
                0x00000000ffff69e0       0x38 drivers/serial/ns16550.o
                0x00000000ffff69e0                ns16550_serial_setconfig
 .text.ns16550_setbrg
                0x00000000ffff6a18       0x42 drivers/serial/ns16550.o
                0x00000000ffff6a18                ns16550_setbrg
 .text.ns16550_serial_setbrg
                0x00000000ffff6a5a       0x24 drivers/serial/ns16550.o
                0x00000000ffff6a5a                ns16550_serial_setbrg
 .text.ns16550_init
                0x00000000ffff6a7e       0x4e drivers/serial/ns16550.o
                0x00000000ffff6a7e                ns16550_init
 .text.ns16550_serial_probe
                0x00000000ffff6acc       0x38 drivers/serial/ns16550.o
                0x00000000ffff6acc                ns16550_serial_probe
 .text.spi_set_speed_mode
                0x00000000ffff6b04       0x74 drivers/spi/spi-uclass.o
 .text.spi_child_pre_probe
                0x00000000ffff6b78       0x22 drivers/spi/spi-uclass.o
 *fill*         0x00000000ffff6b9a        0x2 
 .text.spi_post_probe
                0x00000000ffff6b9c       0x20 drivers/spi/spi-uclass.o
 .text.dm_spi_claim_bus
                0x00000000ffff6bbc       0x70 drivers/spi/spi-uclass.o
                0x00000000ffff6bbc                dm_spi_claim_bus
 .text.dm_spi_release_bus
                0x00000000ffff6c2c        0xe drivers/spi/spi-uclass.o
                0x00000000ffff6c2c                dm_spi_release_bus
 .text.dm_spi_xfer
                0x00000000ffff6c3a       0x2a drivers/spi/spi-uclass.o
                0x00000000ffff6c3a                dm_spi_xfer
 .text.spi_claim_bus
                0x00000000ffff6c64        0x6 drivers/spi/spi-uclass.o
                0x00000000ffff6c64                spi_claim_bus
 .text.spi_release_bus
                0x00000000ffff6c6a        0x6 drivers/spi/spi-uclass.o
                0x00000000ffff6c6a                spi_release_bus
 .text.spi_xfer
                0x00000000ffff6c70        0x6 drivers/spi/spi-uclass.o
                0x00000000ffff6c70                spi_xfer
 .text.spi_chip_select
                0x00000000ffff6c76       0x12 drivers/spi/spi-uclass.o
                0x00000000ffff6c76                spi_chip_select
 .text.spi_find_chip_select
                0x00000000ffff6c88       0x74 drivers/spi/spi-uclass.o
                0x00000000ffff6c88                spi_find_chip_select
 .text._spi_get_bus_and_cs
                0x00000000ffff6cfc      0x13c drivers/spi/spi-uclass.o
                0x00000000ffff6cfc                _spi_get_bus_and_cs
 .text.spi_slave_of_to_plat
                0x00000000ffff6e38       0xe4 drivers/spi/spi-uclass.o
                0x00000000ffff6e38                spi_slave_of_to_plat
 .text.spi_child_post_bind
                0x00000000ffff6f1c       0x1e drivers/spi/spi-uclass.o
 .text.cadence_spi_set_mode
                0x00000000ffff6f3a       0x2e drivers/spi/cadence_qspi.o
 .text.cadence_spi_mem_supports_op
                0x00000000ffff6f68       0x52 drivers/spi/cadence_qspi.o
 .text.cadence_spi_remove
                0x00000000ffff6fba       0x18 drivers/spi/cadence_qspi.o
 .text.cadence_spi_read_id.constprop.0
                0x00000000ffff6fd2       0x44 drivers/spi/cadence_qspi.o
 .text.cadence_spi_write_speed.isra.0
                0x00000000ffff7016       0x32 drivers/spi/cadence_qspi.o
 .text.cadence_spi_set_speed
                0x00000000ffff7048      0x140 drivers/spi/cadence_qspi.o
 .text.cadence_qspi_apb_dma_read
                0x00000000ffff7188        0x4 drivers/spi/cadence_qspi.o
                0x00000000ffff7188                cadence_qspi_apb_dma_read
 .text.cadence_spi_mem_exec_op
                0x00000000ffff718c       0xbe drivers/spi/cadence_qspi.o
 .text.cadence_device_reset
                0x00000000ffff724a        0x4 drivers/spi/cadence_qspi.o
                0x00000000ffff724a                cadence_device_reset
 .text.cadence_qspi_flash_reset
                0x00000000ffff724e        0x4 drivers/spi/cadence_qspi.o
                0x00000000ffff724e                cadence_qspi_flash_reset
 *fill*         0x00000000ffff7252        0x2 
 .text.cadence_spi_probe
                0x00000000ffff7254       0xb8 drivers/spi/cadence_qspi.o
 .text.cadence_qspi_get_subnode
                0x00000000ffff730c       0x14 drivers/spi/cadence_qspi.o
                0x00000000ffff730c                cadence_qspi_get_subnode
 .text.cadence_spi_of_to_plat
                0x00000000ffff7320      0x134 drivers/spi/cadence_qspi.o
 .text.cadence_qspi_calc_dummy
                0x00000000ffff7454       0x22 drivers/spi/cadence_qspi_apb.o
 .text.cadence_qspi_enable_dtr
                0x00000000ffff7476       0x52 drivers/spi/cadence_qspi_apb.o
 .text.cadence_qspi_wait_idle
                0x00000000ffff74c8       0x48 drivers/spi/cadence_qspi_apb.o
 .text.cadence_qspi_calc_rdreg.isra.0
                0x00000000ffff7510        0xc drivers/spi/cadence_qspi_apb.o
 .text.cadence_qspi_set_protocol
                0x00000000ffff751c       0x70 drivers/spi/cadence_qspi_apb.o
 .text.cadence_qspi_apb_enable_linear_mode
                0x00000000ffff758c        0x2 drivers/spi/cadence_qspi_apb.o
                0x00000000ffff758c                cadence_qspi_apb_enable_linear_mode
 .text.cadence_qspi_apb_controller_enable
                0x00000000ffff758e       0x12 drivers/spi/cadence_qspi_apb.o
                0x00000000ffff758e                cadence_qspi_apb_controller_enable
 .text.cadence_qspi_apb_controller_disable
                0x00000000ffff75a0       0x12 drivers/spi/cadence_qspi_apb.o
                0x00000000ffff75a0                cadence_qspi_apb_controller_disable
 .text.cadence_qspi_apb_dac_mode_enable
                0x00000000ffff75b2       0x12 drivers/spi/cadence_qspi_apb.o
                0x00000000ffff75b2                cadence_qspi_apb_dac_mode_enable
 .text.cadence_qspi_apb_readdata_capture
                0x00000000ffff75c4       0x36 drivers/spi/cadence_qspi_apb.o
                0x00000000ffff75c4                cadence_qspi_apb_readdata_capture
 .text.cadence_qspi_apb_config_baudrate_div
                0x00000000ffff75fa       0x3a drivers/spi/cadence_qspi_apb.o
                0x00000000ffff75fa                cadence_qspi_apb_config_baudrate_div
 .text.cadence_qspi_apb_set_clk_mode
                0x00000000ffff7634       0x32 drivers/spi/cadence_qspi_apb.o
                0x00000000ffff7634                cadence_qspi_apb_set_clk_mode
 .text.cadence_qspi_apb_chipselect
                0x00000000ffff7666       0x42 drivers/spi/cadence_qspi_apb.o
                0x00000000ffff7666                cadence_qspi_apb_chipselect
 .text.cadence_qspi_apb_delay
                0x00000000ffff76a8       0x98 drivers/spi/cadence_qspi_apb.o
                0x00000000ffff76a8                cadence_qspi_apb_delay
 .text.cadence_qspi_apb_controller_init
                0x00000000ffff7740       0x58 drivers/spi/cadence_qspi_apb.o
                0x00000000ffff7740                cadence_qspi_apb_controller_init
 .text.cadence_qspi_apb_exec_flash_cmd
                0x00000000ffff7798       0x5c drivers/spi/cadence_qspi_apb.o
                0x00000000ffff7798                cadence_qspi_apb_exec_flash_cmd
 .text.cadence_qspi_apb_command_read_setup
                0x00000000ffff77f4       0x3c drivers/spi/cadence_qspi_apb.o
                0x00000000ffff77f4                cadence_qspi_apb_command_read_setup
 .text.cadence_qspi_apb_command_read
                0x00000000ffff7830       0xd0 drivers/spi/cadence_qspi_apb.o
                0x00000000ffff7830                cadence_qspi_apb_command_read
 .text.cadence_qspi_apb_command_write_setup
                0x00000000ffff7900        0x4 drivers/spi/cadence_qspi_apb.o
                0x00000000ffff7900                cadence_qspi_apb_command_write_setup
 .text.cadence_qspi_apb_command_write
                0x00000000ffff7904       0xb0 drivers/spi/cadence_qspi_apb.o
                0x00000000ffff7904                cadence_qspi_apb_command_write
 .text.cadence_qspi_apb_read_setup
                0x00000000ffff79b4       0xa8 drivers/spi/cadence_qspi_apb.o
                0x00000000ffff79b4                cadence_qspi_apb_read_setup
 .text.cadence_qspi_apb_read_execute
                0x00000000ffff7a5c      0x158 drivers/spi/cadence_qspi_apb.o
                0x00000000ffff7a5c                cadence_qspi_apb_read_execute
 .text.cadence_qspi_apb_write_setup
                0x00000000ffff7bb4       0xb0 drivers/spi/cadence_qspi_apb.o
                0x00000000ffff7bb4                cadence_qspi_apb_write_setup
 .text.cadence_qspi_apb_write_execute
                0x00000000ffff7c64      0x1a4 drivers/spi/cadence_qspi_apb.o
                0x00000000ffff7c64                cadence_qspi_apb_write_execute
 .text.spi_check_buswidth_req.isra.0
                0x00000000ffff7e08       0x50 drivers/spi/spi-mem.o
 .text.spi_mem_check_buswidth
                0x00000000ffff7e58       0x52 drivers/spi/spi-mem.o
 .text.spi_mem_dtr_supports_op
                0x00000000ffff7eaa       0x50 drivers/spi/spi-mem.o
                0x00000000ffff7eaa                spi_mem_dtr_supports_op
 .text.spi_mem_default_supports_op
                0x00000000ffff7efa       0x26 drivers/spi/spi-mem.o
                0x00000000ffff7efa                spi_mem_default_supports_op
 .text.spi_mem_supports_op
                0x00000000ffff7f20       0x26 drivers/spi/spi-mem.o
                0x00000000ffff7f20                spi_mem_supports_op
 *fill*         0x00000000ffff7f46        0x2 
 .text.spi_mem_exec_op
                0x00000000ffff7f48      0x134 drivers/spi/spi-mem.o
                0x00000000ffff7f48                spi_mem_exec_op
 .text.spi_mem_adjust_op_size
                0x00000000ffff807c       0x60 drivers/spi/spi-mem.o
                0x00000000ffff807c                spi_mem_adjust_op_size
 .text.dw_spi_apb_init
                0x00000000ffff80dc       0x34 drivers/spi/designware_spi.o
 .text.dw_spi_apb_k210_init
                0x00000000ffff8110        0x8 drivers/spi/designware_spi.o
 .text.dw_spi_dwc_init
                0x00000000ffff8118       0x10 drivers/spi/designware_spi.o
 .text.dw_writer
                0x00000000ffff8128       0x74 drivers/spi/designware_spi.o
 .text.dw_reader
                0x00000000ffff819c       0x46 drivers/spi/designware_spi.o
 .text.dw_spi_adjust_op_size
                0x00000000ffff81e2       0x12 drivers/spi/designware_spi.o
 .text.dw_spi_set_mode
                0x00000000ffff81f4        0xe drivers/spi/designware_spi.o
 .text.dw_spi_set_speed
                0x00000000ffff8202       0x42 drivers/spi/designware_spi.o
 .text.dw_spi_of_to_plat
                0x00000000ffff8244       0x3c drivers/spi/designware_spi.o
 .text.dw_spi_remove
                0x00000000ffff8280       0x12 drivers/spi/designware_spi.o
 .text.dw_spi_dwc_update_cr0
                0x00000000ffff8292       0x2a drivers/spi/designware_spi.o
 .text.dw_spi_dw32_update_cr0
                0x00000000ffff82bc       0x2c drivers/spi/designware_spi.o
 .text.dw_spi_dw16_update_cr0
                0x00000000ffff82e8       0x2a drivers/spi/designware_spi.o
 *fill*         0x00000000ffff8312        0x2 
 .text.dw_spi_probe
                0x00000000ffff8314      0x124 drivers/spi/designware_spi.o
 .text.external_cs_manage
                0x00000000ffff8438        0x2 drivers/spi/designware_spi.o
                0x00000000ffff8438                external_cs_manage
 *fill*         0x00000000ffff843a        0x2 
 .text.dw_spi_exec_op
                0x00000000ffff843c      0x1d8 drivers/spi/designware_spi.o
 .text.dw_spi_xfer
                0x00000000ffff8614      0x110 drivers/spi/designware_spi.o
 .text.sdram_init_ecc_bits
                0x00000000ffff8724       0x98 drivers/ddr/altera/sdram_soc32.o
                0x00000000ffff8724                sdram_init_ecc_bits
 .text.sdram_set_rule
                0x00000000ffff87bc       0x66 drivers/ddr/altera/sdram_gen5.o
 .text.sdram_calculate_size
                0x00000000ffff8822       0x5c drivers/ddr/altera/sdram_gen5.o
 .text.altera_gen5_sdram_get_info
                0x00000000ffff887e       0x14 drivers/ddr/altera/sdram_gen5.o
 .text.altera_gen5_sdram_of_to_plat
                0x00000000ffff8892       0x20 drivers/ddr/altera/sdram_gen5.o
 *fill*         0x00000000ffff88b2        0x2 
 .text.sdram_mmr_init_full
                0x00000000ffff88b4      0x334 drivers/ddr/altera/sdram_gen5.o
                0x00000000ffff88b4                sdram_mmr_init_full
 .text.altera_gen5_sdram_probe
                0x00000000ffff8be8      0x118 drivers/ddr/altera/sdram_gen5.o
 .text.reg_file_set_group
                0x00000000ffff8d00       0x18 drivers/ddr/altera/sequencer.o
 .text.reg_file_set_stage
                0x00000000ffff8d18       0x18 drivers/ddr/altera/sequencer.o
 .text.reg_file_set_sub_stage
                0x00000000ffff8d30       0x18 drivers/ddr/altera/sequencer.o
 .text.scc_mgr_set
                0x00000000ffff8d48       0x14 drivers/ddr/altera/sequencer.o
 .text.scc_mgr_set_all_ranks
                0x00000000ffff8d5c       0x48 drivers/ddr/altera/sequencer.o
 .text.scc_mgr_set_dqs_en_phase_all_ranks
                0x00000000ffff8da4       0x18 drivers/ddr/altera/sequencer.o
 .text.scc_mgr_set_dqs_en_delay_all_ranks
                0x00000000ffff8dbc       0x18 drivers/ddr/altera/sequencer.o
 .text.set_jump_as_return
                0x00000000ffff8dd4       0x20 drivers/ddr/altera/sequencer.o
 .text.delay_for_n_mem_clocks
                0x00000000ffff8df4       0xa8 drivers/ddr/altera/sequencer.o
 .text.delay_for_n_ns
                0x00000000ffff8e9c       0x1c drivers/ddr/altera/sequencer.o
 .text.rw_mgr_mem_init_load_regs
                0x00000000ffff8eb8       0x50 drivers/ddr/altera/sequencer.o
 .text.rw_mgr_incr_vfifo
                0x00000000ffff8f08       0x10 drivers/ddr/altera/sequencer.o
 .text.rw_mgr_decr_vfifo
                0x00000000ffff8f18       0x1c drivers/ddr/altera/sequencer.o
 .text.scc_mgr_load_dqs_for_write_group.isra.0
                0x00000000ffff8f34       0x30 drivers/ddr/altera/sequencer.o
 .text.scc_mgr_set_oct_out1_delay.isra.0
                0x00000000ffff8f64       0x30 drivers/ddr/altera/sequencer.o
 .text.scc_mgr_apply_group_dm_out1_delay
                0x00000000ffff8f94       0x48 drivers/ddr/altera/sequencer.o
 .text.scc_mgr_apply_group_dqs_io_and_oct_out1
                0x00000000ffff8fdc       0x38 drivers/ddr/altera/sequencer.o
 .text.scc_mgr_zero_group
                0x00000000ffff9014       0xfc drivers/ddr/altera/sequencer.o
 .text.scc_mgr_apply_group_dq_out1_delay
                0x00000000ffff9110       0x30 drivers/ddr/altera/sequencer.o
 .text.center_dq_windows
                0x00000000ffff9140       0xec drivers/ddr/altera/sequencer.o
 .text.scc_mgr_apply_group_dq_in_delay
                0x00000000ffff922c       0x34 drivers/ddr/altera/sequencer.o
 .text.dram_is_ddr
                0x00000000ffff9260       0x28 drivers/ddr/altera/sequencer.o
                0x00000000ffff9260                dram_is_ddr
 .text.set_rank_and_odt_mask
                0x00000000ffff9288       0xe8 drivers/ddr/altera/sequencer.o
 .text.mem_precharge_and_activate
                0x00000000ffff9370       0x68 drivers/ddr/altera/sequencer.o
 .text.rw_mgr_mem_calibrate_read_test.constprop.0
                0x00000000ffff93d8      0x194 drivers/ddr/altera/sequencer.o
 .text.rw_mgr_mem_calibrate_read_test_all_ranks.isra.0
                0x00000000ffff956c       0x1c drivers/ddr/altera/sequencer.o
 .text.sdr_find_phase_delay
                0x00000000ffff9588       0x72 drivers/ddr/altera/sequencer.o
 *fill*         0x00000000ffff95fa        0x2 
 .text.rw_mgr_mem_calibrate_read_load_patterns.constprop.0
                0x00000000ffff95fc       0x90 drivers/ddr/altera/sequencer.o
 .text.rw_mgr_mem_calibrate_write_test.constprop.0
                0x00000000ffff968c      0x1a4 drivers/ddr/altera/sequencer.o
 .text.search_stop_check.constprop.0
                0x00000000ffff9830       0x8e drivers/ddr/altera/sequencer.o
 *fill*         0x00000000ffff98be        0x2 
 .text.search_left_edge.constprop.0
                0x00000000ffff98c0      0x130 drivers/ddr/altera/sequencer.o
 .text.search_right_edge
                0x00000000ffff99f0      0x168 drivers/ddr/altera/sequencer.o
 .text.rw_mgr_mem_calibrate_vfifo_center.constprop.0
                0x00000000ffff9b58      0x24c drivers/ddr/altera/sequencer.o
 .text.rw_mgr_mem_load_user
                0x00000000ffff9da4      0x1f8 drivers/ddr/altera/sequencer.o
 .text.sdram_calibration_full
                0x00000000ffff9f9c     0x11a0 drivers/ddr/altera/sequencer.o
                0x00000000ffff9f9c                sdram_calibration_full
 .text.reset_get_by_index_tail.part.0
                0x00000000ffffb13c       0x4c drivers/reset/reset-uclass.o
 .text.reset_get_by_index_nodev
                0x00000000ffffb188       0x30 drivers/reset/reset-uclass.o
                0x00000000ffffb188                reset_get_by_index_nodev
 .text.reset_free
                0x00000000ffffb1b8       0x10 drivers/reset/reset-uclass.o
                0x00000000ffffb1b8                reset_free
 .text.reset_assert
                0x00000000ffffb1c8       0x10 drivers/reset/reset-uclass.o
                0x00000000ffffb1c8                reset_assert
 .text.reset_assert_bulk
                0x00000000ffffb1d8       0x22 drivers/reset/reset-uclass.o
                0x00000000ffffb1d8                reset_assert_bulk
 .text.reset_deassert
                0x00000000ffffb1fa       0x10 drivers/reset/reset-uclass.o
                0x00000000ffffb1fa                reset_deassert
 .text.reset_deassert_bulk
                0x00000000ffffb20a       0x22 drivers/reset/reset-uclass.o
                0x00000000ffffb20a                reset_deassert_bulk
 .text.reset_release_all
                0x00000000ffffb22c       0x2e drivers/reset/reset-uclass.o
                0x00000000ffffb22c                reset_release_all
 *fill*         0x00000000ffffb25a        0x2 
 .text.__reset_get_bulk.constprop.0
                0x00000000ffffb25c       0x70 drivers/reset/reset-uclass.o
 .text.reset_get_bulk
                0x00000000ffffb2cc        0x6 drivers/reset/reset-uclass.o
                0x00000000ffffb2cc                reset_get_bulk
 *fill*         0x00000000ffffb2d2        0x2 
 .text.devm_reset_bulk_get_by_node
                0x00000000ffffb2d4       0x2c drivers/reset/reset-uclass.o
                0x00000000ffffb2d4                devm_reset_bulk_get_by_node
 .text.devm_reset_bulk_get_optional_by_node
                0x00000000ffffb300       0x14 drivers/reset/reset-uclass.o
                0x00000000ffffb300                devm_reset_bulk_get_optional_by_node
 .text.devm_reset_bulk_get_optional
                0x00000000ffffb314        0x6 drivers/reset/reset-uclass.o
                0x00000000ffffb314                devm_reset_bulk_get_optional
 .text.socfpga_reset_assert
                0x00000000ffffb31a       0x3c drivers/reset/reset-socfpga.o
 .text.socfpga_reset_remove
                0x00000000ffffb356        0xa drivers/reset/reset-socfpga.o
 .text.socfpga_reset_deassert
                0x00000000ffffb360       0x6e drivers/reset/reset-socfpga.o
 *fill*         0x00000000ffffb3ce        0x2 
 .text.socfpga_reset_probe
                0x00000000ffffb3d0       0x28 drivers/reset/reset-socfpga.o
 .text.socfpga_reset_bind
                0x00000000ffffb3f8       0x20 drivers/reset/reset-socfpga.o
 .text.designware_wdt_reset
                0x00000000ffffb418       0x1e drivers/watchdog/designware_wdt.o
 *fill*         0x00000000ffffb436        0x2 
 .text.designware_wdt_stop
                0x00000000ffffb438       0x40 drivers/watchdog/designware_wdt.o
 .text.designware_wdt_probe
                0x00000000ffffb478       0x58 drivers/watchdog/designware_wdt.o
 .text.designware_wdt_start
                0x00000000ffffb4d0       0x48 drivers/watchdog/designware_wdt.o
 .text.__udivsi3
                0x00000000ffffb518       0x9c arch/arm/lib/lib1funcs.o
                0x00000000ffffb518                __udivsi3
                0x00000000ffffb518                __aeabi_uidiv
 .text.__divsi3
                0x00000000ffffb5b4       0xcc arch/arm/lib/lib1funcs.o
                0x00000000ffffb5b4                __aeabi_idiv
                0x00000000ffffb5b4                __divsi3
 .text.__aeabi_uidivmod
                0x00000000ffffb680       0x30 arch/arm/lib/lib1funcs.o
                0x00000000ffffb680                __aeabi_uidivmod
                0x00000000ffffb698                __aeabi_idivmod
 .text.Ldiv0    0x00000000ffffb6b0       0x10 arch/arm/lib/lib1funcs.o
 .text.__div0   0x00000000ffffb6c0        0x6 arch/arm/lib/div0.o
                0x00000000ffffb6c0                __div0
 *(.glue*)
 .glue_7        0x00000000ffffb6c6        0x0 linker stubs
 .glue_7t       0x00000000ffffb6c6        0x0 linker stubs

.vfp11_veneer   0x00000000ffffb6c8        0x0
 .vfp11_veneer  0x00000000ffffb6c8        0x0 linker stubs

.v4_bx          0x00000000ffffb6c8        0x0
 .v4_bx         0x00000000ffffb6c8        0x0 linker stubs

.iplt           0x00000000ffffb6c8        0x0
 .iplt          0x00000000ffffb6c8        0x0 arch/arm/cpu/armv7/start.o
                0x00000000ffffb6c8                . = ALIGN (0x4)

.rodata         0x00000000ffffb6c8     0x234a
 *(SORT_BY_ALIGNMENT(SORT_BY_NAME(.rodata*)))
 .rodata        0x00000000ffffb6c8       0x14 common/spl/spl.o
 .rodata        0x00000000ffffb6dc       0x10 drivers/core/root.o
 .rodata        0x00000000ffffb6ec        0x8 drivers/mmc/mmc.o
 .rodata.ac_rom_init
                0x00000000ffffb6f4       0x90 arch/arm/mach-socfpga/wrap_sdram_config.o
                0x00000000ffffb6f4                ac_rom_init
 .rodata.altera_gen5_sdram_ids
                0x00000000ffffb784       0x10 drivers/ddr/altera/sdram_gen5.o
 .rodata.altera_gen5_sdram_ops
                0x00000000ffffb794        0x4 drivers/ddr/altera/sdram_gen5.o
 .rodata.blk_part_ops
                0x00000000ffffb798       0x14 disk/disk-uclass.o
 .rodata.cadence_spi_ids
                0x00000000ffffb7ac       0x20 drivers/spi/cadence_qspi.o
 .rodata.cadence_spi_mem_ops
                0x00000000ffffb7cc       0x1c drivers/spi/cadence_qspi.o
 .rodata.cadence_spi_ops
                0x00000000ffffb7e8       0x28 drivers/spi/cadence_qspi.o
 .rodata.cdns_qspi
                0x00000000ffffb810        0x8 drivers/spi/cadence_qspi.o
 .rodata.cm_default_cfg
                0x00000000ffffb818       0x6c arch/arm/mach-socfpga/wrap_pll_config.o
 .rodata.designware_wdt_ids
                0x00000000ffffb884       0x10 drivers/watchdog/designware_wdt.o
 .rodata.designware_wdt_ops
                0x00000000ffffb894       0x10 drivers/watchdog/designware_wdt.o
 .rodata.dm_dwmci_ops
                0x00000000ffffb8a4       0x2c drivers/mmc/dw_mmc.o
                0x00000000ffffb8a4                dm_dwmci_ops
 .rodata.dw_spi_ids
                0x00000000ffffb8d0       0x90 drivers/spi/designware_spi.o
 .rodata.dw_spi_mem_ops
                0x00000000ffffb960       0x1c drivers/spi/designware_spi.o
 .rodata.dw_spi_ops
                0x00000000ffffb97c       0x28 drivers/spi/designware_spi.o
 .rodata.dwmci_idmac_regs32
                0x00000000ffffb9a4       0x20 drivers/mmc/dw_mmc.o
 .rodata.dwmci_idmac_regs64
                0x00000000ffffb9c4       0x20 drivers/mmc/dw_mmc.o
 .rodata.ext_csd_bus_width
                0x00000000ffffb9e4       0x3c drivers/mmc/mmc.o
 .rodata.fbase  0x00000000ffffba20       0x20 drivers/mmc/mmc.o
 .rodata.freqs.2
                0x00000000ffffba40       0x34 drivers/mmc/mmc.o
 .rodata.generic_simple_bus_ids
                0x00000000ffffba74       0x18 drivers/core/simple-bus.o
 .rodata.inst_rom_init
                0x00000000ffffba8c      0x1fc arch/arm/mach-socfpga/wrap_sdram_config.o
                0x00000000ffffba8c                inst_rom_init
 .rodata.iocsr_scan_chain0_table
                0x00000000ffffbc88       0x60 arch/arm/mach-socfpga/wrap_iocsr_config.o
                0x00000000ffffbc88                iocsr_scan_chain0_table
 .rodata.iocsr_scan_chain1_table
                0x00000000ffffbce8       0xd8 arch/arm/mach-socfpga/wrap_iocsr_config.o
                0x00000000ffffbce8                iocsr_scan_chain1_table
 .rodata.iocsr_scan_chain2_table
                0x00000000ffffbdc0       0x78 arch/arm/mach-socfpga/wrap_iocsr_config.o
                0x00000000ffffbdc0                iocsr_scan_chain2_table
 .rodata.iocsr_scan_chain3_table
                0x00000000ffffbe38      0x830 arch/arm/mach-socfpga/wrap_iocsr_config.o
                0x00000000ffffbe38                iocsr_scan_chain3_table
 .rodata.l2x0_ids
                0x00000000ffffc668       0x10 drivers/cache/cache-l2x0.o
 .rodata.misc_config
                0x00000000ffffc678       0x14 arch/arm/mach-socfpga/wrap_sdram_config.o
 .rodata.mmc_blk_ops
                0x00000000ffffc68c       0x14 drivers/mmc/mmc-uclass.o
 .rodata.mmc_modes_by_pref
                0x00000000ffffc6a0       0x20 drivers/mmc/mmc.o
 .rodata.mmc_versions.1
                0x00000000ffffc6c0       0x24 drivers/mmc/mmc.o
 .rodata.ns16550_serial_ids
                0x00000000ffffc6e4       0x38 drivers/serial/ns16550.o
 .rodata.ns16550_serial_ops
                0x00000000ffffc71c       0x24 drivers/serial/ns16550.o
                0x00000000ffffc71c                ns16550_serial_ops
 .rodata.sd_modes_by_pref
                0x00000000ffffc740       0x10 drivers/mmc/mmc.o
 .rodata.sdram_config
                0x00000000ffffc750       0x94 arch/arm/mach-socfpga/wrap_sdram_config.o
 .rodata.socfpga_dwmmc_ids
                0x00000000ffffc7e4       0x10 drivers/mmc/socfpga_dw_mmc.o
 .rodata.socfpga_reset_match
                0x00000000ffffc7f4       0x10 drivers/reset/reset-socfpga.o
 .rodata.socfpga_reset_ops
                0x00000000ffffc804       0x18 drivers/reset/reset-socfpga.o
 .rodata.spi_flash_std_ids
                0x00000000ffffc81c       0x10 drivers/mtd/spi/sf_probe.o
 .rodata.spi_flash_std_ops
                0x00000000ffffc82c       0x10 drivers/mtd/spi/sf_probe.o
 .rodata.spi_nor_ids
                0x00000000ffffc83c       0x18 drivers/mtd/spi/spi-nor-ids.o
                0x00000000ffffc83c                spi_nor_ids
 .rodata.CSWTCH.38
                0x00000000ffffc854       0x12 drivers/spi/cadence_qspi_apb.o
 .rodata.io_config
                0x00000000ffffc866       0x10 arch/arm/mach-socfpga/wrap_sdram_config.o
 .rodata.CSWTCH.34
                0x00000000ffffc876        0x3 drivers/serial/ns16550.o
 .rodata.CSWTCH.4
                0x00000000ffffc879        0x7 arch/arm/mach-socfpga/spl_gen5.o
 .rodata.__func__.0
                0x00000000ffffc880       0x16 arch/arm/mach-socfpga/reset_manager_gen5.o
 .rodata.__func__.0
                0x00000000ffffc896       0x1b arch/arm/lib/cache-pl310.o
 .rodata.__ofnode_get_addr_size_index.str1.1
                0x00000000ffffc8b1        0x4 drivers/core/ofnode.o
 .rodata.alloc_simple.str1.1
                0x00000000ffffc8b1       0x28 common/malloc_simple.o
 .rodata.altera_gen5_sdram_probe.str1.1
                0x00000000ffffc8d9      0x104 drivers/ddr/altera/sdram_gen5.o
                                        0x115 (size before relaxing)
 .rodata.blk_create_devicef.str1.1
                0x00000000ffffc9dd        0x6 drivers/block/blk-uclass.o
 .rodata.blk_post_probe.str1.1
                0x00000000ffffc9e3        0x6 drivers/block/blk-uclass.o
                                         0x14 (size before relaxing)
 .rodata.board_init_r.str1.1
                0x00000000ffffc9e9       0x6d common/spl/spl.o
 .rodata.cadence_qspi_apb_exec_flash_cmd.str1.1
                0x00000000ffffca56       0x27 drivers/spi/cadence_qspi_apb.o
 .rodata.cadence_qspi_apb_read_execute.str1.1
                0x00000000ffffca7d       0x6f drivers/spi/cadence_qspi_apb.o
 .rodata.cadence_qspi_apb_write_execute.str1.1
                0x00000000ffffcaec       0x52 drivers/spi/cadence_qspi_apb.o
 .rodata.cadence_qspi_wait_idle.str1.1
                0x00000000ffffcb3e       0x31 drivers/spi/cadence_qspi_apb.o
 .rodata.cadence_spi_of_to_plat.str1.1
                0x00000000ffffcb6f       0xe0 drivers/spi/cadence_qspi.o
                                         0xf2 (size before relaxing)
 .rodata.cadence_spi_probe.str1.1
                0x00000000ffffcc4f       0x11 drivers/spi/cadence_qspi.o
 .rodata.cadence_spi_set_speed.str1.1
                0x00000000ffffcc60       0x43 drivers/spi/cadence_qspi.o
 .rodata.designware_wdt_stop.str1.1
                0x00000000ffffcca3        0x7 drivers/watchdog/designware_wdt.o
 .rodata.devfdt_get_addr_index_parent.str1.1
                0x00000000ffffcca3        0x4 drivers/core/fdtaddr.o
 .rodata.do_reset.str1.1
                0x00000000ffffcca3        0xf drivers/sysreset/sysreset-uclass.o
 .rodata.dw_spi_exec_op.str1.1
                0x00000000ffffccb2       0x1c drivers/spi/designware_spi.o
 .rodata.dw_spi_of_to_plat.str1.1
                0x00000000ffffccce        0xa drivers/spi/designware_spi.o
                                         0x1c (size before relaxing)
 .rodata.dw_spi_probe.str1.1
                0x00000000ffffccd8       0x66 drivers/spi/designware_spi.o
                                         0x77 (size before relaxing)
 .rodata.dw_spi_xfer.str1.1
                0x00000000ffffcd3e       0x27 drivers/spi/designware_spi.o
 .rodata.fdt_address_cells.str1.1
                0x00000000ffffcd65        0xf lib/libfdt/fdt_addresses.o
 .rodata.fdt_get_alias_namelen.str1.1
                0x00000000ffffcd74        0x9 lib/libfdt/fdt_ro.o
 .rodata.fdt_get_phandle.str1.1
                0x00000000ffffcd7d        0xe lib/libfdt/fdt_ro.o
                                         0x16 (size before relaxing)
 .rodata.fdt_node_check_compatible.str1.1
                0x00000000ffffcd8b        0xb lib/libfdt/fdt_ro.o
 .rodata.fdt_size_cells.str1.1
                0x00000000ffffcd96        0xc lib/libfdt/fdt_addresses.o
 .rodata.fdtdec_get_chosen_prop.str1.1
                0x00000000ffffcda2        0x8 lib/fdtdec.o
 .rodata.fdtdec_get_is_enabled.str1.1
                0x00000000ffffcdaa        0xc lib/fdtdec.o
 .rodata.fdtdec_prepare_fdt.str1.1
                0x00000000ffffcdb6        0xd lib/fdtdec.o
 .rodata.find_mmc_device.str1.1
                0x00000000ffffcdc3       0x19 drivers/mmc/mmc-uclass.o
 .rodata.get_next_memory_node.str1.1
                0x00000000ffffcddc        0xc lib/fdtdec.o
                                         0x13 (size before relaxing)
 .rodata.hang.str1.1
                0x00000000ffffcde8       0x2a lib/hang.o
 .rodata.l2x0_probe.str1.1
                0x00000000ffffce12       0x52 drivers/cache/cache-l2x0.o
 .rodata.lists_bind_fdt.str1.1
                0x00000000ffffce64        0xb drivers/core/lists.o
 .rodata.mmc_bind.str1.1
                0x00000000ffffce64        0x8 drivers/mmc/mmc-uclass.o
                                          0xc (size before relaxing)
 .rodata.mmc_bread.str1.1
                0x00000000ffffce6c       0x47 drivers/mmc/mmc.o
 .rodata.mmc_get_op_cond.str1.1
                0x00000000ffffceb3       0x2e drivers/mmc/mmc.o
 .rodata.mmc_init.str1.1
                0x00000000ffffcee1       0x7b drivers/mmc/mmc.o
 .rodata.mmc_start_init.str1.1
                0x00000000ffffcf5c       0x16 drivers/mmc/mmc.o
 .rodata.multipliers
                0x00000000ffffcf72       0x10 drivers/mmc/mmc.o
 .rodata.ns16550_serial_of_to_plat.str1.1
                0x00000000ffffcf82       0x32 drivers/serial/ns16550.o
 .rodata.ofnode_conf_read_bool.str1.1
                0x00000000ffffcfb4        0x8 drivers/core/ofnode.o
 .rodata.preloader_console_init.str1.1
                0x00000000ffffcfbc       0x42 common/spl/spl.o
 .rodata.reset_get_by_index.str1.1
                0x00000000ffffcffe       0x14 drivers/reset/reset-uclass.o
 .rodata.rw_mgr_config