Archive member included to satisfy reference by file (symbol)

arch/arm/mach-socfpga/board.o
                              (--whole-archive)
arch/arm/mach-socfpga/clock_manager.o
                              (--whole-archive)
arch/arm/mach-socfpga/misc.o  (--whole-archive)
arch/arm/mach-socfpga/clock_manager_gen5.o
                              (--whole-archive)
arch/arm/mach-socfpga/misc_gen5.o
                              (--whole-archive)
arch/arm/mach-socfpga/reset_manager_gen5.o
                              (--whole-archive)
arch/arm/mach-socfpga/scan_manager.o
                              (--whole-archive)
arch/arm/mach-socfpga/system_manager_gen5.o
                              (--whole-archive)
arch/arm/mach-socfpga/timer.o
                              (--whole-archive)
arch/arm/mach-socfpga/wrap_pll_config.o
                              (--whole-archive)
arch/arm/mach-socfpga/fpga_manager.o
                              (--whole-archive)
arch/arm/mach-socfpga/spl_gen5.o
                              (--whole-archive)
arch/arm/mach-socfpga/freeze_controller.o
                              (--whole-archive)
arch/arm/mach-socfpga/wrap_iocsr_config.o
                              (--whole-archive)
arch/arm/mach-socfpga/wrap_pinmux_config.o
                              (--whole-archive)
arch/arm/mach-socfpga/wrap_sdram_config.o
                              (--whole-archive)
arch/arm/cpu/armv7/cache_v7.o
                              (--whole-archive)
arch/arm/cpu/armv7/cache_v7_asm.o
                              (--whole-archive)
arch/arm/cpu/armv7/cpu.o      (--whole-archive)
arch/arm/cpu/armv7/cp15.o     (--whole-archive)
arch/arm/cpu/armv7/syslib.o   (--whole-archive)
arch/arm/cpu/armv7/lowlevel_init.o
                              (--whole-archive)
arch/arm/lib/vectors.o        (--whole-archive)
arch/arm/lib/crt0.o           (--whole-archive)
arch/arm/lib/setjmp.o         (--whole-archive)
arch/arm/lib/spl.o            (--whole-archive)
arch/arm/lib/zimage.o         (--whole-archive)
arch/arm/lib/bootm-fdt.o      (--whole-archive)
arch/arm/lib/cache-pl310.o    (--whole-archive)
arch/arm/lib/memset.o         (--whole-archive)
arch/arm/lib/memcpy.o         (--whole-archive)
arch/arm/lib/bdinfo.o         (--whole-archive)
arch/arm/lib/sections.o       (--whole-archive)
arch/arm/lib/stack.o          (--whole-archive)
arch/arm/lib/interrupts.o     (--whole-archive)
arch/arm/lib/cache.o          (--whole-archive)
arch/arm/lib/cache-cp15.o     (--whole-archive)
arch/arm/lib/psci-dt.o        (--whole-archive)
common/spl/spl.o              (--whole-archive)
common/spl/spl_legacy.o       (--whole-archive)
common/spl/spl_mmc.o          (--whole-archive)
common/spl/spl_ram.o          (--whole-archive)
common/init/board_init.o      (--whole-archive)
boot/image.o                  (--whole-archive)
boot/image-board.o            (--whole-archive)
boot/fdt_support.o            (--whole-archive)
boot/image-fdt.o              (--whole-archive)
common/bouncebuf.o            (--whole-archive)
common/console.o              (--whole-archive)
common/dlmalloc.o             (--whole-archive)
common/malloc_simple.o        (--whole-archive)
common/cyclic.o               (--whole-archive)
common/memsize.o              (--whole-archive)
common/stdio.o                (--whole-archive)
common/cli.o                  (--whole-archive)
common/dfu.o                  (--whole-archive)
common/command.o              (--whole-archive)
common/s_record.o             (--whole-archive)
common/xyzModem.o             (--whole-archive)
lib/crc8.o                    (--whole-archive)
lib/hash-checksum.o           (--whole-archive)
lib/sha1.o                    (--whole-archive)
lib/sha256_common.o           (--whole-archive)
lib/sha256.o                  (--whole-archive)
lib/libfdt/fdt.o              (--whole-archive)
lib/libfdt/fdt_ro.o           (--whole-archive)
lib/libfdt/fdt_wip.o          (--whole-archive)
lib/libfdt/fdt_strerror.o     (--whole-archive)
lib/libfdt/fdt_sw.o           (--whole-archive)
lib/libfdt/fdt_rw.o           (--whole-archive)
lib/libfdt/fdt_empty_tree.o   (--whole-archive)
lib/libfdt/fdt_addresses.o    (--whole-archive)
lib/fdtdec_common.o           (--whole-archive)
lib/fdtdec.o                  (--whole-archive)
lib/net_utils.o               (--whole-archive)
lib/qsort.o                   (--whole-archive)
lib/hashtable.o               (--whole-archive)
lib/errno.o                   (--whole-archive)
lib/display_options.o         (--whole-archive)
lib/ctype.o                   (--whole-archive)
lib/div64.o                   (--whole-archive)
lib/hang.o                    (--whole-archive)
lib/linux_compat.o            (--whole-archive)
lib/linux_string.o            (--whole-archive)
lib/membuf.o                  (--whole-archive)
lib/slre.o                    (--whole-archive)
lib/string.o                  (--whole-archive)
lib/tables_csum.o             (--whole-archive)
[...]
Memory Configuration

Name             Origin             Length             Attributes
*default*        0x0000000000000000 0xffffffffffffffff

Linker script and memory map

                0x0000000000000000                . = 0x0
                0x0000000000000000                . = ALIGN (0x4)
                0x00000000ffff0000                __image_copy_start = ADDR (.text)

.text           0x00000000ffff0000     0x9aea
 *(.vectors)
 .vectors       0x00000000ffff0000       0x84 arch/arm/lib/vectors.o
                0x00000000ffff0000                _start
                0x00000000ffff0060                _undefined_instruction
                0x00000000ffff0064                _software_interrupt
                0x00000000ffff0068                _prefetch_abort
                0x00000000ffff006c                _data_abort
                0x00000000ffff0070                _not_used
                0x00000000ffff0074                _irq
                0x00000000ffff0078                _fiq
 arch/arm/cpu/armv7/start.o(.text*)
 .text          0x00000000ffff0084       0xbc arch/arm/cpu/armv7/start.o
                0x00000000ffff0084                reset
                0x00000000ffff0088                save_boot_params_ret
                0x00000000ffff00c4                c_runtime_cpu_setup
                0x00000000ffff00d4                save_boot_params
                0x00000000ffff00d8                cpu_init_cp15
                0x00000000ffff0138                cpu_init_crit
 *(.text*)
 .text.s_init   0x00000000ffff0140       0x14 arch/arm/mach-socfpga/board.o
                0x00000000ffff0140                s_init
 .text.dram_init_banksize
                0x00000000ffff0154        0xa arch/arm/mach-socfpga/board.o
                0x00000000ffff0154                dram_init_banksize
 .text.cm_wait_for_lock
                0x00000000ffff015e       0x1e arch/arm/mach-socfpga/clock_manager.o
                0x00000000ffff015e                cm_wait_for_lock
 .text.cm_wait_for_fsm
                0x00000000ffff017c       0x40 arch/arm/mach-socfpga/clock_manager.o
                0x00000000ffff017c                cm_wait_for_fsm
 .text.socfpga_get_base_addr
                0x00000000ffff01bc       0x4c arch/arm/mach-socfpga/misc.o
 .text.v7_outer_cache_enable
                0x00000000ffff0208       0x20 arch/arm/mach-socfpga/misc.o
                0x00000000ffff0208                v7_outer_cache_enable
 *fill*         0x00000000ffff0228       0x18 
 .text.socfpga_pl310_clear
                0x00000000ffff0240       0xac arch/arm/mach-socfpga/misc.o
                0x00000000ffff0240                socfpga_pl310_clear
 .text.socfpga_get_managers_addr
                0x00000000ffff02ec       0x44 arch/arm/mach-socfpga/misc.o
                0x00000000ffff02ec                socfpga_get_managers_addr
 .text.socfpga_get_rstmgr_addr
                0x00000000ffff0330        0xc arch/arm/mach-socfpga/misc.o
                0x00000000ffff0330                socfpga_get_rstmgr_addr
 .text.socfpga_get_sysmgr_addr
                0x00000000ffff033c        0xc arch/arm/mach-socfpga/misc.o
                0x00000000ffff033c                socfpga_get_sysmgr_addr
 .text.socfpga_get_clkmgr_addr
                0x00000000ffff0348        0xc arch/arm/mach-socfpga/misc.o
                0x00000000ffff0348                socfpga_get_clkmgr_addr
 .text.dram_bank_mmu_setup
                0x00000000ffff0354       0x56 arch/arm/mach-socfpga/misc.o
                0x00000000ffff0354                dram_bank_mmu_setup
 .text.cm_get_main_vco_clk_hz
                0x00000000ffff03aa       0x26 arch/arm/mach-socfpga/clock_manager_gen5.o
 .text.cm_get_per_vco_clk_hz
                0x00000000ffff03d0       0x58 arch/arm/mach-socfpga/clock_manager_gen5.o
 .text.cm_write_with_phase.constprop.0
                0x00000000ffff0428       0x72 arch/arm/mach-socfpga/clock_manager_gen5.o
 *fill*         0x00000000ffff049a        0x2 
 .text.cm_basic_init
                0x00000000ffff049c      0x3ac arch/arm/mach-socfpga/clock_manager_gen5.o
                0x00000000ffff049c                cm_basic_init
 .text.cm_get_mmc_controller_clk_hz
                0x00000000ffff0848       0x52 arch/arm/mach-socfpga/clock_manager_gen5.o
                0x00000000ffff0848                cm_get_mmc_controller_clk_hz
 *fill*         0x00000000ffff089a        0x2 
 .text.socfpga_sdram_remap_zero
                0x00000000ffff089c       0x70 arch/arm/mach-socfpga/misc_gen5.o
                0x00000000ffff089c                socfpga_sdram_remap_zero
 .text.socfpga_per_reset
                0x00000000ffff090c       0x38 arch/arm/mach-socfpga/reset_manager_gen5.o
                0x00000000ffff090c                socfpga_per_reset
 .text.socfpga_per_reset_all
                0x00000000ffff0944       0x20 arch/arm/mach-socfpga/reset_manager_gen5.o
                0x00000000ffff0944                socfpga_per_reset_all
 .text.socfpga_bridges_set_handoff_regs
                0x00000000ffff0964       0x3a arch/arm/mach-socfpga/reset_manager_gen5.o
                0x00000000ffff0964                socfpga_bridges_set_handoff_regs
 *fill*         0x00000000ffff099e        0x2 
 .text.socfpga_bridges_reset
                0x00000000ffff09a0       0x58 arch/arm/mach-socfpga/reset_manager_gen5.o
                0x00000000ffff09a0                socfpga_bridges_reset
 .text.scan_mgr_jtag_insn_data
                0x00000000ffff09f8       0x7c arch/arm/mach-socfpga/scan_manager.o
 .text.scan_mgr_io_scan_chain_prg
                0x00000000ffff0a74       0x90 arch/arm/mach-socfpga/scan_manager.o
 .text.scan_mgr_configure_iocsr
                0x00000000ffff0b04       0x24 arch/arm/mach-socfpga/scan_manager.o
                0x00000000ffff0b04                scan_mgr_configure_iocsr
 .text.sysmgr_pinmux_init
                0x00000000ffff0b28       0xe2 arch/arm/mach-socfpga/system_manager_gen5.o
                0x00000000ffff0b28                sysmgr_pinmux_init
 .text.sysmgr_config_warmrstcfgio
                0x00000000ffff0c0a       0x2c arch/arm/mach-socfpga/system_manager_gen5.o
                0x00000000ffff0c0a                sysmgr_config_warmrstcfgio
 *fill*         0x00000000ffff0c36        0x2 
 .text.timer_init
                0x00000000ffff0c38       0x2c arch/arm/mach-socfpga/timer.o
                0x00000000ffff0c38                timer_init
 .text.cm_get_default_config
                0x00000000ffff0c64        0x8 arch/arm/mach-socfpga/wrap_pll_config.o
                0x00000000ffff0c64                cm_get_default_config
 .text.cm_get_osc_clk_hz
                0x00000000ffff0c6c       0x10 arch/arm/mach-socfpga/wrap_pll_config.o
                0x00000000ffff0c6c                cm_get_osc_clk_hz
 .text.cm_get_f2s_per_ref_clk_hz
                0x00000000ffff0c7c        0x4 arch/arm/mach-socfpga/wrap_pll_config.o
                0x00000000ffff0c7c                cm_get_f2s_per_ref_clk_hz
 .text.is_fpgamgr_initdone_high
                0x00000000ffff0c80       0x14 arch/arm/mach-socfpga/fpga_manager.o
 .text.fpgamgr_get_mode
                0x00000000ffff0c94       0x14 arch/arm/mach-socfpga/fpga_manager.o
                0x00000000ffff0c94                fpgamgr_get_mode
 .text.fpgamgr_test_fpga_ready
                0x00000000ffff0ca8       0x20 arch/arm/mach-socfpga/fpga_manager.o
                0x00000000ffff0ca8                fpgamgr_test_fpga_ready
 .text.spl_boot_device
                0x00000000ffff0cc8       0x30 arch/arm/mach-socfpga/spl_gen5.o
                0x00000000ffff0cc8                spl_boot_device
 .text.spl_mmc_boot_mode
                0x00000000ffff0cf8        0x4 arch/arm/mach-socfpga/spl_gen5.o
                0x00000000ffff0cf8                spl_mmc_boot_mode
 .text.board_init_f
                0x00000000ffff0cfc       0xdc arch/arm/mach-socfpga/spl_gen5.o
                0x00000000ffff0cfc                board_init_f
 .text.sys_mgr_frzctrl_freeze_req
                0x00000000ffff0dd8       0x70 arch/arm/mach-socfpga/freeze_controller.o
                0x00000000ffff0dd8                sys_mgr_frzctrl_freeze_req
 .text.sys_mgr_frzctrl_thaw_req
                0x00000000ffff0e48       0xa0 arch/arm/mach-socfpga/freeze_controller.o
                0x00000000ffff0e48                sys_mgr_frzctrl_thaw_req
 .text.iocsr_get_config_table
                0x00000000ffff0ee8       0x50 arch/arm/mach-socfpga/wrap_iocsr_config.o
                0x00000000ffff0ee8                iocsr_get_config_table
 .text.sysmgr_get_pinmux_table
                0x00000000ffff0f38       0x10 arch/arm/mach-socfpga/wrap_pinmux_config.o
                0x00000000ffff0f38                sysmgr_get_pinmux_table
 .text.socfpga_get_sdram_config
                0x00000000ffff0f48        0x8 arch/arm/mach-socfpga/wrap_sdram_config.o
                0x00000000ffff0f48                socfpga_get_sdram_config
 .text.socfpga_get_seq_ac_init
                0x00000000ffff0f50       0x10 arch/arm/mach-socfpga/wrap_sdram_config.o
                0x00000000ffff0f50                socfpga_get_seq_ac_init
 .text.socfpga_get_seq_inst_init
                0x00000000ffff0f60       0x10 arch/arm/mach-socfpga/wrap_sdram_config.o
                0x00000000ffff0f60                socfpga_get_seq_inst_init
 .text.socfpga_get_sdram_rwmgr_config
                0x00000000ffff0f70        0x8 arch/arm/mach-socfpga/wrap_sdram_config.o
                0x00000000ffff0f70                socfpga_get_sdram_rwmgr_config
 .text.socfpga_get_sdram_io_config
                0x00000000ffff0f78        0x8 arch/arm/mach-socfpga/wrap_sdram_config.o
                0x00000000ffff0f78                socfpga_get_sdram_io_config
 .text.socfpga_get_sdram_misc_config
                0x00000000ffff0f80        0x8 arch/arm/mach-socfpga/wrap_sdram_config.o
                0x00000000ffff0f80                socfpga_get_sdram_misc_config
 .text.flush_dcache_all
                0x00000000ffff0f88        0xe arch/arm/cpu/armv7/cache_v7.o
                0x00000000ffff0f88                flush_dcache_all
 .text.invalidate_dcache_all
                0x00000000ffff0f96        0xe arch/arm/cpu/armv7/cache_v7.o
                0x00000000ffff0f96                invalidate_dcache_all
 .text.arm_init_before_mmu
                0x00000000ffff0fa4       0x22 arch/arm/cpu/armv7/cache_v7.o
                0x00000000ffff0fa4                arm_init_before_mmu
 .text.flush_dcache_range
                0x00000000ffff0fc6       0x38 arch/arm/cpu/armv7/cache_v7.o
                0x00000000ffff0fc6                flush_dcache_range
 .text.invalidate_dcache_range
                0x00000000ffff0ffe       0x40 arch/arm/cpu/armv7/cache_v7.o
                0x00000000ffff0ffe                invalidate_dcache_range
 *fill*         0x00000000ffff103e        0x2 
 .text          0x00000000ffff1040      0x158 arch/arm/cpu/armv7/cache_v7_asm.o
                0x00000000ffff1040                __v7_flush_dcache_all
                0x00000000ffff10dc                v7_flush_dcache_all
                0x00000000ffff10ec                __v7_invalidate_dcache_all
                0x00000000ffff1188                v7_invalidate_dcache_all
 .text.lowlevel_init
                0x00000000ffff1198       0x18 arch/arm/cpu/armv7/lowlevel_init.o
                0x00000000ffff1198                lowlevel_init
 .text          0x00000000ffff11b0       0x68 arch/arm/lib/crt0.o
                0x00000000ffff11b0                _main
 .text.pl310_background_op_all_ways
                0x00000000ffff1218       0x3c arch/arm/lib/cache-pl310.o
 .text.v7_outer_cache_inval_all
                0x00000000ffff1254        0xc arch/arm/lib/cache-pl310.o
                0x00000000ffff1254                v7_outer_cache_inval_all
 .text.v7_outer_cache_flush_all
                0x00000000ffff1260        0xc arch/arm/lib/cache-pl310.o
                0x00000000ffff1260                v7_outer_cache_flush_all
 .text.v7_outer_cache_flush_range
                0x00000000ffff126c       0x28 arch/arm/lib/cache-pl310.o
                0x00000000ffff126c                v7_outer_cache_flush_range
 .text.v7_outer_cache_inval_range
                0x00000000ffff1294       0x5c arch/arm/lib/cache-pl310.o
                0x00000000ffff1294                v7_outer_cache_inval_range
 *fill*         0x00000000ffff12f0       0x10 
 .text          0x00000000ffff1300       0xa0 arch/arm/lib/memset.o
                0x00000000ffff1300                memset
 .text          0x00000000ffff13a0      0x2e4 arch/arm/lib/memcpy.o
                0x00000000ffff13a0                memcpy
 .text.check_cache_range
                0x00000000ffff1684        0xe arch/arm/lib/cache.o
                0x00000000ffff1684                check_cache_range
 .text.set_section_dcache
                0x00000000ffff1692       0x12 arch/arm/lib/cache-cp15.o
                0x00000000ffff1692                set_section_dcache
 .text.icache_enable
                0x00000000ffff16a4       0x12 arch/arm/lib/cache-cp15.o
                0x00000000ffff16a4                icache_enable
 .text.dcache_enable
                0x00000000ffff16b6       0x6a arch/arm/lib/cache-cp15.o
                0x00000000ffff16b6                dcache_enable
 .text.dcache_disable
                0x00000000ffff1720       0x20 arch/arm/lib/cache-cp15.o
                0x00000000ffff1720                dcache_disable
 .text.dcache_status
                0x00000000ffff1740        0xa arch/arm/lib/cache-cp15.o
                0x00000000ffff1740                dcache_status
 .text.spl_common_init
                0x00000000ffff174a       0x2a common/spl/spl.o
 .text.spl_perform_fixups
                0x00000000ffff1774        0x2 common/spl/spl.o
                0x00000000ffff1774                spl_perform_fixups
 .text.spl_get_image_pos
                0x00000000ffff1776        0x6 common/spl/spl.o
                0x00000000ffff1776                spl_get_image_pos
 .text.spl_board_loader_name
                0x00000000ffff177c        0x4 common/spl/spl.o
                0x00000000ffff177c                spl_board_loader_name
 .text.spl_board_prepare_for_boot
                0x00000000ffff1780        0x2 common/spl/spl.o
                0x00000000ffff1780                spl_board_prepare_for_boot
 .text.spl_get_load_buffer
                0x00000000ffff1782        0x8 common/spl/spl.o
                0x00000000ffff1782                spl_get_load_buffer
 *fill*         0x00000000ffff178a        0x2 
 .text.spl_set_header_raw_uboot
                0x00000000ffff178c       0x20 common/spl/spl.o
                0x00000000ffff178c                spl_set_header_raw_uboot
 .text.spl_parse_board_header
                0x00000000ffff17ac        0x6 common/spl/spl.o
                0x00000000ffff17ac                spl_parse_board_header
 *fill*         0x00000000ffff17b2        0x2 
 .text.spl_parse_image_header
                0x00000000ffff17b4       0x2c common/spl/spl.o
                0x00000000ffff17b4                spl_parse_image_header
 .text.jump_to_image_no_args
                0x00000000ffff17e0        0x6 common/spl/spl.o
                0x00000000ffff17e0                jump_to_image_no_args
 *fill*         0x00000000ffff17e6        0x2 
 .text.spl_set_bd
                0x00000000ffff17e8       0x14 common/spl/spl.o
                0x00000000ffff17e8                spl_set_bd
 .text.spl_early_init
                0x00000000ffff17fc       0x18 common/spl/spl.o
                0x00000000ffff17fc                spl_early_init
 .text.spl_init
                0x00000000ffff1814       0x26 common/spl/spl.o
                0x00000000ffff1814                spl_init
 .text.board_boot_order
                0x00000000ffff183a        0xc common/spl/spl.o
                0x00000000ffff183a                board_boot_order
 .text.spl_check_board_image
                0x00000000ffff1846        0x4 common/spl/spl.o
                0x00000000ffff1846                spl_check_board_image
 *fill*         0x00000000ffff184a        0x2 
 .text.board_init_r
                0x00000000ffff184c      0x10c common/spl/spl.o
                0x00000000ffff184c                board_init_r
 .text.preloader_console_init
                0x00000000ffff1958       0x28 common/spl/spl.o
                0x00000000ffff1958                preloader_console_init
 .text.spl_relocate_stack_gd
                0x00000000ffff1980       0x38 common/spl/spl.o
                0x00000000ffff1980                spl_relocate_stack_gd
 .text.spl_parse_legacy_validate
                0x00000000ffff19b8       0x50 common/spl/spl_legacy.o
 .text.spl_parse_legacy_header
                0x00000000ffff1a08       0x4e common/spl/spl_legacy.o
                0x00000000ffff1a08                spl_parse_legacy_header
 .text.h_spl_load_read
                0x00000000ffff1a56       0x16 common/spl/spl_mmc.o
 .text.mmc_load_image_raw_sector
                0x00000000ffff1a6c       0xa8 common/spl/spl_mmc.o
 .text.spl_mmc_boot_partition
                0x00000000ffff1b14        0x4 common/spl/spl_mmc.o
                0x00000000ffff1b14                spl_mmc_boot_partition
 .text.arch_spl_mmc_get_uboot_raw_sector
                0x00000000ffff1b18        0x4 common/spl/spl_mmc.o
                0x00000000ffff1b18                arch_spl_mmc_get_uboot_raw_sector
 .text.board_spl_mmc_get_uboot_raw_sector
                0x00000000ffff1b1c        0x4 common/spl/spl_mmc.o
                0x00000000ffff1b1c                board_spl_mmc_get_uboot_raw_sector
 .text.spl_mmc_get_uboot_raw_sector
                0x00000000ffff1b20        0x4 common/spl/spl_mmc.o
                0x00000000ffff1b20                spl_mmc_get_uboot_raw_sector
 .text.default_spl_mmc_emmc_boot_partition
                0x00000000ffff1b24       0x10 common/spl/spl_mmc.o
                0x00000000ffff1b24                default_spl_mmc_emmc_boot_partition
 .text.spl_mmc_emmc_boot_partition
                0x00000000ffff1b34        0x4 common/spl/spl_mmc.o
                0x00000000ffff1b34                spl_mmc_emmc_boot_partition
 .text.spl_mmc_load
                0x00000000ffff1b38      0x160 common/spl/spl_mmc.o
                0x00000000ffff1b38                spl_mmc_load
 .text.spl_mmc_load_image
                0x00000000ffff1c98       0x22 common/spl/spl_mmc.o
                0x00000000ffff1c98                spl_mmc_load_image
 .text.spl_ram_load_image
                0x00000000ffff1cba       0x28 common/spl/spl_ram.o
 .text.board_init_f_alloc_reserve
                0x00000000ffff1ce2        0xa common/init/board_init.o
                0x00000000ffff1ce2                board_init_f_alloc_reserve
 .text.board_init_f_init_reserve
                0x00000000ffff1cec       0x14 common/init/board_init.o
                0x00000000ffff1cec                board_init_f_init_reserve
 .text.addr_aligned
                0x00000000ffff1d00       0x16 common/bouncebuf.o
 .text.bounce_buffer_start_extalign
                0x00000000ffff1d16       0x5a common/bouncebuf.o
                0x00000000ffff1d16                bounce_buffer_start_extalign
 .text.bounce_buffer_start
                0x00000000ffff1d70       0x18 common/bouncebuf.o
                0x00000000ffff1d70                bounce_buffer_start
 .text.bounce_buffer_stop
                0x00000000ffff1d88       0x32 common/bouncebuf.o
                0x00000000ffff1d88                bounce_buffer_stop
 *fill*         0x00000000ffff1dba        0x2 
 .text.console_puts_select.part.0
                0x00000000ffff1dbc       0x10 common/console.o
 .text.fflush.part.0
                0x00000000ffff1dcc       0x14 common/console.o
 .text.putc     0x00000000ffff1de0       0x2c common/console.o
                0x00000000ffff1de0                putc
 .text.puts     0x00000000ffff1e0c       0x24 common/console.o
                0x00000000ffff1e0c                puts
 .text.flush    0x00000000ffff1e30       0x22 common/console.o
                0x00000000ffff1e30                flush
 *fill*         0x00000000ffff1e52        0x2 
 .text.alloc_simple
                0x00000000ffff1e54       0x44 common/malloc_simple.o
 .text.malloc_simple
                0x00000000ffff1e98        0x6 common/malloc_simple.o
                0x00000000ffff1e98                malloc_simple
 .text.memalign_simple
                0x00000000ffff1e9e        0xa common/malloc_simple.o
                0x00000000ffff1e9e                memalign_simple
 .text.calloc   0x00000000ffff1ea8       0x1c common/malloc_simple.o
                0x00000000ffff1ea8                calloc
 .text.cyclic_unregister
                0x00000000ffff1ec4       0x28 common/cyclic.o
                0x00000000ffff1ec4                cyclic_unregister
 .text.cyclic_register
                0x00000000ffff1eec       0x44 common/cyclic.o
                0x00000000ffff1eec                cyclic_register
 .text.schedule
                0x00000000ffff1f30       0xd0 common/cyclic.o
                0x00000000ffff1f30                schedule
 .text.dcache_flush_invalidate
                0x00000000ffff2000       0x1e common/memsize.o
 .text.get_ram_size
                0x00000000ffff201e       0xca common/memsize.o
                0x00000000ffff201e                get_ram_size
 .text.fdt_check_header
                0x00000000ffff20e8       0x14 lib/libfdt/fdt.o
                0x00000000ffff20e8                fdt_check_header
 .text.fdt_offset_ptr
                0x00000000ffff20fc       0x1e lib/libfdt/fdt.o
                0x00000000ffff20fc                fdt_offset_ptr
 .text.fdt_next_tag
                0x00000000ffff211a       0x70 lib/libfdt/fdt.o
                0x00000000ffff211a                fdt_next_tag
 .text.fdt_check_node_offset_
                0x00000000ffff218a       0x24 lib/libfdt/fdt.o
                0x00000000ffff218a                fdt_check_node_offset_
 .text.fdt_check_prop_offset_
                0x00000000ffff21ae       0x24 lib/libfdt/fdt.o
                0x00000000ffff21ae                fdt_check_prop_offset_
 .text.fdt_next_node
                0x00000000ffff21d2       0x6e lib/libfdt/fdt.o
                0x00000000ffff21d2                fdt_next_node
 .text.fdt_first_subnode
                0x00000000ffff2240       0x26 lib/libfdt/fdt.o
                0x00000000ffff2240                fdt_first_subnode
 .text.fdt_next_subnode
                0x00000000ffff2266       0x2a lib/libfdt/fdt.o
                0x00000000ffff2266                fdt_next_subnode
 .text.fdt_get_property_by_offset_
                0x00000000ffff2290       0x12 lib/libfdt/fdt_ro.o
 .text.nextprop_
                0x00000000ffff22a2       0x32 lib/libfdt/fdt_ro.o
 .text.fdt_supernode_atdepth_offset.part.0
                0x00000000ffff22d4       0x48 lib/libfdt/fdt_ro.o
 .text.fdt_get_string
                0x00000000ffff231c       0x1a lib/libfdt/fdt_ro.o
                0x00000000ffff231c                fdt_get_string
 .text.fdt_string
                0x00000000ffff2336        0x6 lib/libfdt/fdt_ro.o
                0x00000000ffff2336                fdt_string
 .text.fdt_get_name
                0x00000000ffff233c       0x1c lib/libfdt/fdt_ro.o
                0x00000000ffff233c                fdt_get_name
 .text.fdt_subnode_offset_namelen
                0x00000000ffff2358       0x72 lib/libfdt/fdt_ro.o
                0x00000000ffff2358                fdt_subnode_offset_namelen
 .text.fdt_first_property_offset
                0x00000000ffff23ca       0x18 lib/libfdt/fdt_ro.o
                0x00000000ffff23ca                fdt_first_property_offset
 .text.fdt_next_property_offset
                0x00000000ffff23e2       0x18 lib/libfdt/fdt_ro.o
                0x00000000ffff23e2                fdt_next_property_offset
 .text.fdt_get_property_namelen_
                0x00000000ffff23fa       0x6c lib/libfdt/fdt_ro.o
 .text.fdt_getprop_namelen
                0x00000000ffff2466       0x16 lib/libfdt/fdt_ro.o
                0x00000000ffff2466                fdt_getprop_namelen
 .text.fdt_getprop_by_offset
                0x00000000ffff247c       0x24 lib/libfdt/fdt_ro.o
                0x00000000ffff247c                fdt_getprop_by_offset
 .text.fdt_getprop
                0x00000000ffff24a0       0x22 lib/libfdt/fdt_ro.o
                0x00000000ffff24a0                fdt_getprop
 *fill*         0x00000000ffff24c2        0x2 
 .text.fdt_get_phandle
                0x00000000ffff24c4       0x40 lib/libfdt/fdt_ro.o
                0x00000000ffff24c4                fdt_get_phandle
 .text.fdt_get_alias_namelen
                0x00000000ffff2504       0x2c lib/libfdt/fdt_ro.o
                0x00000000ffff2504                fdt_get_alias_namelen
 .text.fdt_path_offset_namelen
                0x00000000ffff2530       0x88 lib/libfdt/fdt_ro.o
                0x00000000ffff2530                fdt_path_offset_namelen
 .text.fdt_path_offset
                0x00000000ffff25b8       0x1a lib/libfdt/fdt_ro.o
                0x00000000ffff25b8                fdt_path_offset
 .text.fdt_supernode_atdepth_offset
                0x00000000ffff25d2        0xe lib/libfdt/fdt_ro.o
                0x00000000ffff25d2                fdt_supernode_atdepth_offset
 .text.fdt_node_depth
                0x00000000ffff25e0       0x14 lib/libfdt/fdt_ro.o
                0x00000000ffff25e0                fdt_node_depth
 .text.fdt_parent_offset
                0x00000000ffff25f4       0x20 lib/libfdt/fdt_ro.o
                0x00000000ffff25f4                fdt_parent_offset
 .text.fdt_node_offset_by_prop_value
                0x00000000ffff2614       0x4c lib/libfdt/fdt_ro.o
                0x00000000ffff2614                fdt_node_offset_by_prop_value
 .text.fdt_node_offset_by_phandle
                0x00000000ffff2660       0x3a lib/libfdt/fdt_ro.o
                0x00000000ffff2660                fdt_node_offset_by_phandle
 .text.fdt_stringlist_contains
                0x00000000ffff269a       0x46 lib/libfdt/fdt_ro.o
                0x00000000ffff269a                fdt_stringlist_contains
 .text.fdt_node_check_compatible
                0x00000000ffff26e0       0x28 lib/libfdt/fdt_ro.o
                0x00000000ffff26e0                fdt_node_check_compatible
 .text.fdt_node_offset_by_compatible
                0x00000000ffff2708       0x34 lib/libfdt/fdt_ro.o
                0x00000000ffff2708                fdt_node_offset_by_compatible
 .text.fdt_cells
                0x00000000ffff273c       0x2a lib/libfdt/fdt_addresses.o
 *fill*         0x00000000ffff2766        0x2 
 .text.fdt_address_cells
                0x00000000ffff2768       0x1c lib/libfdt/fdt_addresses.o
                0x00000000ffff2768                fdt_address_cells
 .text.fdt_size_cells
                0x00000000ffff2784       0x14 lib/libfdt/fdt_addresses.o
                0x00000000ffff2784                fdt_size_cells
 .text.fdtdec_get_int
                0x00000000ffff2798       0x1c lib/fdtdec_common.o
                0x00000000ffff2798                fdtdec_get_int
 .text.fdtdec_get_uint
                0x00000000ffff27b4       0x1c lib/fdtdec_common.o
                0x00000000ffff27b4                fdtdec_get_uint
 .text.get_prop_check_min_len
                0x00000000ffff27d0       0x26 lib/fdtdec.o
 *fill*         0x00000000ffff27f6        0x2 
 .text.fdtdec_prepare_fdt
                0x00000000ffff27f8       0x24 lib/fdtdec.o
 .text.fdtdec_get_is_enabled
                0x00000000ffff281c       0x28 lib/fdtdec.o
                0x00000000ffff281c                fdtdec_get_is_enabled
 .text.fdtdec_get_alias_seq
                0x00000000ffff2844       0xac lib/fdtdec.o
                0x00000000ffff2844                fdtdec_get_alias_seq
 .text.fdtdec_get_alias_highest_id
                0x00000000ffff28f0       0x78 lib/fdtdec.o
                0x00000000ffff28f0                fdtdec_get_alias_highest_id
 .text.fdtdec_get_chosen_prop
                0x00000000ffff2968       0x24 lib/fdtdec.o
                0x00000000ffff2968                fdtdec_get_chosen_prop
 .text.fdtdec_get_int_array
                0x00000000ffff298c       0x36 lib/fdtdec.o
                0x00000000ffff298c                fdtdec_get_int_array
 .text.fdtdec_parse_phandle_with_args
                0x00000000ffff29c2       0xc8 lib/fdtdec.o
                0x00000000ffff29c2                fdtdec_parse_phandle_with_args
 .text.fdtdec_get_number
                0x00000000ffff2a8a       0x1a lib/fdtdec.o
                0x00000000ffff2a8a                fdtdec_get_number
 .text.fdtdec_get_addr_size_fixed
                0x00000000ffff2aa4       0x50 lib/fdtdec.o
                0x00000000ffff2aa4                fdtdec_get_addr_size_fixed
 .text.fdtdec_get_addr_size_auto_parent
                0x00000000ffff2af4       0x46 lib/fdtdec.o
                0x00000000ffff2af4                fdtdec_get_addr_size_auto_parent
 .text.fdt_get_resource
                0x00000000ffff2b3a       0x92 lib/fdtdec.o
                0x00000000ffff2b3a                fdt_get_resource
 .text.get_next_memory_node
                0x00000000ffff2bcc       0x30 lib/fdtdec.o
                0x00000000ffff2bcc                get_next_memory_node
 .text.fdtdec_setup_memory_banksize
                0x00000000ffff2bfc       0x58 lib/fdtdec.o
                0x00000000ffff2bfc                fdtdec_setup_memory_banksize
 .text.fdtdec_board_setup
                0x00000000ffff2c54        0x4 lib/fdtdec.o
                0x00000000ffff2c54                fdtdec_board_setup
 .text.fdtdec_setup
                0x00000000ffff2c58       0x2c lib/fdtdec.o
                0x00000000ffff2c58                fdtdec_setup
 .text.__div64_32
                0x00000000ffff2c84       0x7a lib/div64.o
                0x00000000ffff2c84                __div64_32
 *fill*         0x00000000ffff2cfe        0x2 
 .text.hang     0x00000000ffff2d00       0x10 lib/hang.o
                0x00000000ffff2d00                hang
 .text.kmalloc  0x00000000ffff2d10       0x28 lib/linux_compat.o
                0x00000000ffff2d10                kmalloc
 .text.strcpy   0x00000000ffff2d38       0x10 lib/string.o
                0x00000000ffff2d38                strcpy
 .text.strcmp   0x00000000ffff2d48       0x16 lib/string.o
                0x00000000ffff2d48                strcmp
 .text.strncmp  0x00000000ffff2d5e       0x20 lib/string.o
                0x00000000ffff2d5e                strncmp
 .text.strchr   0x00000000ffff2d7e       0x1a lib/string.o
                0x00000000ffff2d7e                strchr
 .text.strlen   0x00000000ffff2d98       0x10 lib/string.o
                0x00000000ffff2d98                strlen
 .text.strrchr  0x00000000ffff2da8       0x20 lib/string.o
                0x00000000ffff2da8                strrchr
 .text.strdup   0x00000000ffff2dc8       0x22 lib/string.o
                0x00000000ffff2dc8                strdup
 .text.memcmp   0x00000000ffff2dea       0x1e lib/string.o
                0x00000000ffff2dea                memcmp
 .text.memchr   0x00000000ffff2e08       0x1c lib/string.o
                0x00000000ffff2e08                memchr
 .text.tick_to_time
                0x00000000ffff2e24       0x50 lib/time.o
 .text.timer_read_counter
                0x00000000ffff2e74       0x10 lib/time.o
                0x00000000ffff2e74                timer_read_counter
 .text.get_ticks
                0x00000000ffff2e84       0x26 lib/time.o
                0x00000000ffff2e84                get_ticks
 .text.get_timer
                0x00000000ffff2eaa       0x10 lib/time.o
                0x00000000ffff2eaa                get_timer
 *fill*         0x00000000ffff2eba        0x2 
 .text.get_timer_us
                0x00000000ffff2ebc       0x68 lib/time.o
                0x00000000ffff2ebc                get_timer_us
 .text.timer_get_us
                0x00000000ffff2f24       0x18 lib/time.o
                0x00000000ffff2f24                timer_get_us
 .text.usec_to_tick
                0x00000000ffff2f3c       0x44 lib/time.o
                0x00000000ffff2f3c                usec_to_tick
 .text.__udelay
                0x00000000ffff2f80       0x2a lib/time.o
                0x00000000ffff2f80                __udelay
 *fill*         0x00000000ffff2faa        0x2 
 .text.udelay   0x00000000ffff2fac       0x24 lib/time.o
                0x00000000ffff2fac                udelay
 .text.panic_finish
                0x00000000ffff2fd0       0x1a lib/panic.o
 .text.panic_str
                0x00000000ffff2fea        0xa lib/panic.o
                0x00000000ffff2fea                panic_str
 .text.panic    0x00000000ffff2ff4       0x14 lib/panic.o
                0x00000000ffff2ff4                panic
 .text.div_out  0x00000000ffff3008       0x34 lib/tiny-printf.o
 .text.putc_outstr
                0x00000000ffff303c        0xa lib/tiny-printf.o
 .text.putc_normal
                0x00000000ffff3046        0x6 lib/tiny-printf.o
 .text._vprintf
                0x00000000ffff304c      0x1fc lib/tiny-printf.o
 .text.vprintf  0x00000000ffff3248       0x1c lib/tiny-printf.o
                0x00000000ffff3248                vprintf
 .text.printf   0x00000000ffff3264       0x24 lib/tiny-printf.o
                0x00000000ffff3264                printf
 .text.sprintf  0x00000000ffff3288       0x34 lib/tiny-printf.o
                0x00000000ffff3288                sprintf
 .text.snprintf
                0x00000000ffff32bc       0x34 lib/tiny-printf.o
                0x00000000ffff32bc                snprintf
 .text._parse_integer_fixup_radix
                0x00000000ffff32f0       0x38 lib/strto.o
 .text.decode_digit
                0x00000000ffff3328       0x2c lib/strto.o
 .text.simple_strtoul
                0x00000000ffff3354       0x32 lib/strto.o
                0x00000000ffff3354                simple_strtoul
 .text.dectoul  0x00000000ffff3386        0x6 lib/strto.o
                0x00000000ffff3386                dectoul
 .text.trailing_strtoln_end
                0x00000000ffff338c       0x50 lib/strto.o
                0x00000000ffff338c                trailing_strtoln_end
 .text.trailing_strtoln
                0x00000000ffff33dc        0x6 lib/strto.o
                0x00000000ffff33dc                trailing_strtoln
 .text.trailing_strtol
                0x00000000ffff33e2        0x6 lib/strto.o
                0x00000000ffff33e2                trailing_strtol
 .text.part_driver_get_type
                0x00000000ffff33e8       0x20 disk/part.o
 .text.part_driver_lookup_type
                0x00000000ffff3408       0x3c disk/part.o
 .text.part_init
                0x00000000ffff3444       0x50 disk/part.o
                0x00000000ffff3444                part_init
 .text.part_get_info_by_type
                0x00000000ffff3494       0x3a disk/part.o
                0x00000000ffff3494                part_get_info_by_type
 .text.part_get_info
                0x00000000ffff34ce        0x8 disk/part.o
                0x00000000ffff34ce                part_get_info
 *fill*         0x00000000ffff34d6        0x2 
 .text.part_get_info_whole_disk
                0x00000000ffff34d8       0x34 disk/part.o
                0x00000000ffff34d8                part_get_info_whole_disk
 .text.part_set_generic_name
                0x00000000ffff350c       0x68 disk/part.o
                0x00000000ffff350c                part_set_generic_name
 .text.disk_blk_part_validate
                0x00000000ffff3574       0x38 disk/disk-uclass.o
 .text.disk_blk_read
                0x00000000ffff35ac       0x36 disk/disk-uclass.o
                0x00000000ffff35ac                disk_blk_read
 .text.disk_blk_erase
                0x00000000ffff35e2       0x2e disk/disk-uclass.o
                0x00000000ffff35e2                disk_blk_erase
 .text.disk_blk_write
                0x00000000ffff3610       0x36 disk/disk-uclass.o
                0x00000000ffff3610                disk_blk_write
 *fill*         0x00000000ffff3646        0x2 
 .text.test_block_type
                0x00000000ffff3648       0x78 disk/part_dos.o
 .text.part_test_dos
                0x00000000ffff36c0       0x40 disk/part_dos.o
 .text.part_get_info_extended.constprop.0
                0x00000000ffff3700      0x1cc disk/part_dos.o
 .text.part_get_info_dos
                0x00000000ffff38cc       0x16 disk/part_dos.o
 .text.blk_buffer_aligned
                0x00000000ffff38e2       0x14 drivers/block/blk-uclass.o
 *fill*         0x00000000ffff38f6        0x2 
 .text.blk_post_probe
                0x00000000ffff38f8       0x8c drivers/block/blk-uclass.o
 .text.blk_select_hwpart
                0x00000000ffff3984       0x16 drivers/block/blk-uclass.o
                0x00000000ffff3984                blk_select_hwpart
 .text.blk_dselect_hwpart
                0x00000000ffff399a        0x6 drivers/block/blk-uclass.o
                0x00000000ffff399a                blk_dselect_hwpart
 .text.blk_find_device
                0x00000000ffff39a0       0x50 drivers/block/blk-uclass.o
                0x00000000ffff39a0                blk_find_device
 .text.blk_read
                0x00000000ffff39f0       0x88 drivers/block/blk-uclass.o
                0x00000000ffff39f0                blk_read
 .text.blk_write
                0x00000000ffff3a78       0x88 drivers/block/blk-uclass.o
                0x00000000ffff3a78                blk_write
 .text.blk_erase
                0x00000000ffff3b00       0x26 drivers/block/blk-uclass.o
                0x00000000ffff3b00                blk_erase
 .text.blk_dread
                0x00000000ffff3b26        0x6 drivers/block/blk-uclass.o
                0x00000000ffff3b26                blk_dread
 .text.blk_find_max_devnum
                0x00000000ffff3b2c       0x46 drivers/block/blk-uclass.o
                0x00000000ffff3b2c                blk_find_max_devnum
 .text.blk_next_free_devnum
                0x00000000ffff3b72       0x18 drivers/block/blk-uclass.o
                0x00000000ffff3b72                blk_next_free_devnum
 *fill*         0x00000000ffff3b8a        0x2 
 .text.blk_create_devicef
                0x00000000ffff3b8c      0x118 drivers/block/blk-uclass.o
                0x00000000ffff3b8c                blk_create_devicef
 .text.l2x0_probe
                0x00000000ffff3ca4      0x104 drivers/cache/cache-l2x0.o
 .text.alloc_priv
                0x00000000ffff3da8       0x38 drivers/core/device.o
 .text.device_bind_common.constprop.0
                0x00000000ffff3de0      0x17c drivers/core/device.o
 .text.device_bind_with_driver_data
                0x00000000ffff3f5c       0x16 drivers/core/device.o
                0x00000000ffff3f5c                device_bind_with_driver_data
 .text.device_bind_by_name
                0x00000000ffff3f72       0x44 drivers/core/device.o
                0x00000000ffff3f72                device_bind_by_name
 .text.device_of_to_plat
                0x00000000ffff3fb6       0x9e drivers/core/device.o
                0x00000000ffff3fb6                device_of_to_plat
 .text.device_probe
                0x00000000ffff4054       0x7e drivers/core/device.o
                0x00000000ffff4054                device_probe
 .text.dev_get_plat
                0x00000000ffff40d2        0x6 drivers/core/device.o
                0x00000000ffff40d2                dev_get_plat
 .text.dev_get_uclass_plat
                0x00000000ffff40d8        0x6 drivers/core/device.o
                0x00000000ffff40d8                dev_get_uclass_plat
 .text.dev_get_priv
                0x00000000ffff40de        0x6 drivers/core/device.o
                0x00000000ffff40de                dev_get_priv
 .text.dev_get_uclass_priv
                0x00000000ffff40e4        0x6 drivers/core/device.o
                0x00000000ffff40e4                dev_get_uclass_priv
 .text.device_find_first_child_by_uclass
                0x00000000ffff40ea       0x32 drivers/core/device.o
                0x00000000ffff40ea                device_find_first_child_by_uclass
 .text.dev_get_parent
                0x00000000ffff411c        0x4 drivers/core/device.o
                0x00000000ffff411c                dev_get_parent
 .text.dev_get_driver_data
                0x00000000ffff4120        0x4 drivers/core/device.o
                0x00000000ffff4120                dev_get_driver_data
 .text.device_get_uclass_id
                0x00000000ffff4124        0x8 drivers/core/device.o
                0x00000000ffff4124                device_get_uclass_id
 .text.device_set_name_alloced
                0x00000000ffff412c        0xa drivers/core/device.o
                0x00000000ffff412c                device_set_name_alloced
 *fill*         0x00000000ffff4136        0x2 
 .text.devfdt_get_addr_index_parent
                0x00000000ffff4138       0x44 drivers/core/fdtaddr.o
                0x00000000ffff4138                devfdt_get_addr_index_parent
 .text.devfdt_get_addr_index
                0x00000000ffff417c       0x22 drivers/core/fdtaddr.o
                0x00000000ffff417c                devfdt_get_addr_index
 .text.devfdt_get_addr
                0x00000000ffff419e        0x6 drivers/core/fdtaddr.o
                0x00000000ffff419e                devfdt_get_addr
 .text.devfdt_remap_addr_index
                0x00000000ffff41a4        0xe drivers/core/fdtaddr.o
                0x00000000ffff41a4                devfdt_remap_addr_index
 .text.devfdt_get_addr_ptr
                0x00000000ffff41b2        0x6 drivers/core/fdtaddr.o
                0x00000000ffff41b2                devfdt_get_addr_ptr
 .text.devfdt_get_addr_index_ptr
                0x00000000ffff41b8        0x4 drivers/core/fdtaddr.o
                0x00000000ffff41b8                devfdt_get_addr_index_ptr
 .text.devfdt_remap_addr
                0x00000000ffff41bc        0x4 drivers/core/fdtaddr.o
                0x00000000ffff41bc                devfdt_remap_addr
 .text.lists_driver_lookup_name
                0x00000000ffff41c0       0x2c drivers/core/lists.o
                0x00000000ffff41c0                lists_driver_lookup_name
 .text.lists_uclass_lookup
                0x00000000ffff41ec       0x20 drivers/core/lists.o
                0x00000000ffff41ec                lists_uclass_lookup
 .text.lists_bind_drivers
                0x00000000ffff420c       0x74 drivers/core/lists.o
                0x00000000ffff420c                lists_bind_drivers
 .text.device_bind_driver_to_node
                0x00000000ffff4280       0x2c drivers/core/lists.o
                0x00000000ffff4280                device_bind_driver_to_node
 .text.device_bind_driver
                0x00000000ffff42ac       0x12 drivers/core/lists.o
                0x00000000ffff42ac                device_bind_driver
 *fill*         0x00000000ffff42be        0x2 
 .text.lists_bind_fdt
                0x00000000ffff42c0       0xf8 drivers/core/lists.o
                0x00000000ffff42c0                lists_bind_fdt
 .text.dm_scan_fdt_node
                0x00000000ffff43b8       0x5e drivers/core/root.o
 .text.dm_probe_devices
                0x00000000ffff4416       0x4e drivers/core/root.o
 .text.dm_fixup_for_gd_move
                0x00000000ffff4464       0x14 drivers/core/root.o
                0x00000000ffff4464                dm_fixup_for_gd_move
 .text.dm_init  0x00000000ffff4478       0x50 drivers/core/root.o
                0x00000000ffff4478                dm_init
 .text.dm_scan_plat
                0x00000000ffff44c8       0x14 drivers/core/root.o
                0x00000000ffff44c8                dm_scan_plat
 .text.dm_scan_fdt_dev
                0x00000000ffff44dc       0x10 drivers/core/root.o
                0x00000000ffff44dc                dm_scan_fdt_dev
 .text.dm_scan_fdt
                0x00000000ffff44ec        0xc drivers/core/root.o
                0x00000000ffff44ec                dm_scan_fdt
 .text.dm_extended_scan
                0x00000000ffff44f8       0x3c drivers/core/root.o
                0x00000000ffff44f8                dm_extended_scan
 .text.dm_scan_other
                0x00000000ffff4534        0x4 drivers/core/root.o
                0x00000000ffff4534                dm_scan_other
 .text.dm_autoprobe
                0x00000000ffff4538       0x12 drivers/core/root.o
                0x00000000ffff4538                dm_autoprobe
 .text.dm_init_and_scan
                0x00000000ffff454a       0x28 drivers/core/root.o
                0x00000000ffff454a                dm_init_and_scan
 .text.uclass_find
                0x00000000ffff4572       0x34 drivers/core/uclass.o
                0x00000000ffff4572                uclass_find
 .text.uclass_get
                0x00000000ffff45a6       0xa2 drivers/core/uclass.o
                0x00000000ffff45a6                uclass_get
 .text.uclass_find_device
                0x00000000ffff4648       0x42 drivers/core/uclass.o
                0x00000000ffff4648                uclass_find_device
 .text.uclass_find_first_device
                0x00000000ffff468a       0x22 drivers/core/uclass.o
                0x00000000ffff468a                uclass_find_first_device
 .text.uclass_find_next_device
                0x00000000ffff46ac       0x18 drivers/core/uclass.o
                0x00000000ffff46ac                uclass_find_next_device
 .text._uclass_next_device
                0x00000000ffff46c4       0x22 drivers/core/uclass.o
 .text.uclass_find_next_free_seq
                0x00000000ffff46e6       0x46 drivers/core/uclass.o
                0x00000000ffff46e6                uclass_find_next_free_seq
 .text.uclass_find_device_by_seq
                0x00000000ffff472c       0x42 drivers/core/uclass.o
                0x00000000ffff472c                uclass_find_device_by_seq
 .text.uclass_find_device_by_of_offset
                0x00000000ffff476e       0x40 drivers/core/uclass.o
                0x00000000ffff476e                uclass_find_device_by_of_offset
 .text.uclass_find_device_by_ofnode
                0x00000000ffff47ae       0x40 drivers/core/uclass.o
                0x00000000ffff47ae                uclass_find_device_by_ofnode
 .text.uclass_get_device_tail
                0x00000000ffff47ee       0x16 drivers/core/uclass.o
                0x00000000ffff47ee                uclass_get_device_tail
 .text.uclass_get_device
                0x00000000ffff4804       0x1c drivers/core/uclass.o
                0x00000000ffff4804                uclass_get_device
 .text.uclass_get_device_by_seq
                0x00000000ffff4820       0x1c drivers/core/uclass.o
                0x00000000ffff4820                uclass_get_device_by_seq
 .text.uclass_get_device_by_of_offset
                0x00000000ffff483c       0x1c drivers/core/uclass.o
                0x00000000ffff483c                uclass_get_device_by_of_offset
 .text.uclass_get_device_by_ofnode
                0x00000000ffff4858       0x1c drivers/core/uclass.o
                0x00000000ffff4858                uclass_get_device_by_ofnode
 .text.uclass_first_device
                0x00000000ffff4874       0x18 drivers/core/uclass.o
                0x00000000ffff4874                uclass_first_device
 .text.uclass_next_device
                0x00000000ffff488c       0x1a drivers/core/uclass.o
                0x00000000ffff488c                uclass_next_device
 .text.uclass_first_device_check
                0x00000000ffff48a6       0x1e drivers/core/uclass.o
                0x00000000ffff48a6                uclass_first_device_check
 .text.uclass_first_device_err
                0x00000000ffff48c4       0x16 drivers/core/uclass.o
                0x00000000ffff48c4                uclass_first_device_err
 .text.uclass_bind_device
                0x00000000ffff48da       0x3a drivers/core/uclass.o
                0x00000000ffff48da                uclass_bind_device
 .text.uclass_pre_probe_device
                0x00000000ffff4914       0x2e drivers/core/uclass.o
                0x00000000ffff4914                uclass_pre_probe_device
 .text.uclass_post_probe_device
                0x00000000ffff4942       0x2e drivers/core/uclass.o
                0x00000000ffff4942                uclass_post_probe_device
 .text.simple_bus_post_bind
                0x00000000ffff4970       0x38 drivers/core/simple-bus.o
 .text.simple_bus_translate
                0x00000000ffff49a8       0x20 drivers/core/simple-bus.o
                0x00000000ffff49a8                simple_bus_translate
 .text.ofnode_read_u32_index
                0x00000000ffff49c8       0x42 drivers/core/ofnode.o
                0x00000000ffff49c8                ofnode_read_u32_index
 .text.ofnode_read_u32
                0x00000000ffff4a0a        0x8 drivers/core/ofnode.o
                0x00000000ffff4a0a                ofnode_read_u32
 .text.ofnode_read_u32_default
                0x00000000ffff4a12       0x14 drivers/core/ofnode.o
                0x00000000ffff4a12                ofnode_read_u32_default
 .text.ofnode_read_prop
                0x00000000ffff4a26       0x2a drivers/core/ofnode.o
                0x00000000ffff4a26                ofnode_read_prop
 .text.ofnode_read_u32_array
                0x00000000ffff4a50       0x18 drivers/core/ofnode.o
                0x00000000ffff4a50                ofnode_read_u32_array
 .text.ofnode_get_name
                0x00000000ffff4a68       0x12 drivers/core/ofnode.o
                0x00000000ffff4a68                ofnode_get_name
 .text.ofnode_parse_phandle_with_args
                0x00000000ffff4a7a       0x3e drivers/core/ofnode.o
                0x00000000ffff4a7a                ofnode_parse_phandle_with_args
 .text.ofnode_count_phandle_with_args
                0x00000000ffff4ab8       0x24 drivers/core/ofnode.o
                0x00000000ffff4ab8                ofnode_count_phandle_with_args
 .text.ofnode_path
                0x00000000ffff4adc       0x12 drivers/core/ofnode.o
                0x00000000ffff4adc                ofnode_path
 .text.ofnode_get_property
                0x00000000ffff4aee       0x14 drivers/core/ofnode.o
                0x00000000ffff4aee                ofnode_get_property
 .text.ofnode_has_property
                0x00000000ffff4b02       0x10 drivers/core/ofnode.o
                0x00000000ffff4b02                ofnode_has_property
 .text.ofnode_read_bool
                0x00000000ffff4b12        0x4 drivers/core/ofnode.o
                0x00000000ffff4b12                ofnode_read_bool
 .text.ofnode_pre_reloc
                0x00000000ffff4b16        0x4 drivers/core/ofnode.o
                0x00000000ffff4b16                ofnode_pre_reloc
 *fill*         0x00000000ffff4b1a        0x2 
 .text.ofnode_read_resource
                0x00000000ffff4b1c       0x40 drivers/core/ofnode.o
                0x00000000ffff4b1c                ofnode_read_resource
 .text.ofnode_by_prop_value
                0x00000000ffff4b5c       0x18 drivers/core/ofnode.o
                0x00000000ffff4b5c                ofnode_by_prop_value
 .text.sysreset_request
                0x00000000ffff4b74       0x10 drivers/sysreset/sysreset-uclass.o
                0x00000000ffff4b74                sysreset_request
 .text.sysreset_walk
                0x00000000ffff4b84       0x3e drivers/sysreset/sysreset-uclass.o
                0x00000000ffff4b84                sysreset_walk
 *fill*         0x00000000ffff4bc2        0x2 
 .text.sysreset_walk_halt
                0x00000000ffff4bc4       0x24 drivers/sysreset/sysreset-uclass.o
                0x00000000ffff4bc4                sysreset_walk_halt
 .text.do_reset
                0x00000000ffff4be8       0x3c drivers/sysreset/sysreset-uclass.o
                0x00000000ffff4be8                do_reset
 .text.socfpga_sysreset_request
                0x00000000ffff4c24       0x2e drivers/sysreset/sysreset_socfpga.o
 .text.socfpga_sysreset_probe
                0x00000000ffff4c52       0x1a drivers/sysreset/sysreset_socfpga.o
 .text.mmc_send_cmd_retry
                0x00000000ffff4c6c       0x1c drivers/mmc/mmc.o
 .text.mmc_send_op_cond_iter
                0x00000000ffff4c88       0x44 drivers/mmc/mmc.o
 .text.mmc_go_idle
                0x00000000ffff4ccc       0x30 drivers/mmc/mmc.o
 .text.mmc_set_capacity
                0x00000000ffff4cfc       0x62 drivers/mmc/mmc.o
 .text.mmc_send_status
                0x00000000ffff4d5e       0x2c drivers/mmc/mmc.o
                0x00000000ffff4d5e                mmc_send_status
 .text.__mmc_switch.constprop.0
                0x00000000ffff4d8a       0xb6 drivers/mmc/mmc.o
 .text.mmc_set_blocklen
                0x00000000ffff4e40       0x3a drivers/mmc/mmc.o
                0x00000000ffff4e40                mmc_set_blocklen
 .text.mmc_send_stop_transmission
                0x00000000ffff4e7a       0x2e drivers/mmc/mmc.o
                0x00000000ffff4e7a                mmc_send_stop_transmission
 .text.mmc_bread
                0x00000000ffff4ea8       0xe4 drivers/mmc/mmc.o
                0x00000000ffff4ea8                mmc_bread
 .text.mmc_send_ext_csd
                0x00000000ffff4f8c       0x2c drivers/mmc/mmc.o
                0x00000000ffff4f8c                mmc_send_ext_csd
 .text.mmc_read_and_compare_ext_csd
                0x00000000ffff4fb8       0x78 drivers/mmc/mmc.o
 .text.mmc_set_card_speed.constprop.0
                0x00000000ffff5030       0x68 drivers/mmc/mmc.o
 .text.mmc_switch
                0x00000000ffff5098        0x4 drivers/mmc/mmc.o
                0x00000000ffff5098                mmc_switch
 .text.mmc_startup_v4.constprop.0
                0x00000000ffff509c      0x1f4 drivers/mmc/mmc.o
 .text.mmc_switch_part
                0x00000000ffff5290       0x56 drivers/mmc/mmc.o
                0x00000000ffff5290                mmc_switch_part
 .text.mmc_set_clock
                0x00000000ffff52e6       0x20 drivers/mmc/mmc.o
                0x00000000ffff52e6                mmc_set_clock
 *fill*         0x00000000ffff5306        0x2 
 .text.mmc_get_op_cond
                0x00000000ffff5308      0x1bc drivers/mmc/mmc.o
                0x00000000ffff5308                mmc_get_op_cond
 .text.mmc_start_init
                0x00000000ffff54c4       0x44 drivers/mmc/mmc.o
                0x00000000ffff54c4                mmc_start_init
 .text.mmc_init
                0x00000000ffff5508      0x814 drivers/mmc/mmc.o
                0x00000000ffff5508                mmc_init
 .text.mmc_deinit
                0x00000000ffff5d1c       0x12 drivers/mmc/mmc.o
                0x00000000ffff5d1c                mmc_deinit
 .text.mmc_cyclic_cd_poll
                0x00000000ffff5d2e       0x24 drivers/mmc/mmc.o
 .text.mmc_init_device
                0x00000000ffff5d52       0x42 drivers/mmc/mmc.o
                0x00000000ffff5d52                mmc_init_device
 .text.mmc_blk_probe
                0x00000000ffff5d94       0x14 drivers/mmc/mmc-uclass.o
 .text.mmc_remove
                0x00000000ffff5da8       0x10 drivers/mmc/mmc-uclass.o
 .text.mmc_set_ios
                0x00000000ffff5db8       0x14 drivers/mmc/mmc-uclass.o
                0x00000000ffff5db8                mmc_set_ios
 .text.mmc_wait_dat0
                0x00000000ffff5dcc       0x14 drivers/mmc/mmc-uclass.o
                0x00000000ffff5dcc                mmc_wait_dat0
 .text.dm_mmc_send_init_stream
                0x00000000ffff5de0        0xc drivers/mmc/mmc-uclass.o
                0x00000000ffff5de0                dm_mmc_send_init_stream
 .text.mmc_send_init_stream
                0x00000000ffff5dec        0x8 drivers/mmc/mmc-uclass.o
                0x00000000ffff5dec                mmc_send_init_stream
 .text.mmc_getcd
                0x00000000ffff5df4       0x14 drivers/mmc/mmc-uclass.o
                0x00000000ffff5df4                mmc_getcd
 .text.mmc_host_power_cycle
                0x00000000ffff5e08       0x12 drivers/mmc/mmc-uclass.o
                0x00000000ffff5e08                mmc_host_power_cycle
 .text.mmc_deferred_probe
                0x00000000ffff5e1a       0x12 drivers/mmc/mmc-uclass.o
                0x00000000ffff5e1a                mmc_deferred_probe
 .text.mmc_reinit
                0x00000000ffff5e2c       0x12 drivers/mmc/mmc-uclass.o
                0x00000000ffff5e2c                mmc_reinit
 .text.mmc_get_mmc_dev
                0x00000000ffff5e3e       0x16 drivers/mmc/mmc-uclass.o
                0x00000000ffff5e3e                mmc_get_mmc_dev
 .text.mmc_get_b_max
                0x00000000ffff5e54       0x2e drivers/mmc/mmc-uclass.o
                0x00000000ffff5e54                mmc_get_b_max
 .text.mmc_send_cmd
                0x00000000ffff5e82       0x2a drivers/mmc/mmc-uclass.o
                0x00000000ffff5e82                mmc_send_cmd
 .text.mmc_select_hwpart
                0x00000000ffff5eac       0x3a drivers/mmc/mmc-uclass.o
 *fill*         0x00000000ffff5ee6        0x2 
 .text.find_mmc_device
                0x00000000ffff5ee8       0x30 drivers/mmc/mmc-uclass.o
                0x00000000ffff5ee8                find_mmc_device
 .text.mmc_get_blk_desc
                0x00000000ffff5f18       0x1c drivers/mmc/mmc-uclass.o
                0x00000000ffff5f18                mmc_get_blk_desc
 .text.mmc_bind
                0x00000000ffff5f34       0x68 drivers/mmc/mmc-uclass.o
                0x00000000ffff5f34                mmc_bind
 .text.dwmci_wait_reset
                0x00000000ffff5f9c       0x24 drivers/mmc/dw_mmc.o
 .text.dwmci_fifo_ready
                0x00000000ffff5fc0       0x36 drivers/mmc/dw_mmc.o
 *fill*         0x00000000ffff5ff6        0x2 
 .text.dwmci_send_cmd_common
                0x00000000ffff5ff8      0x460 drivers/mmc/dw_mmc.o
 .text.dwmci_send_cmd
                0x00000000ffff6458       0x3e drivers/mmc/dw_mmc.o
 *fill*         0x00000000ffff6496        0x2 
 .text.dwmci_setup_bus.isra.0
                0x00000000ffff6498       0x9c drivers/mmc/dw_mmc.o
 .text.dwmci_set_ios
                0x00000000ffff6534       0x5e drivers/mmc/dw_mmc.o
 *fill*         0x00000000ffff6592        0x2 
 .text.dwmci_probe
                0x00000000ffff6594       0xd8 drivers/mmc/dw_mmc.o
                0x00000000ffff6594                dwmci_probe
 .text.dwmci_setup_cfg
                0x00000000ffff666c       0x3c drivers/mmc/dw_mmc.o
                0x00000000ffff666c                dwmci_setup_cfg
 .text.dwmci_bind
                0x00000000ffff66a8        0x4 drivers/mmc/dw_mmc.o
                0x00000000ffff66a8                dwmci_bind
 .text.socfpga_dwmci_clksel
                0x00000000ffff66ac       0x4c drivers/mmc/socfpga_dw_mmc.o
 .text.socfpga_dwmmc_of_to_plat
                0x00000000ffff66f8       0x9c drivers/mmc/socfpga_dw_mmc.o
 .text.socfpga_dwmmc_probe
                0x00000000ffff6794       0x80 drivers/mmc/socfpga_dw_mmc.o
 .text.socfpga_dwmmc_bind
                0x00000000ffff6814       0x18 drivers/mmc/socfpga_dw_mmc.o
 .text._serial_putc
                0x00000000ffff682c       0x22 drivers/serial/serial-uclass.o
 .text.serial_post_probe
                0x00000000ffff684e       0x12 drivers/serial/serial-uclass.o
 .text.serial_pre_remove
                0x00000000ffff6860        0x4 drivers/serial/serial-uclass.o
 .text.serial_putc
                0x00000000ffff6864       0x12 drivers/serial/serial-uclass.o
                0x00000000ffff6864                serial_putc
 .text.serial_puts
                0x00000000ffff6876       0x1e drivers/serial/serial-uclass.o
                0x00000000ffff6876                serial_puts
 .text.serial_flush
                0x00000000ffff6894       0x22 drivers/serial/serial-uclass.o
                0x00000000ffff6894                serial_flush
 .text.serial_setbrg
                0x00000000ffff68b6       0x1e drivers/serial/serial-uclass.o
                0x00000000ffff68b6                serial_setbrg
 .text.serial_init
                0x00000000ffff68d4       0xd0 drivers/serial/serial-uclass.o
                0x00000000ffff68d4                serial_init
 .text.ns16550_serial_getinfo
                0x00000000ffff69a4        0xc drivers/serial/ns16550.o
                0x00000000ffff69a4                ns16550_serial_getinfo
 .text.ns16550_serial_of_to_plat
                0x00000000ffff69b0       0x7c drivers/serial/ns16550.o
                0x00000000ffff69b0                ns16550_serial_of_to_plat
 .text.ns16550_readb.isra.0
                0x00000000ffff6a2c       0x14 drivers/serial/ns16550.o
 .text.ns16550_serial_getc
                0x00000000ffff6a40       0x26 drivers/serial/ns16550.o
                0x00000000ffff6a40                ns16550_serial_getc
 .text.ns16550_serial_pending
                0x00000000ffff6a66       0x28 drivers/serial/ns16550.o
                0x00000000ffff6a66                ns16550_serial_pending
 .text.ns16550_writeb
                0x00000000ffff6a8e       0x18 drivers/serial/ns16550.o
                0x00000000ffff6a8e                ns16550_writeb
 .text.ns16550_serial_putc
                0x00000000ffff6aa6       0x32 drivers/serial/ns16550.o
                0x00000000ffff6aa6                ns16550_serial_putc
 .text.ns16550_serial_setconfig
                0x00000000ffff6ad8       0x38 drivers/serial/ns16550.o
                0x00000000ffff6ad8                ns16550_serial_setconfig
 .text.ns16550_setbrg
                0x00000000ffff6b10       0x42 drivers/serial/ns16550.o
                0x00000000ffff6b10                ns16550_setbrg
 .text.ns16550_serial_setbrg
                0x00000000ffff6b52       0x24 drivers/serial/ns16550.o
                0x00000000ffff6b52                ns16550_serial_setbrg
 .text.ns16550_init
                0x00000000ffff6b76       0x4e drivers/serial/ns16550.o
                0x00000000ffff6b76                ns16550_init
 .text.ns16550_serial_probe
                0x00000000ffff6bc4       0x38 drivers/serial/ns16550.o
                0x00000000ffff6bc4                ns16550_serial_probe
 .text.sdram_init_ecc_bits
                0x00000000ffff6bfc       0x98 drivers/ddr/altera/sdram_soc32.o
                0x00000000ffff6bfc                sdram_init_ecc_bits
 .text.sdram_set_rule
                0x00000000ffff6c94       0x66 drivers/ddr/altera/sdram_gen5.o
 .text.sdram_calculate_size
                0x00000000ffff6cfa       0x5c drivers/ddr/altera/sdram_gen5.o
 .text.altera_gen5_sdram_get_info
                0x00000000ffff6d56       0x14 drivers/ddr/altera/sdram_gen5.o
 .text.altera_gen5_sdram_of_to_plat
                0x00000000ffff6d6a       0x20 drivers/ddr/altera/sdram_gen5.o
 *fill*         0x00000000ffff6d8a        0x2 
 .text.sdram_mmr_init_full
                0x00000000ffff6d8c      0x334 drivers/ddr/altera/sdram_gen5.o
                0x00000000ffff6d8c                sdram_mmr_init_full
 .text.altera_gen5_sdram_probe
                0x00000000ffff70c0      0x118 drivers/ddr/altera/sdram_gen5.o
 .text.reg_file_set_group
                0x00000000ffff71d8       0x18 drivers/ddr/altera/sequencer.o
 .text.reg_file_set_stage
                0x00000000ffff71f0       0x18 drivers/ddr/altera/sequencer.o
 .text.reg_file_set_sub_stage
                0x00000000ffff7208       0x18 drivers/ddr/altera/sequencer.o
 .text.scc_mgr_set
                0x00000000ffff7220       0x14 drivers/ddr/altera/sequencer.o
 .text.scc_mgr_set_all_ranks
                0x00000000ffff7234       0x48 drivers/ddr/altera/sequencer.o
 .text.scc_mgr_set_dqs_en_phase_all_ranks
                0x00000000ffff727c       0x18 drivers/ddr/altera/sequencer.o
 .text.scc_mgr_set_dqs_en_delay_all_ranks
                0x00000000ffff7294       0x18 drivers/ddr/altera/sequencer.o
 .text.set_jump_as_return
                0x00000000ffff72ac       0x20 drivers/ddr/altera/sequencer.o
 .text.delay_for_n_mem_clocks
                0x00000000ffff72cc       0xa8 drivers/ddr/altera/sequencer.o
 .text.delay_for_n_ns
                0x00000000ffff7374       0x1c drivers/ddr/altera/sequencer.o
 .text.rw_mgr_mem_init_load_regs
                0x00000000ffff7390       0x50 drivers/ddr/altera/sequencer.o
 .text.rw_mgr_incr_vfifo
                0x00000000ffff73e0       0x10 drivers/ddr/altera/sequencer.o
 .text.rw_mgr_decr_vfifo
                0x00000000ffff73f0       0x1c drivers/ddr/altera/sequencer.o
 .text.scc_mgr_load_dqs_for_write_group.isra.0
                0x00000000ffff740c       0x30 drivers/ddr/altera/sequencer.o
 .text.scc_mgr_set_oct_out1_delay.isra.0
                0x00000000ffff743c       0x2e drivers/ddr/altera/sequencer.o
 *fill*         0x00000000ffff746a        0x2 
 .text.scc_mgr_apply_group_dm_out1_delay
                0x00000000ffff746c       0x48 drivers/ddr/altera/sequencer.o
 .text.scc_mgr_apply_group_dqs_io_and_oct_out1
                0x00000000ffff74b4       0x38 drivers/ddr/altera/sequencer.o
 .text.scc_mgr_zero_group
                0x00000000ffff74ec       0xf8 drivers/ddr/altera/sequencer.o
 .text.scc_mgr_apply_group_dq_out1_delay
                0x00000000ffff75e4       0x30 drivers/ddr/altera/sequencer.o
 .text.center_dq_windows
                0x00000000ffff7614       0xec drivers/ddr/altera/sequencer.o
 .text.scc_mgr_apply_group_dq_in_delay
                0x00000000ffff7700       0x30 drivers/ddr/altera/sequencer.o
 .text.dram_is_ddr
                0x00000000ffff7730       0x28 drivers/ddr/altera/sequencer.o
                0x00000000ffff7730                dram_is_ddr
 .text.set_rank_and_odt_mask
                0x00000000ffff7758       0xe8 drivers/ddr/altera/sequencer.o
 .text.mem_precharge_and_activate
                0x00000000ffff7840       0x68 drivers/ddr/altera/sequencer.o
 .text.rw_mgr_mem_calibrate_read_test.constprop.0
                0x00000000ffff78a8      0x18c drivers/ddr/altera/sequencer.o
 .text.rw_mgr_mem_calibrate_read_test_all_ranks.isra.0
                0x00000000ffff7a34       0x1c drivers/ddr/altera/sequencer.o
 .text.sdr_find_phase_delay
                0x00000000ffff7a50       0x72 drivers/ddr/altera/sequencer.o
 *fill*         0x00000000ffff7ac2        0x2 
 .text.rw_mgr_mem_calibrate_read_load_patterns.constprop.0
                0x00000000ffff7ac4       0x90 drivers/ddr/altera/sequencer.o
 .text.rw_mgr_mem_calibrate_write_test.constprop.0
                0x00000000ffff7b54      0x1a4 drivers/ddr/altera/sequencer.o
 .text.search_stop_check.constprop.0
                0x00000000ffff7cf8       0x8a drivers/ddr/altera/sequencer.o
 *fill*         0x00000000ffff7d82        0x2 
 .text.search_left_edge.constprop.0
                0x00000000ffff7d84      0x130 drivers/ddr/altera/sequencer.o
 .text.search_right_edge
                0x00000000ffff7eb4      0x164 drivers/ddr/altera/sequencer.o
 .text.rw_mgr_mem_calibrate_vfifo_center.constprop.0
                0x00000000ffff8018      0x23c drivers/ddr/altera/sequencer.o
 .text.rw_mgr_mem_load_user
                0x00000000ffff8254      0x1f8 drivers/ddr/altera/sequencer.o
 .text.sdram_calibration_full
                0x00000000ffff844c     0x116c drivers/ddr/altera/sequencer.o
                0x00000000ffff844c                sdram_calibration_full
 .text.reset_get_by_index_tail.part.0.constprop.0
                0x00000000ffff95b8       0x4c drivers/reset/reset-uclass.o
 .text.reset_get_by_index_nodev
                0x00000000ffff9604       0x30 drivers/reset/reset-uclass.o
                0x00000000ffff9604                reset_get_by_index_nodev
 .text.reset_free
                0x00000000ffff9634       0x10 drivers/reset/reset-uclass.o
                0x00000000ffff9634                reset_free
 .text.reset_assert
                0x00000000ffff9644       0x10 drivers/reset/reset-uclass.o
                0x00000000ffff9644                reset_assert
 .text.reset_assert_bulk
                0x00000000ffff9654       0x22 drivers/reset/reset-uclass.o
                0x00000000ffff9654                reset_assert_bulk
 .text.reset_deassert
                0x00000000ffff9676       0x10 drivers/reset/reset-uclass.o
                0x00000000ffff9676                reset_deassert
 .text.reset_deassert_bulk
                0x00000000ffff9686       0x22 drivers/reset/reset-uclass.o
                0x00000000ffff9686                reset_deassert_bulk
 .text.reset_release_all
                0x00000000ffff96a8       0x2e drivers/reset/reset-uclass.o
                0x00000000ffff96a8                reset_release_all
 *fill*         0x00000000ffff96d6        0x2 
 .text.__reset_get_bulk.constprop.0
                0x00000000ffff96d8       0x70 drivers/reset/reset-uclass.o
 .text.reset_get_bulk
                0x00000000ffff9748        0x6 drivers/reset/reset-uclass.o
                0x00000000ffff9748                reset_get_bulk
 .text.socfpga_reset_assert
                0x00000000ffff974e       0x32 drivers/reset/reset-socfpga.o
 .text.socfpga_reset_remove
                0x00000000ffff9780        0xa drivers/reset/reset-socfpga.o
 .text.socfpga_reset_deassert
                0x00000000ffff978a       0x68 drivers/reset/reset-socfpga.o
 *fill*         0x00000000ffff97f2        0x2 
 .text.socfpga_reset_probe
                0x00000000ffff97f4       0x28 drivers/reset/reset-socfpga.o
 .text.socfpga_reset_bind
                0x00000000ffff981c       0x20 drivers/reset/reset-socfpga.o
 .text.designware_wdt_reset
                0x00000000ffff983c       0x1e drivers/watchdog/designware_wdt.o
 *fill*         0x00000000ffff985a        0x2 
 .text.designware_wdt_stop
                0x00000000ffff985c       0x40 drivers/watchdog/designware_wdt.o
 .text.designware_wdt_probe
                0x00000000ffff989c       0x58 drivers/watchdog/designware_wdt.o
 .text.designware_wdt_start
                0x00000000ffff98f4       0x48 drivers/watchdog/designware_wdt.o
 .text.__udivsi3
                0x00000000ffff993c       0x9c arch/arm/lib/lib1funcs.o
                0x00000000ffff993c                __udivsi3
                0x00000000ffff993c                __aeabi_uidiv
 .text.__divsi3
                0x00000000ffff99d8       0xcc arch/arm/lib/lib1funcs.o
                0x00000000ffff99d8                __aeabi_idiv
                0x00000000ffff99d8                __divsi3
 .text.__aeabi_uidivmod
                0x00000000ffff9aa4       0x30 arch/arm/lib/lib1funcs.o
                0x00000000ffff9aa4                __aeabi_uidivmod
                0x00000000ffff9abc                __aeabi_idivmod
 .text.Ldiv0    0x00000000ffff9ad4       0x10 arch/arm/lib/lib1funcs.o
 .text.__div0   0x00000000ffff9ae4        0x6 arch/arm/lib/div0.o
                0x00000000ffff9ae4                __div0
 *(.glue*)
 .glue_7        0x00000000ffff9aea        0x0 linker stubs
 .glue_7t       0x00000000ffff9aea        0x0 linker stubs

.vfp11_veneer   0x00000000ffff9aec        0x0
 .vfp11_veneer  0x00000000ffff9aec        0x0 linker stubs

.v4_bx          0x00000000ffff9aec        0x0
 .v4_bx         0x00000000ffff9aec        0x0 linker stubs

.iplt           0x00000000ffff9aec        0x0
 .iplt          0x00000000ffff9aec        0x0 arch/arm/cpu/armv7/start.o
                0x00000000ffff9aec                . = ALIGN (0x4)

.rodata         0x00000000ffff9aec     0x1d61
 *(SORT_BY_ALIGNMENT(SORT_BY_NAME(.rodata*)))
 .rodata        0x00000000ffff9aec       0x14 common/spl/spl.o
 .rodata        0x00000000ffff9b00       0x10 drivers/core/root.o
 .rodata        0x00000000ffff9b10        0x8 drivers/mmc/mmc.o
 .rodata.ac_rom_init
                0x00000000ffff9b18       0x90 arch/arm/mach-socfpga/wrap_sdram_config.o
                0x00000000ffff9b18                ac_rom_init
 .rodata.altera_gen5_sdram_ids
                0x00000000ffff9ba8       0x10 drivers/ddr/altera/sdram_gen5.o
 .rodata.altera_gen5_sdram_ops
                0x00000000ffff9bb8        0x4 drivers/ddr/altera/sdram_gen5.o
 .rodata.blk_part_ops
                0x00000000ffff9bbc       0x14 disk/disk-uclass.o
 .rodata.cm_default_cfg
                0x00000000ffff9bd0       0x6c arch/arm/mach-socfpga/wrap_pll_config.o
 .rodata.designware_wdt_ids
                0x00000000ffff9c3c       0x10 drivers/watchdog/designware_wdt.o
 .rodata.designware_wdt_ops
                0x00000000ffff9c4c       0x10 drivers/watchdog/designware_wdt.o
 .rodata.dm_dwmci_ops
                0x00000000ffff9c5c       0x2c drivers/mmc/dw_mmc.o
                0x00000000ffff9c5c                dm_dwmci_ops
 .rodata.dwmci_idmac_regs32
                0x00000000ffff9c88       0x20 drivers/mmc/dw_mmc.o
 .rodata.dwmci_idmac_regs64
                0x00000000ffff9ca8       0x20 drivers/mmc/dw_mmc.o
 .rodata.ext_csd_bus_width
                0x00000000ffff9cc8       0x3c drivers/mmc/mmc.o
 .rodata.fbase  0x00000000ffff9d04       0x20 drivers/mmc/mmc.o
 .rodata.freqs.2
                0x00000000ffff9d24       0x34 drivers/mmc/mmc.o
 .rodata.generic_simple_bus_ids
                0x00000000ffff9d58       0x18 drivers/core/simple-bus.o
 .rodata.inst_rom_init
                0x00000000ffff9d70      0x1fc arch/arm/mach-socfpga/wrap_sdram_config.o
                0x00000000ffff9d70                inst_rom_init
 .rodata.iocsr_scan_chain0_table
                0x00000000ffff9f6c       0x60 arch/arm/mach-socfpga/wrap_iocsr_config.o
                0x00000000ffff9f6c                iocsr_scan_chain0_table
 .rodata.iocsr_scan_chain1_table
                0x00000000ffff9fcc       0xd8 arch/arm/mach-socfpga/wrap_iocsr_config.o
                0x00000000ffff9fcc                iocsr_scan_chain1_table
 .rodata.iocsr_scan_chain2_table
                0x00000000ffffa0a4       0x78 arch/arm/mach-socfpga/wrap_iocsr_config.o
                0x00000000ffffa0a4                iocsr_scan_chain2_table
 .rodata.iocsr_scan_chain3_table
                0x00000000ffffa11c      0x830 arch/arm/mach-socfpga/wrap_iocsr_config.o
                0x00000000ffffa11c                iocsr_scan_chain3_table
 .rodata.l2x0_ids
                0x00000000ffffa94c       0x10 drivers/cache/cache-l2x0.o
 .rodata.misc_config
                0x00000000ffffa95c       0x14 arch/arm/mach-socfpga/wrap_sdram_config.o
 .rodata.mmc_blk_ops
                0x00000000ffffa970       0x14 drivers/mmc/mmc-uclass.o
 .rodata.mmc_modes_by_pref
                0x00000000ffffa984       0x20 drivers/mmc/mmc.o
 .rodata.mmc_versions.1
                0x00000000ffffa9a4       0x24 drivers/mmc/mmc.o
 .rodata.ns16550_serial_ids
                0x00000000ffffa9c8       0x38 drivers/serial/ns16550.o
 .rodata.ns16550_serial_ops
                0x00000000ffffaa00       0x24 drivers/serial/ns16550.o
                0x00000000ffffaa00                ns16550_serial_ops
 .rodata.sd_modes_by_pref
                0x00000000ffffaa24       0x10 drivers/mmc/mmc.o
 .rodata.sdram_config
                0x00000000ffffaa34       0x94 arch/arm/mach-socfpga/wrap_sdram_config.o
 .rodata.socfpga_dwmmc_ids
                0x00000000ffffaac8       0x10 drivers/mmc/socfpga_dw_mmc.o
 .rodata.socfpga_reset_match
                0x00000000ffffaad8       0x10 drivers/reset/reset-socfpga.o
 .rodata.socfpga_reset_ops
                0x00000000ffffaae8       0x18 drivers/reset/reset-socfpga.o
 .rodata.io_config
                0x00000000ffffab00       0x10 arch/arm/mach-socfpga/wrap_sdram_config.o
 .rodata.CSWTCH.32
                0x00000000ffffab10        0x3 drivers/serial/ns16550.o
 .rodata.CSWTCH.4
                0x00000000ffffab13        0x7 arch/arm/mach-socfpga/spl_gen5.o
 .rodata.__func__.0
                0x00000000ffffab1a       0x16 arch/arm/mach-socfpga/reset_manager_gen5.o
 .rodata.__func__.0
                0x00000000ffffab30       0x1b arch/arm/lib/cache-pl310.o
 .rodata.__ofnode_get_addr_size_index.str1.1
                0x00000000ffffab4b        0x4 drivers/core/ofnode.o
 .rodata._ctype
                0x00000000ffffab4b      0x100 lib/ctype.o
                0x00000000ffffab4b                _ctype
 .rodata.alloc_simple.str1.1
                0x00000000ffffac4b       0x28 common/malloc_simple.o
 .rodata.altera_gen5_sdram_probe.str1.1
                0x00000000ffffac73      0x115 drivers/ddr/altera/sdram_gen5.o
 .rodata.blk_create_devicef.str1.1
                0x00000000ffffad88        0x6 drivers/block/blk-uclass.o
 .rodata.blk_post_probe.str1.1
                0x00000000ffffad8e        0x6 drivers/block/blk-uclass.o
                                         0x14 (size before relaxing)
 .rodata.board_init_r.str1.1
                0x00000000ffffad94       0x6d common/spl/spl.o
 .rodata.designware_wdt_stop.str1.1
                0x00000000ffffae01        0x7 drivers/watchdog/designware_wdt.o
 .rodata.devfdt_get_addr_index_parent.str1.1
                0x00000000ffffae01        0x4 drivers/core/fdtaddr.o
 .rodata.do_reset.str1.1
                0x00000000ffffae01        0xf drivers/sysreset/sysreset-uclass.o
 .rodata.fdt_address_cells.str1.1
                0x00000000ffffae10        0xf lib/libfdt/fdt_addresses.o
 .rodata.fdt_get_alias_namelen.str1.1
                0x00000000ffffae1f        0x9 lib/libfdt/fdt_ro.o
 .rodata.fdt_get_phandle.str1.1
                0x00000000ffffae28        0xe lib/libfdt/fdt_ro.o
                                         0x16 (size before relaxing)
 .rodata.fdt_node_check_compatible.str1.1
                0x00000000ffffae36        0xb lib/libfdt/fdt_ro.o
 .rodata.fdt_size_cells.str1.1
                0x00000000ffffae41        0xc lib/libfdt/fdt_addresses.o
 .rodata.fdtdec_add_aliases_for_id.str1.1
                0x00000000ffffae4d        0x9 lib/fdtdec.o
 .rodata.fdtdec_get_chosen_prop.str1.1
                0x00000000ffffae4d        0x8 lib/fdtdec.o
 .rodata.fdtdec_get_is_enabled.str1.1
                0x00000000ffffae55        0xc lib/fdtdec.o
 .rodata.fdtdec_prepare_fdt.str1.1
                0x00000000ffffae61        0xd lib/fdtdec.o
 .rodata.find_mmc_device.str1.1
                0x00000000ffffae6e       0x19 drivers/mmc/mmc-uclass.o
 .rodata.get_next_memory_node.str1.1
                0x00000000ffffae87        0xc lib/fdtdec.o
                                         0x13 (size before relaxing)
 .rodata.hang.str1.1
                0x00000000ffffae93       0x2a lib/hang.o
 .rodata.l2x0_probe.str1.1
                0x00000000ffffaebd       0x52 drivers/cache/cache-l2x0.o
 .rodata.lists_bind_fdt.str1.1
                0x00000000ffffaf0f        0xb drivers/core/lists.o
 .rodata.mmc_bind.str1.1
                0x00000000ffffaf0f        0x8 drivers/mmc/mmc-uclass.o
                                          0xc (size before relaxing)
 .rodata.mmc_bread.str1.1
                0x00000000ffffaf17       0x47 drivers/mmc/mmc.o
 .rodata.mmc_get_op_cond.str1.1
                0x00000000ffffaf5e       0x2e drivers/mmc/mmc.o
 .rodata.mmc_init.str1.1
                0x00000000ffffaf8c       0x7b drivers/mmc/mmc.o
 .rodata.mmc_load_image_raw_sector.str1.1
                0x00000000ffffb007       0x31 common/spl/spl_mmc.o
 .rodata.mmc_start_init.str1.1
                0x00000000ffffb038       0x16 drivers/mmc/mmc.o
 .rodata.multipliers
                0x00000000ffffb04e       0x10 drivers/mmc/mmc.o
 .rodata.ns16550_serial_of_to_plat.str1.1
                0x00000000ffffb05e       0x32 drivers/serial/ns16550.o
 .rodata.part_get_info_extended.constprop.0.str1.1
                0x00000000ffffb090       0x81 disk/part_dos.o
                                         0x88 (size before relaxing)
 .rodata.part_get_info_whole_disk.str1.1
                0x00000000ffffb111        0xb disk/part.o
                                         0x12 (size before relaxing)
 .rodata.part_set_generic_name.str1.1
                0x00000000ffffb11c       0x18 disk/part.o
                                         0x1b (size before relaxing)
 .rodata.preloader_console_init.str1.1
                0x00000000ffffb134       0x48 common/spl/spl.o
 .rodata.reset_get_by_index.str1.1
                0x00000000ffffb17c       0x14 drivers/reset/reset-uclass.o
 .rodata.rw_mgr_config
                0x00000000ffffb190       0x3b arch/arm/mach-socfpga/wrap_sdram_config.o
 .rodata.schedule.str1.1
                0x00000000ffffb1cb       0x36 common/cyclic.o
 .rodata.sdram_init_ecc_bits.str1.1
                0x00000000ffffb201       0x58 drivers/ddr/altera/sdram_soc32.o
 .rodata.sdram_mmr_init_full.str1.1
                0x00000000ffffb259       0x77 drivers/ddr/altera/sdram_gen5.o
 .rodata.serial_init.str1.1
                0x00000000ffffb2d0       0x2b drivers/serial/serial-uclass.o
 .rodata.simple_bus_post_bind.str1.1
                0x00000000ffffb2fb        0x7 drivers/core/simple-bus.o
 .rodata.socfpga_bridges_reset.str1.1
                0x00000000ffffb302       0x1f arch/arm/mach-socfpga/reset_manager_gen5.o
 .rodata.socfpga_dwmmc_of_to_plat.str1.1
                0x00000000ffffb321       0x4b drivers/mmc/socfpga_dw_mmc.o
 .rodata.socfpga_dwmmc_probe.str1.1
                0x00000000ffffb36c       0x1a drivers/mmc/socfpga_dw_mmc.o
 .rodata.socfpga_get_base_addr.str1.1
                0x00000000ffffb386        0x4 arch/arm/mach-socfpga/misc.o
 .rodata.socfpga_get_managers_addr.str1.1
                0x00000000ffffb38a       0x27 arch/arm/mach-socfpga/misc.o
 .rodata.socfpga_reset_bind.str1.1
                0x00000000ffffb3b1       0x1a drivers/reset/reset-socfpga.o
 .rodata.socfpga_reset_probe.str1.1
                0x00000000ffffb3b1       0x13 drivers/reset/reset-socfpga.o
 .rodata.spl_boot_device.str1.1
                0x00000000ffffb3c4       0x22 arch/arm/mach-socfpga/spl_gen5.o
 .rodata.spl_mmc_load.str1.1
                0x00000000ffffb3e6       0xf3 common/spl/spl_mmc.o
 .rodata.spl_parse_legacy_validate.str1.1
                0x00000000ffffb4d9       0x2f common/spl/spl_legacy.o
 .rodata.spl_set_header_raw_uboot.str1.1
                0x00000000ffffb508        0x7 common/spl/spl.o
 .rodata.str1.1
                0x00000000ffffb50f       0x11 common/spl/spl_mmc.o
 .rodata.str1.1
                0x00000000ffffb520        0x4 common/spl/spl_ram.o
 .rodata.str1.1
                0x00000000ffffb524        0xe disk/disk-uclass.o
                                         0x18 (size before relaxing)
 .rodata.str1.1
                0x00000000ffffb532        0x4 disk/part_dos.o
 .rodata.str1.1
                0x00000000ffffb536       0x4d drivers/block/blk-uclass.o
                                         0x5d (size before relaxing)
 .rodata.str1.1
                0x00000000ffffb583       0x4d drivers/cache/cache-uclass.o
                                          0x6 (size before relaxing)
 .rodata.str1.1
                0x00000000ffffb583       0x1c drivers/cache/cache-l2x0.o
 .rodata.str1.1
                0x00000000ffffb59f       0x34 drivers/core/root.o
                                         0x3c (size before relaxing)
 .rodata.str1.1
                0x00000000ffffb5d3        0x4 drivers/core/uclass.o
 .rodata.str1.1
                0x00000000ffffb5d7       0x21 drivers/core/simple-bus.o
 .rodata.str1.1
                0x00000000ffffb5f8        0xf drivers/sysreset/sysreset-uclass.o
                                          0x9 (size before relaxing)
 .rodata.str1.1
                0x00000000ffffb5f8       0x11 drivers/sysreset/sysreset_socfpga.o
 .rodata.str1.1
                0x00000000ffffb609        0x4 drivers/mmc/mmc-uclass.o
 .rodata.str1.1
                0x00000000ffffb609       0x23 drivers/mmc/socfpga_dw_mmc.o
 .rodata.str1.1
                0x00000000ffffb62c        0x4 drivers/ram/ram-uclass.o
 .rodata.str1.1
                0x00000000ffffb630       0x2b drivers/serial/serial-uclass.o
                                          0x7 (size before relaxing)
 .rodata.str1.1
                0x00000000ffffb630       0x6b drivers/serial/ns16550.o
 .rodata.str1.1
                0x00000000ffffb69b       0x1a drivers/ddr/altera/sdram_gen5.o
 .rodata.str1.1
                0x00000000ffffb6b5       0x14 drivers/reset/reset-uclass.o
                                          0x6 (size before relaxing)
 .rodata.str1.1
                0x00000000ffffb6b5        0xe drivers/reset/reset-socfpga.o
                                         0x1b (size before relaxing)
 .rodata.str1.1
                0x00000000ffffb6c3       0x1b drivers/watchdog/designware_wdt.o
 .rodata.sys_mgr_init_table
                0x00000000ffffb6de       0xcf arch/arm/mach-socfpga/wrap_pinmux_config.o
                0x00000000ffffb6de                sys_mgr_init_table
 .rodata.sysreset_walk_halt.str1.1
                0x00000000ffffb7ad        0xd drivers/sysreset/sysreset-uclass.o
 .rodata.test_block_type.str1.1
                0x00000000ffffb7ba        0xa disk/part_dos.o
 .rodata.v7_outer_cache_enable.str1.1
                0x00000000ffffb7c4       0x24 arch/arm/mach-socfpga/misc.o
 .rodata.v7_outer_cache_inval_range.str1.1
                0x00000000ffffb7e8       0x65 arch/arm/lib/cache-pl310.o
                0x00000000ffffb850                . = ALIGN (0x4)

.data           0x00000000ffffb850       0x98
 *(.data*)
 .data          0x00000000ffffb850        0xc arch/arm/mach-socfpga/misc.o
                0x00000000ffffb850                socfpga_rstmgr_base
                0x00000000ffffb854                socfpga_sysmgr_base
                0x00000000ffffb858                socfpga_clkmgr_base
 .data          0x00000000ffffb85c       0x3c arch/arm/mach-socfpga/spl_gen5.o
 .data          0x00000000ffffb898       0x3c common/spl/spl.o
 .data.root_info
                0x00000000ffffb8d4        0x8 drivers/core/root.o
 .data.socfpga_sysreset
                0x00000000ffffb8dc        0xc drivers/sysreset/sysreset_socfpga.o

.igot.plt       0x00000000ffffb8e8        0x0
 .igot.plt      0x00000000ffffb8e8        0x0 arch/arm/cpu/armv7/start.o
                0x00000000ffffb8e8                . = ALIGN (0x4)

__u_boot_list   0x00000000ffffb8e8      0x64c
 *(SORT_BY_NAME(__u_boot_list*))
 __u_boot_list_2_cmd_1
                0x00000000ffffb8e8        0x0 common/command.o
 __u_boot_list_2_cmd_3
                0x00000000ffffb8e8        0x0 common/command.o
 __u_boot_list_2_driver_1
                0x00000000ffffb8e8        0x0 drivers/core/lists.o
 __u_boot_list_2_driver_1
                0x00000000ffffb8e8        0x0 drivers/core/dump.o
 __u_boot_list_2_driver_2_altera_gen5_sdram
                0x00000000ffffb8e8       0x44 drivers/ddr/altera/sdram_gen5.o
                0x00000000ffffb8e8                _u_boot_list_2_driver_2_altera_gen5_sdram
 __u_boot_list_2_driver_2_blk_partition
                0x00000000ffffb92c       0x44 disk/disk-uclass.o
                0x00000000ffffb92c                _u_boot_list_2_driver_2_blk_partition
 __u_boot_list_2_driver_2_designware_wdt
                0x00000000ffffb970       0x44 drivers/watchdog/designware_wdt.o
                0x00000000ffffb970                _u_boot_list_2_driver_2_designware_wdt
 __u_boot_list_2_driver_2_mmc_blk
                0x00000000ffffb9b4       0x44 drivers/mmc/mmc-uclass.o
                0x00000000ffffb9b4                _u_boot_list_2_driver_2_mmc_blk
 __u_boot_list_2_driver_2_ns16550_serial
                0x00000000ffffb9f8       0x44 drivers/serial/ns16550.o
                0x00000000ffffb9f8                _u_boot_list_2_driver_2_ns16550_serial
 __u_boot_list_2_driver_2_pl310_cache
                0x00000000ffffba3c       0x44 drivers/cache/cache-l2x0.o
                0x00000000ffffba3c                _u_boot_list_2_driver_2_pl310_cache
 __u_boot_list_2_driver_2_root_driver
                0x00000000ffffba80       0x44 drivers/core/root.o
                0x00000000ffffba80                _u_boot_list_2_driver_2_root_driver
 __u_boot_list_2_driver_2_simple_bus
                0x00000000ffffbac4       0x44 drivers/core/simple-bus.o
                0x00000000ffffbac4                _u_boot_list_2_driver_2_simple_bus
 __u_boot_list_2_driver_2_socfpga_dwmmc_drv
                0x00000000ffffbb08       0x44 drivers/mmc/socfpga_dw_mmc.o
                0x00000000ffffbb08                _u_boot_list_2_driver_2_socfpga_dwmmc_drv
 __u_boot_list_2_driver_2_socfpga_reset
                0x00000000ffffbb4c       0x44 drivers/reset/reset-socfpga.o
                0x00000000ffffbb4c                _u_boot_list_2_driver_2_socfpga_reset
 __u_boot_list_2_driver_2_sysreset_socfpga
                0x00000000ffffbb90       0x44 drivers/sysreset/sysreset_socfpga.o
                0x00000000ffffbb90                _u_boot_list_2_driver_2_sysreset_socfpga
 __u_boot_list_2_driver_3
                0x00000000ffffbbd4        0x0 drivers/core/lists.o
 __u_boot_list_2_driver_3
                0x00000000ffffbbd4        0x0 drivers/core/dump.o
 __u_boot_list_2_driver_info_1
                0x00000000ffffbbd4        0x0 drivers/core/lists.o
 __u_boot_list_2_driver_info_1
                0x00000000ffffbbd4        0x0 drivers/core/dump.o
 __u_boot_list_2_driver_info_3
                0x00000000ffffbbd4        0x0 drivers/core/lists.o
 __u_boot_list_2_driver_info_3
                0x00000000ffffbbd4        0x0 drivers/core/dump.o
 __u_boot_list_2_part_driver_1
                0x00000000ffffbbd4        0x0 disk/part.o
 __u_boot_list_2_part_driver_2_dos
                0x00000000ffffbbd4       0x18 disk/part_dos.o
                0x00000000ffffbbd4                _u_boot_list_2_part_driver_2_dos
 __u_boot_list_2_part_driver_3
                0x00000000ffffbbec        0x0 disk/part.o
 __u_boot_list_2_spl_image_loader_1
                0x00000000ffffbbec        0x0 common/spl/spl.o
 __u_boot_list_2_spl_image_loader_2_BOOT_DEVICE_MMC10spl_mmc_load_image
                0x00000000ffffbbec        0xc common/spl/spl_mmc.o
                0x00000000ffffbbec                _u_boot_list_2_spl_image_loader_2_BOOT_DEVICE_MMC10spl_mmc_load_image
 __u_boot_list_2_spl_image_loader_2_BOOT_DEVICE_MMC20spl_mmc_load_image
                0x00000000ffffbbf8        0xc common/spl/spl_mmc.o
                0x00000000ffffbbf8                _u_boot_list_2_spl_image_loader_2_BOOT_DEVICE_MMC20spl_mmc_load_image
 __u_boot_list_2_spl_image_loader_2_BOOT_DEVICE_MMC2_20spl_mmc_load_image
                0x00000000ffffbc04        0xc common/spl/spl_mmc.o
                0x00000000ffffbc04                _u_boot_list_2_spl_image_loader_2_BOOT_DEVICE_MMC2_20spl_mmc_load_image
 __u_boot_list_2_spl_image_loader_2_BOOT_DEVICE_RAM0spl_ram_load_image
                0x00000000ffffbc10        0xc common/spl/spl_ram.o
                0x00000000ffffbc10                _u_boot_list_2_spl_image_loader_2_BOOT_DEVICE_RAM0spl_ram_load_image
 __u_boot_list_2_spl_image_loader_3
                0x00000000ffffbc1c        0x0 common/spl/spl.o
 __u_boot_list_2_uclass_driver_1
                0x00000000ffffbc1c        0x0 drivers/core/lists.o
 __u_boot_list_2_uclass_driver_2_blk
                0x00000000ffffbc1c       0x48 drivers/block/blk-uclass.o
                0x00000000ffffbc1c                _u_boot_list_2_uclass_driver_2_blk
 __u_boot_list_2_uclass_driver_2_cache
                0x00000000ffffbc64       0x48 drivers/cache/cache-uclass.o
                0x00000000ffffbc64                _u_boot_list_2_uclass_driver_2_cache
 __u_boot_list_2_uclass_driver_2_mmc
                0x00000000ffffbcac       0x48 drivers/mmc/mmc-uclass.o
                0x00000000ffffbcac                _u_boot_list_2_uclass_driver_2_mmc
 __u_boot_list_2_uclass_driver_2_nop
                0x00000000ffffbcf4       0x48 drivers/core/uclass.o
                0x00000000ffffbcf4                _u_boot_list_2_uclass_driver_2_nop
 __u_boot_list_2_uclass_driver_2_partition
                0x00000000ffffbd3c       0x48 disk/disk-uclass.o
                0x00000000ffffbd3c                _u_boot_list_2_uclass_driver_2_partition
 __u_boot_list_2_uclass_driver_2_ram
                0x00000000ffffbd84       0x48 drivers/ram/ram-uclass.o
                0x00000000ffffbd84                _u_boot_list_2_uclass_driver_2_ram
 __u_boot_list_2_uclass_driver_2_reset
                0x00000000ffffbdcc       0x48 drivers/reset/reset-uclass.o
                0x00000000ffffbdcc                _u_boot_list_2_uclass_driver_2_reset
 __u_boot_list_2_uclass_driver_2_root
                0x00000000ffffbe14       0x48 drivers/core/root.o
                0x00000000ffffbe14                _u_boot_list_2_uclass_driver_2_root
 __u_boot_list_2_uclass_driver_2_serial
                0x00000000ffffbe5c       0x48 drivers/serial/serial-uclass.o
                0x00000000ffffbe5c                _u_boot_list_2_uclass_driver_2_serial
 __u_boot_list_2_uclass_driver_2_simple_bus
                0x00000000ffffbea4       0x48 drivers/core/simple-bus.o
                0x00000000ffffbea4                _u_boot_list_2_uclass_driver_2_simple_bus
 __u_boot_list_2_uclass_driver_2_sysreset
                0x00000000ffffbeec       0x48 drivers/sysreset/sysreset-uclass.o
                0x00000000ffffbeec                _u_boot_list_2_uclass_driver_2_sysreset
 __u_boot_list_2_uclass_driver_3
                0x00000000ffffbf34        0x0 drivers/core/lists.o
                0x00000000ffffbf34                . = ALIGN (0x4)

.binman_sym_table
                0x00000000ffffbf34        0x0
                0x00000000ffffbf34                __binman_sym_start = .
 *(SORT_BY_NAME(.binman_sym*))
                0x00000000ffffbf34                __binman_sym_end = .
                0x00000000ffffbf34                . = ALIGN (0x4)
                0x00000000ffffbf34                __image_copy_end = .

.rel.dyn        0x00000000ffffbf34        0x0
                0x00000000ffffbf34                __rel_dyn_start = .
 *(.rel*)
 .rel.iplt      0x00000000ffffbf34        0x0 arch/arm/cpu/armv7/start.o
                0x00000000ffffbf34                __rel_dyn_end = .
                0x00000000ffffbf34                _image_binary_end = .
                0x00000000ffffbf34                _end = .

.bss            0x00000000ffffbf34       0x10
                0x00000000ffffbf34                __bss_start = .
 *(.bss*)
 .bss.mmc       0x00000000ffffbf34        0x4 common/spl/spl_mmc.o
 .bss.stdio_devices
                0x00000000ffffbf38        0xc common/stdio.o
                0x00000000ffffbf38                stdio_devices
                0x00000000ffffbf44                . = ALIGN (0x4)
                0x00000000ffffbf44                __bss_end = .
                0x0000000000000010                __bss_size = (__bss_end - __bss_start)

.dynsym
 *(.dynsym)

.dynbss
 *(.dynbss)

.dynstr
 *(.dynstr*)

.dynamic
 *(.dynamic*)

.hash
 *(.hash*)

.plt
 *(.plt*)

.interp
 *(.interp*)

.gnu
 *(.gnu*)

.ARM.exidx
 *(.ARM.exidx*)
Address of section .text set to 0xffff0000
LOAD arch/arm/cpu/armv7/start.o
LOAD arch/arm/mach-socfpga/built-in.o
LOAD arch/arm/cpu/armv7/built-in.o
LOAD arch/arm/cpu/built-in.o
LOAD arch/arm/lib/built-in.o
LOAD common/spl/built-in.o
LOAD common/init/built-in.o
LOAD boot/built-in.o
LOAD common/built-in.o
LOAD cmd/built-in.o
LOAD env/built-in.o
LOAD lib/built-in.o
LOAD disk/built-in.o
LOAD drivers/built-in.o
LOAD dts/built-in.o