Archive member included to satisfy reference by file (symbol)

arch/arm/mach-socfpga/board.o
                              (--whole-archive)
arch/arm/mach-socfpga/clock_manager.o
                              (--whole-archive)
arch/arm/mach-socfpga/misc.o  (--whole-archive)
arch/arm/mach-socfpga/clock_manager_gen5.o
                              (--whole-archive)
arch/arm/mach-socfpga/misc_gen5.o
                              (--whole-archive)
arch/arm/mach-socfpga/reset_manager_gen5.o
                              (--whole-archive)
arch/arm/mach-socfpga/scan_manager.o
                              (--whole-archive)
arch/arm/mach-socfpga/system_manager_gen5.o
                              (--whole-archive)
arch/arm/mach-socfpga/timer.o
                              (--whole-archive)
arch/arm/mach-socfpga/wrap_pll_config.o
                              (--whole-archive)
arch/arm/mach-socfpga/fpga_manager.o
                              (--whole-archive)
arch/arm/mach-socfpga/spl_gen5.o
                              (--whole-archive)
arch/arm/mach-socfpga/freeze_controller.o
                              (--whole-archive)
arch/arm/mach-socfpga/wrap_iocsr_config.o
                              (--whole-archive)
arch/arm/mach-socfpga/wrap_pinmux_config.o
                              (--whole-archive)
arch/arm/mach-socfpga/wrap_sdram_config.o
                              (--whole-archive)
arch/arm/cpu/armv7/cache_v7.o
                              (--whole-archive)
arch/arm/cpu/armv7/cache_v7_asm.o
                              (--whole-archive)
arch/arm/cpu/armv7/cpu.o      (--whole-archive)
arch/arm/cpu/armv7/cp15.o     (--whole-archive)
arch/arm/cpu/armv7/syslib.o   (--whole-archive)
arch/arm/cpu/armv7/lowlevel_init.o
                              (--whole-archive)
arch/arm/lib/vectors.o        (--whole-archive)
arch/arm/lib/crt0.o           (--whole-archive)
arch/arm/lib/setjmp.o         (--whole-archive)
arch/arm/lib/spl.o            (--whole-archive)
arch/arm/lib/zimage.o         (--whole-archive)
arch/arm/lib/bootm-fdt.o      (--whole-archive)
arch/arm/lib/cache-pl310.o    (--whole-archive)
arch/arm/lib/memset.o         (--whole-archive)
arch/arm/lib/memcpy.o         (--whole-archive)
arch/arm/lib/bdinfo.o         (--whole-archive)
arch/arm/lib/sections.o       (--whole-archive)
arch/arm/lib/stack.o          (--whole-archive)
arch/arm/lib/interrupts.o     (--whole-archive)
arch/arm/lib/cache.o          (--whole-archive)
arch/arm/lib/cache-cp15.o     (--whole-archive)
arch/arm/lib/psci-dt.o        (--whole-archive)
board/terasic/de10-nano/socfpga.o
                              (--whole-archive)
common/spl/spl.o              (--whole-archive)
common/spl/spl_legacy.o       (--whole-archive)
common/spl/spl_mmc.o          (--whole-archive)
common/spl/spl_spi.o          (--whole-archive)
common/spl/spl_ram.o          (--whole-archive)
common/init/board_init.o      (--whole-archive)
boot/image.o                  (--whole-archive)
boot/image-board.o            (--whole-archive)
boot/image-fdt.o              (--whole-archive)
common/fdt_support.o          (--whole-archive)
common/bouncebuf.o            (--whole-archive)
common/console.o              (--whole-archive)
common/dlmalloc.o             (--whole-archive)
common/malloc_simple.o        (--whole-archive)
common/memsize.o              (--whole-archive)
common/stdio.o                (--whole-archive)
common/cli.o                  (--whole-archive)
common/dfu.o                  (--whole-archive)
common/command.o              (--whole-archive)
common/s_record.o             (--whole-archive)
common/xyzModem.o             (--whole-archive)
cmd/nvedit.o                  (--whole-archive)
lib/hash-checksum.o           (--whole-archive)
lib/sha1.o                    (--whole-archive)
lib/sha256.o                  (--whole-archive)
lib/libfdt/fdt.o              (--whole-archive)
lib/libfdt/fdt_ro.o           (--whole-archive)
lib/libfdt/fdt_wip.o          (--whole-archive)
lib/libfdt/fdt_strerror.o     (--whole-archive)
lib/libfdt/fdt_sw.o           (--whole-archive)
lib/libfdt/fdt_rw.o           (--whole-archive)
lib/libfdt/fdt_empty_tree.o   (--whole-archive)
lib/libfdt/fdt_addresses.o    (--whole-archive)
lib/fdtdec_common.o           (--whole-archive)
lib/fdtdec.o                  (--whole-archive)
lib/net_utils.o               (--whole-archive)
lib/qsort.o                   (--whole-archive)
lib/hashtable.o               (--whole-archive)
lib/errno.o                   (--whole-archive)
lib/display_options.o         (--whole-archive)
lib/crc32.o                   (--whole-archive)
lib/ctype.o                   (--whole-archive)
lib/div64.o                   (--whole-archive)
lib/hang.o                    (--whole-archive)
lib/linux_compat.o            (--whole-archive)
lib/linux_string.o            (--whole-archive)
lib/lmb.o                     (--whole-archive)
lib/membuff.o                 (--whole-archive)
lib/slre.o                    (--whole-archive)
[...]
Memory Configuration

Name             Origin             Length             Attributes
*default*        0x0000000000000000 0xffffffffffffffff

Linker script and memory map

                0x0000000000000000                . = 0x0
                0x0000000000000000                . = ALIGN (0x4)

.text           0x00000000ffff0000     0xb2b6
                0x00000000ffff0000                __image_copy_start = .
 *(.vectors)
 .vectors       0x00000000ffff0000       0x84 arch/arm/lib/vectors.o
                0x00000000ffff0000                _start
                0x00000000ffff0060                _undefined_instruction
                0x00000000ffff0064                _software_interrupt
                0x00000000ffff0068                _prefetch_abort
                0x00000000ffff006c                _data_abort
                0x00000000ffff0070                _not_used
                0x00000000ffff0074                _irq
                0x00000000ffff0078                _fiq
 arch/arm/cpu/armv7/start.o(.text*)
 .text          0x00000000ffff0084       0xbc arch/arm/cpu/armv7/start.o
                0x00000000ffff0084                reset
                0x00000000ffff0088                save_boot_params_ret
                0x00000000ffff00c4                c_runtime_cpu_setup
                0x00000000ffff00d4                save_boot_params
                0x00000000ffff00d8                cpu_init_cp15
                0x00000000ffff0138                cpu_init_crit
 *(.text*)
 .text.s_init   0x00000000ffff0140       0x14 arch/arm/mach-socfpga/board.o
                0x00000000ffff0140                s_init
 .text.dram_init_banksize
                0x00000000ffff0154        0xa arch/arm/mach-socfpga/board.o
                0x00000000ffff0154                dram_init_banksize
 .text.cm_wait_for_lock
                0x00000000ffff015e       0x1e arch/arm/mach-socfpga/clock_manager.o
                0x00000000ffff015e                cm_wait_for_lock
 .text.cm_wait_for_fsm
                0x00000000ffff017c       0x40 arch/arm/mach-socfpga/clock_manager.o
                0x00000000ffff017c                cm_wait_for_fsm
 .text.socfpga_get_base_addr
                0x00000000ffff01bc       0x4c arch/arm/mach-socfpga/misc.o
 .text.v7_outer_cache_enable
                0x00000000ffff0208       0x20 arch/arm/mach-socfpga/misc.o
                0x00000000ffff0208                v7_outer_cache_enable
 *fill*         0x00000000ffff0228       0x18 
 .text.socfpga_pl310_clear
                0x00000000ffff0240       0x8c arch/arm/mach-socfpga/misc.o
                0x00000000ffff0240                socfpga_pl310_clear
 .text.socfpga_get_managers_addr
                0x00000000ffff02cc       0x44 arch/arm/mach-socfpga/misc.o
                0x00000000ffff02cc                socfpga_get_managers_addr
 .text.socfpga_get_rstmgr_addr
                0x00000000ffff0310        0xc arch/arm/mach-socfpga/misc.o
                0x00000000ffff0310                socfpga_get_rstmgr_addr
 .text.socfpga_get_sysmgr_addr
                0x00000000ffff031c        0xc arch/arm/mach-socfpga/misc.o
                0x00000000ffff031c                socfpga_get_sysmgr_addr
 .text.socfpga_get_clkmgr_addr
                0x00000000ffff0328        0xc arch/arm/mach-socfpga/misc.o
                0x00000000ffff0328                socfpga_get_clkmgr_addr
 .text.cm_get_main_vco_clk_hz
                0x00000000ffff0334       0x26 arch/arm/mach-socfpga/clock_manager_gen5.o
 .text.cm_get_per_vco_clk_hz
                0x00000000ffff035a       0x54 arch/arm/mach-socfpga/clock_manager_gen5.o
 .text.cm_write_with_phase.constprop.2
                0x00000000ffff03ae       0x72 arch/arm/mach-socfpga/clock_manager_gen5.o
 .text.cm_basic_init
                0x00000000ffff0420      0x3ac arch/arm/mach-socfpga/clock_manager_gen5.o
                0x00000000ffff0420                cm_basic_init
 .text.cm_get_mmc_controller_clk_hz
                0x00000000ffff07cc       0x52 arch/arm/mach-socfpga/clock_manager_gen5.o
                0x00000000ffff07cc                cm_get_mmc_controller_clk_hz
 .text.cm_get_qspi_controller_clk_hz
                0x00000000ffff081e       0x52 arch/arm/mach-socfpga/clock_manager_gen5.o
                0x00000000ffff081e                cm_get_qspi_controller_clk_hz
 .text.cm_get_spi_controller_clk_hz
                0x00000000ffff0870       0x1e arch/arm/mach-socfpga/clock_manager_gen5.o
                0x00000000ffff0870                cm_get_spi_controller_clk_hz
 .text.dw_spi_get_clk
                0x00000000ffff088e        0xe arch/arm/mach-socfpga/clock_manager_gen5.o
                0x00000000ffff088e                dw_spi_get_clk
 .text.socfpga_sdram_remap_zero
                0x00000000ffff089c       0x6c arch/arm/mach-socfpga/misc_gen5.o
                0x00000000ffff089c                socfpga_sdram_remap_zero
 .text.socfpga_per_reset
                0x00000000ffff0908       0x50 arch/arm/mach-socfpga/reset_manager_gen5.o
                0x00000000ffff0908                socfpga_per_reset
 .text.socfpga_per_reset_all
                0x00000000ffff0958       0x20 arch/arm/mach-socfpga/reset_manager_gen5.o
                0x00000000ffff0958                socfpga_per_reset_all
 .text.socfpga_bridges_set_handoff_regs
                0x00000000ffff0978       0x3a arch/arm/mach-socfpga/reset_manager_gen5.o
                0x00000000ffff0978                socfpga_bridges_set_handoff_regs
 *fill*         0x00000000ffff09b2        0x2 
 .text.socfpga_bridges_reset
                0x00000000ffff09b4       0x58 arch/arm/mach-socfpga/reset_manager_gen5.o
                0x00000000ffff09b4                socfpga_bridges_reset
 .text.scan_mgr_jtag_io
                0x00000000ffff0a0c       0x44 arch/arm/mach-socfpga/scan_manager.o
 .text.scan_mgr_jtag_insn_data
                0x00000000ffff0a50       0x7c arch/arm/mach-socfpga/scan_manager.o
 .text.scan_mgr_io_scan_chain_prg
                0x00000000ffff0acc       0x94 arch/arm/mach-socfpga/scan_manager.o
 .text.scan_mgr_configure_iocsr
                0x00000000ffff0b60       0x24 arch/arm/mach-socfpga/scan_manager.o
                0x00000000ffff0b60                scan_mgr_configure_iocsr
 .text.sysmgr_pinmux_init
                0x00000000ffff0b84       0xe2 arch/arm/mach-socfpga/system_manager_gen5.o
                0x00000000ffff0b84                sysmgr_pinmux_init
 .text.sysmgr_config_warmrstcfgio
                0x00000000ffff0c66       0x2c arch/arm/mach-socfpga/system_manager_gen5.o
                0x00000000ffff0c66                sysmgr_config_warmrstcfgio
 *fill*         0x00000000ffff0c92        0x2 
 .text.timer_init
                0x00000000ffff0c94       0x2c arch/arm/mach-socfpga/timer.o
                0x00000000ffff0c94                timer_init
 .text.cm_get_default_config
                0x00000000ffff0cc0        0x8 arch/arm/mach-socfpga/wrap_pll_config.o
                0x00000000ffff0cc0                cm_get_default_config
 .text.cm_get_osc_clk_hz
                0x00000000ffff0cc8       0x10 arch/arm/mach-socfpga/wrap_pll_config.o
                0x00000000ffff0cc8                cm_get_osc_clk_hz
 .text.cm_get_f2s_per_ref_clk_hz
                0x00000000ffff0cd8        0x4 arch/arm/mach-socfpga/wrap_pll_config.o
                0x00000000ffff0cd8                cm_get_f2s_per_ref_clk_hz
 .text.is_fpgamgr_initdone_high
                0x00000000ffff0cdc       0x14 arch/arm/mach-socfpga/fpga_manager.o
 .text.fpgamgr_get_mode
                0x00000000ffff0cf0       0x14 arch/arm/mach-socfpga/fpga_manager.o
                0x00000000ffff0cf0                fpgamgr_get_mode
 .text.fpgamgr_test_fpga_ready
                0x00000000ffff0d04       0x20 arch/arm/mach-socfpga/fpga_manager.o
                0x00000000ffff0d04                fpgamgr_test_fpga_ready
 .text.spl_boot_device
                0x00000000ffff0d24       0x40 arch/arm/mach-socfpga/spl_gen5.o
                0x00000000ffff0d24                spl_boot_device
 .text.spl_mmc_boot_mode
                0x00000000ffff0d64        0x4 arch/arm/mach-socfpga/spl_gen5.o
                0x00000000ffff0d64                spl_mmc_boot_mode
 .text.board_init_f
                0x00000000ffff0d68       0xdc arch/arm/mach-socfpga/spl_gen5.o
                0x00000000ffff0d68                board_init_f
 .text.sys_mgr_frzctrl_freeze_req
                0x00000000ffff0e44       0x78 arch/arm/mach-socfpga/freeze_controller.o
                0x00000000ffff0e44                sys_mgr_frzctrl_freeze_req
 .text.sys_mgr_frzctrl_thaw_req
                0x00000000ffff0ebc       0xa0 arch/arm/mach-socfpga/freeze_controller.o
                0x00000000ffff0ebc                sys_mgr_frzctrl_thaw_req
 .text.iocsr_get_config_table
                0x00000000ffff0f5c       0x50 arch/arm/mach-socfpga/wrap_iocsr_config.o
                0x00000000ffff0f5c                iocsr_get_config_table
 .text.sysmgr_get_pinmux_table
                0x00000000ffff0fac       0x10 arch/arm/mach-socfpga/wrap_pinmux_config.o
                0x00000000ffff0fac                sysmgr_get_pinmux_table
 .text.socfpga_get_sdram_config
                0x00000000ffff0fbc        0x8 arch/arm/mach-socfpga/wrap_sdram_config.o
                0x00000000ffff0fbc                socfpga_get_sdram_config
 .text.socfpga_get_seq_ac_init
                0x00000000ffff0fc4       0x10 arch/arm/mach-socfpga/wrap_sdram_config.o
                0x00000000ffff0fc4                socfpga_get_seq_ac_init
 .text.socfpga_get_seq_inst_init
                0x00000000ffff0fd4       0x10 arch/arm/mach-socfpga/wrap_sdram_config.o
                0x00000000ffff0fd4                socfpga_get_seq_inst_init
 .text.socfpga_get_sdram_rwmgr_config
                0x00000000ffff0fe4        0x8 arch/arm/mach-socfpga/wrap_sdram_config.o
                0x00000000ffff0fe4                socfpga_get_sdram_rwmgr_config
 .text.socfpga_get_sdram_io_config
                0x00000000ffff0fec        0x8 arch/arm/mach-socfpga/wrap_sdram_config.o
                0x00000000ffff0fec                socfpga_get_sdram_io_config
 .text.socfpga_get_sdram_misc_config
                0x00000000ffff0ff4        0x8 arch/arm/mach-socfpga/wrap_sdram_config.o
                0x00000000ffff0ff4                socfpga_get_sdram_misc_config
 .text.flush_dcache_all
                0x00000000ffff0ffc        0xe arch/arm/cpu/armv7/cache_v7.o
                0x00000000ffff0ffc                flush_dcache_all
 .text.invalidate_dcache_all
                0x00000000ffff100a        0xe arch/arm/cpu/armv7/cache_v7.o
                0x00000000ffff100a                invalidate_dcache_all
 .text.arm_init_before_mmu
                0x00000000ffff1018       0x22 arch/arm/cpu/armv7/cache_v7.o
                0x00000000ffff1018                arm_init_before_mmu
 .text.flush_dcache_range
                0x00000000ffff103a       0x38 arch/arm/cpu/armv7/cache_v7.o
                0x00000000ffff103a                flush_dcache_range
 .text.mmu_page_table_flush
                0x00000000ffff1072       0x1e arch/arm/cpu/armv7/cache_v7.o
                0x00000000ffff1072                mmu_page_table_flush
 .text.invalidate_dcache_range
                0x00000000ffff1090       0x42 arch/arm/cpu/armv7/cache_v7.o
                0x00000000ffff1090                invalidate_dcache_range
 *fill*         0x00000000ffff10d2        0x2 
 .text          0x00000000ffff10d4      0x158 arch/arm/cpu/armv7/cache_v7_asm.o
                0x00000000ffff10d4                __v7_flush_dcache_all
                0x00000000ffff1170                v7_flush_dcache_all
                0x00000000ffff1180                __v7_invalidate_dcache_all
                0x00000000ffff121c                v7_invalidate_dcache_all
 .text.lowlevel_init
                0x00000000ffff122c       0x18 arch/arm/cpu/armv7/lowlevel_init.o
                0x00000000ffff122c                lowlevel_init
 .text          0x00000000ffff1244       0x68 arch/arm/lib/crt0.o
                0x00000000ffff1244                _main
 .text.pl310_background_op_all_ways
                0x00000000ffff12ac       0x3c arch/arm/lib/cache-pl310.o
 .text.v7_outer_cache_inval_all
                0x00000000ffff12e8        0xc arch/arm/lib/cache-pl310.o
                0x00000000ffff12e8                v7_outer_cache_inval_all
 .text.v7_outer_cache_flush_all
                0x00000000ffff12f4        0xc arch/arm/lib/cache-pl310.o
                0x00000000ffff12f4                v7_outer_cache_flush_all
 .text.v7_outer_cache_flush_range
                0x00000000ffff1300       0x28 arch/arm/lib/cache-pl310.o
                0x00000000ffff1300                v7_outer_cache_flush_range
 .text.v7_outer_cache_inval_range
                0x00000000ffff1328       0x5c arch/arm/lib/cache-pl310.o
                0x00000000ffff1328                v7_outer_cache_inval_range
 *fill*         0x00000000ffff1384       0x1c 
 .text          0x00000000ffff13a0       0xa0 arch/arm/lib/memset.o
                0x00000000ffff13a0                memset
 .text          0x00000000ffff1440      0x2e4 arch/arm/lib/memcpy.o
                0x00000000ffff1440                memcpy
 .text.check_cache_range
                0x00000000ffff1724       0x14 arch/arm/lib/cache.o
                0x00000000ffff1724                check_cache_range
 .text.set_section_dcache
                0x00000000ffff1738       0x12 arch/arm/lib/cache-cp15.o
                0x00000000ffff1738                set_section_dcache
 .text.mmu_set_region_dcache_behaviour_phys
                0x00000000ffff174a       0x56 arch/arm/lib/cache-cp15.o
                0x00000000ffff174a                mmu_set_region_dcache_behaviour_phys
 .text.dram_bank_mmu_setup
                0x00000000ffff17a0       0x32 arch/arm/lib/cache-cp15.o
                0x00000000ffff17a0                dram_bank_mmu_setup
 .text.icache_enable
                0x00000000ffff17d2       0x12 arch/arm/lib/cache-cp15.o
                0x00000000ffff17d2                icache_enable
 .text.dcache_enable
                0x00000000ffff17e4       0x6a arch/arm/lib/cache-cp15.o
                0x00000000ffff17e4                dcache_enable
 .text.dcache_disable
                0x00000000ffff184e       0x20 arch/arm/lib/cache-cp15.o
                0x00000000ffff184e                dcache_disable
 .text.mmu_set_region_dcache_behaviour
                0x00000000ffff186e        0xa arch/arm/lib/cache-cp15.o
                0x00000000ffff186e                mmu_set_region_dcache_behaviour
 .text.spl_perform_fixups
                0x00000000ffff1878        0x2 common/spl/spl.o
                0x00000000ffff1878                spl_perform_fixups
 .text.spl_board_loader_name
                0x00000000ffff187a        0x4 common/spl/spl.o
                0x00000000ffff187a                spl_board_loader_name
 .text.spl_board_prepare_for_boot
                0x00000000ffff187e        0x2 common/spl/spl.o
                0x00000000ffff187e                spl_board_prepare_for_boot
 .text.spl_get_load_buffer
                0x00000000ffff1880        0x8 common/spl/spl.o
                0x00000000ffff1880                spl_get_load_buffer
 .text.spl_set_header_raw_uboot
                0x00000000ffff1888       0x20 common/spl/spl.o
                0x00000000ffff1888                spl_set_header_raw_uboot
 .text.spl_parse_board_header
                0x00000000ffff18a8        0x6 common/spl/spl.o
                0x00000000ffff18a8                spl_parse_board_header
 *fill*         0x00000000ffff18ae        0x2 
 .text.spl_parse_image_header
                0x00000000ffff18b0       0x2c common/spl/spl.o
                0x00000000ffff18b0                spl_parse_image_header
 .text.jump_to_image_no_args
                0x00000000ffff18dc        0x6 common/spl/spl.o
                0x00000000ffff18dc                jump_to_image_no_args
 *fill*         0x00000000ffff18e2        0x2 
 .text.spl_set_bd
                0x00000000ffff18e4       0x14 common/spl/spl.o
                0x00000000ffff18e4                spl_set_bd
 .text.spl_early_init
                0x00000000ffff18f8       0x2c common/spl/spl.o
                0x00000000ffff18f8                spl_early_init
 .text.spl_init
                0x00000000ffff1924       0x2e common/spl/spl.o
                0x00000000ffff1924                spl_init
 .text.board_boot_order
                0x00000000ffff1952        0xc common/spl/spl.o
                0x00000000ffff1952                board_boot_order
 .text.spl_check_board_image
                0x00000000ffff195e        0x4 common/spl/spl.o
                0x00000000ffff195e                spl_check_board_image
 *fill*         0x00000000ffff1962        0x2 
 .text.board_init_r
                0x00000000ffff1964       0xd8 common/spl/spl.o
                0x00000000ffff1964                board_init_r
 .text.preloader_console_init
                0x00000000ffff1a3c       0x24 common/spl/spl.o
                0x00000000ffff1a3c                preloader_console_init
 .text.spl_relocate_stack_gd
                0x00000000ffff1a60       0x34 common/spl/spl.o
                0x00000000ffff1a60                spl_relocate_stack_gd
 .text.spl_parse_legacy_header
                0x00000000ffff1a94       0x3a common/spl/spl_legacy.o
                0x00000000ffff1a94                spl_parse_legacy_header
 *fill*         0x00000000ffff1ace        0x2 
 .text.mmc_load_image_raw_sector
                0x00000000ffff1ad0       0x94 common/spl/spl_mmc.o
 .text.spl_mmc_boot_partition
                0x00000000ffff1b64        0x4 common/spl/spl_mmc.o
                0x00000000ffff1b64                spl_mmc_boot_partition
 .text.spl_mmc_get_uboot_raw_sector
                0x00000000ffff1b68        0x4 common/spl/spl_mmc.o
                0x00000000ffff1b68                spl_mmc_get_uboot_raw_sector
 .text.default_spl_mmc_emmc_boot_partition
                0x00000000ffff1b6c       0x10 common/spl/spl_mmc.o
                0x00000000ffff1b6c                default_spl_mmc_emmc_boot_partition
 .text.spl_mmc_emmc_boot_partition
                0x00000000ffff1b7c        0x4 common/spl/spl_mmc.o
                0x00000000ffff1b7c                spl_mmc_emmc_boot_partition
 .text.spl_mmc_load
                0x00000000ffff1b80      0x140 common/spl/spl_mmc.o
                0x00000000ffff1b80                spl_mmc_load
 .text.spl_mmc_load_image
                0x00000000ffff1cc0       0x22 common/spl/spl_mmc.o
                0x00000000ffff1cc0                spl_mmc_load_image
 .text.spl_spi_get_uboot_offs
                0x00000000ffff1ce2        0x6 common/spl/spl_spi.o
                0x00000000ffff1ce2                spl_spi_get_uboot_offs
 .text.spl_spi_load_image
                0x00000000ffff1ce8       0x84 common/spl/spl_spi.o
 .text.spl_ram_load_image
                0x00000000ffff1d6c       0x1e common/spl/spl_ram.o
 .text.board_init_f_alloc_reserve
                0x00000000ffff1d8a        0xa common/init/board_init.o
                0x00000000ffff1d8a                board_init_f_alloc_reserve
 .text.board_init_f_init_reserve
                0x00000000ffff1d94       0x14 common/init/board_init.o
                0x00000000ffff1d94                board_init_f_init_reserve
 .text.addr_aligned
                0x00000000ffff1da8       0x16 common/bouncebuf.o
 .text.bounce_buffer_start_extalign
                0x00000000ffff1dbe       0x54 common/bouncebuf.o
                0x00000000ffff1dbe                bounce_buffer_start_extalign
 *fill*         0x00000000ffff1e12        0x2 
 .text.bounce_buffer_start
                0x00000000ffff1e14       0x18 common/bouncebuf.o
                0x00000000ffff1e14                bounce_buffer_start
 .text.bounce_buffer_stop
                0x00000000ffff1e2c       0x2c common/bouncebuf.o
                0x00000000ffff1e2c                bounce_buffer_stop
 .text.fputc    0x00000000ffff1e58       0x14 common/console.o
                0x00000000ffff1e58                fputc
 .text.putc     0x00000000ffff1e6c       0x22 common/console.o
                0x00000000ffff1e6c                putc
 *fill*         0x00000000ffff1e8e        0x2 
 .text.fputs    0x00000000ffff1e90       0x14 common/console.o
                0x00000000ffff1e90                fputs
 .text.puts     0x00000000ffff1ea4       0x22 common/console.o
                0x00000000ffff1ea4                puts
 *fill*         0x00000000ffff1ec6        0x2 
 .text.alloc_simple
                0x00000000ffff1ec8       0x40 common/malloc_simple.o
 .text.malloc_simple
                0x00000000ffff1f08        0x6 common/malloc_simple.o
                0x00000000ffff1f08                malloc_simple
 .text.memalign_simple
                0x00000000ffff1f0e        0xa common/malloc_simple.o
                0x00000000ffff1f0e                memalign_simple
 .text.calloc   0x00000000ffff1f18       0x1c common/malloc_simple.o
                0x00000000ffff1f18                calloc
 .text.get_ram_size
                0x00000000ffff1f34       0x94 common/memsize.o
                0x00000000ffff1f34                get_ram_size
 .text.fdt_check_header
                0x00000000ffff1fc8       0x14 lib/libfdt/fdt.o
                0x00000000ffff1fc8                fdt_check_header
 .text.fdt_offset_ptr
                0x00000000ffff1fdc       0x1e lib/libfdt/fdt.o
                0x00000000ffff1fdc                fdt_offset_ptr
 .text.fdt_next_tag
                0x00000000ffff1ffa       0x74 lib/libfdt/fdt.o
                0x00000000ffff1ffa                fdt_next_tag
 .text.fdt_check_node_offset_
                0x00000000ffff206e       0x24 lib/libfdt/fdt.o
                0x00000000ffff206e                fdt_check_node_offset_
 .text.fdt_check_prop_offset_
                0x00000000ffff2092       0x24 lib/libfdt/fdt.o
                0x00000000ffff2092                fdt_check_prop_offset_
 .text.fdt_next_node
                0x00000000ffff20b6       0x6e lib/libfdt/fdt.o
                0x00000000ffff20b6                fdt_next_node
 .text.fdt_first_subnode
                0x00000000ffff2124       0x28 lib/libfdt/fdt.o
                0x00000000ffff2124                fdt_first_subnode
 .text.fdt_next_subnode
                0x00000000ffff214c       0x2e lib/libfdt/fdt.o
                0x00000000ffff214c                fdt_next_subnode
 .text.fdt_get_property_by_offset_
                0x00000000ffff217a       0x12 lib/libfdt/fdt_ro.o
 .text.nextprop_
                0x00000000ffff218c       0x32 lib/libfdt/fdt_ro.o
 .text.fdt_get_string
                0x00000000ffff21be       0x1a lib/libfdt/fdt_ro.o
                0x00000000ffff21be                fdt_get_string
 .text.fdt_get_name
                0x00000000ffff21d8       0x1c lib/libfdt/fdt_ro.o
                0x00000000ffff21d8                fdt_get_name
 .text.fdt_subnode_offset_namelen
                0x00000000ffff21f4       0x76 lib/libfdt/fdt_ro.o
                0x00000000ffff21f4                fdt_subnode_offset_namelen
 .text.fdt_first_property_offset
                0x00000000ffff226a       0x18 lib/libfdt/fdt_ro.o
                0x00000000ffff226a                fdt_first_property_offset
 .text.fdt_next_property_offset
                0x00000000ffff2282       0x18 lib/libfdt/fdt_ro.o
                0x00000000ffff2282                fdt_next_property_offset
 .text.fdt_get_property_namelen_
                0x00000000ffff229a       0x6e lib/libfdt/fdt_ro.o
 .text.fdt_getprop_namelen
                0x00000000ffff2308       0x16 lib/libfdt/fdt_ro.o
                0x00000000ffff2308                fdt_getprop_namelen
 .text.fdt_getprop
                0x00000000ffff231e       0x22 lib/libfdt/fdt_ro.o
                0x00000000ffff231e                fdt_getprop
 .text.fdt_get_phandle
                0x00000000ffff2340       0x40 lib/libfdt/fdt_ro.o
                0x00000000ffff2340                fdt_get_phandle
 .text.fdt_get_alias_namelen
                0x00000000ffff2380       0x2c lib/libfdt/fdt_ro.o
                0x00000000ffff2380                fdt_get_alias_namelen
 .text.fdt_path_offset_namelen
                0x00000000ffff23ac       0x82 lib/libfdt/fdt_ro.o
                0x00000000ffff23ac                fdt_path_offset_namelen
 .text.fdt_path_offset
                0x00000000ffff242e       0x1a lib/libfdt/fdt_ro.o
                0x00000000ffff242e                fdt_path_offset
 .text.fdt_supernode_atdepth_offset
                0x00000000ffff2448       0x56 lib/libfdt/fdt_ro.o
                0x00000000ffff2448                fdt_supernode_atdepth_offset
 .text.fdt_node_depth
                0x00000000ffff249e       0x14 lib/libfdt/fdt_ro.o
                0x00000000ffff249e                fdt_node_depth
 .text.fdt_parent_offset
                0x00000000ffff24b2       0x20 lib/libfdt/fdt_ro.o
                0x00000000ffff24b2                fdt_parent_offset
 .text.fdt_node_offset_by_prop_value
                0x00000000ffff24d2       0x4a lib/libfdt/fdt_ro.o
                0x00000000ffff24d2                fdt_node_offset_by_prop_value
 .text.fdt_node_offset_by_phandle
                0x00000000ffff251c       0x3a lib/libfdt/fdt_ro.o
                0x00000000ffff251c                fdt_node_offset_by_phandle
 .text.fdt_stringlist_contains
                0x00000000ffff2556       0x46 lib/libfdt/fdt_ro.o
                0x00000000ffff2556                fdt_stringlist_contains
 .text.fdt_node_check_compatible
                0x00000000ffff259c       0x28 lib/libfdt/fdt_ro.o
                0x00000000ffff259c                fdt_node_check_compatible
 .text.fdt_node_offset_by_compatible
                0x00000000ffff25c4       0x34 lib/libfdt/fdt_ro.o
                0x00000000ffff25c4                fdt_node_offset_by_compatible
 .text.fdt_cells
                0x00000000ffff25f8       0x2c lib/libfdt/fdt_addresses.o
 .text.fdt_address_cells
                0x00000000ffff2624       0x1c lib/libfdt/fdt_addresses.o
                0x00000000ffff2624                fdt_address_cells
 .text.fdt_size_cells
                0x00000000ffff2640       0x18 lib/libfdt/fdt_addresses.o
                0x00000000ffff2640                fdt_size_cells
 .text.fdtdec_get_int
                0x00000000ffff2658       0x1c lib/fdtdec_common.o
                0x00000000ffff2658                fdtdec_get_int
 .text.fdtdec_get_uint
                0x00000000ffff2674       0x1c lib/fdtdec_common.o
                0x00000000ffff2674                fdtdec_get_uint
 .text.get_prop_check_min_len
                0x00000000ffff2690       0x26 lib/fdtdec.o
 *fill*         0x00000000ffff26b6        0x2 
 .text.fdtdec_get_is_enabled
                0x00000000ffff26b8       0x28 lib/fdtdec.o
                0x00000000ffff26b8                fdtdec_get_is_enabled
 .text.fdtdec_get_chosen_prop
                0x00000000ffff26e0       0x24 lib/fdtdec.o
                0x00000000ffff26e0                fdtdec_get_chosen_prop
 .text.fdtdec_prepare_fdt
                0x00000000ffff2704       0x30 lib/fdtdec.o
                0x00000000ffff2704                fdtdec_prepare_fdt
 .text.fdtdec_get_int_array
                0x00000000ffff2734       0x36 lib/fdtdec.o
                0x00000000ffff2734                fdtdec_get_int_array
 .text.fdtdec_parse_phandle_with_args
                0x00000000ffff276a       0xca lib/fdtdec.o
                0x00000000ffff276a                fdtdec_parse_phandle_with_args
 .text.fdtdec_get_number
                0x00000000ffff2834       0x1e lib/fdtdec.o
                0x00000000ffff2834                fdtdec_get_number
 .text.fdtdec_get_addr_size_fixed
                0x00000000ffff2852       0x54 lib/fdtdec.o
                0x00000000ffff2852                fdtdec_get_addr_size_fixed
 .text.fdtdec_get_addr_size_auto_parent
                0x00000000ffff28a6       0x46 lib/fdtdec.o
                0x00000000ffff28a6                fdtdec_get_addr_size_auto_parent
 .text.fdtdec_get_addr_size_auto_noparent
                0x00000000ffff28ec       0x34 lib/fdtdec.o
                0x00000000ffff28ec                fdtdec_get_addr_size_auto_noparent
 .text.fdt_get_resource
                0x00000000ffff2920       0x8c lib/fdtdec.o
                0x00000000ffff2920                fdt_get_resource
 .text.get_next_memory_node
                0x00000000ffff29ac       0x2c lib/fdtdec.o
                0x00000000ffff29ac                get_next_memory_node
 .text.fdtdec_setup_memory_banksize
                0x00000000ffff29d8       0x58 lib/fdtdec.o
                0x00000000ffff29d8                fdtdec_setup_memory_banksize
 .text.fdtdec_board_setup
                0x00000000ffff2a30        0x4 lib/fdtdec.o
                0x00000000ffff2a30                fdtdec_board_setup
 .text.fdtdec_setup
                0x00000000ffff2a34       0x28 lib/fdtdec.o
                0x00000000ffff2a34                fdtdec_setup
 .text.__div64_32
                0x00000000ffff2a5c       0x7e lib/div64.o
                0x00000000ffff2a5c                __div64_32
 *fill*         0x00000000ffff2ada        0x2 
 .text.hang     0x00000000ffff2adc       0x10 lib/hang.o
                0x00000000ffff2adc                hang
 .text.kmalloc  0x00000000ffff2aec       0x28 lib/linux_compat.o
                0x00000000ffff2aec                kmalloc
 .text.strcpy   0x00000000ffff2b14       0x10 lib/string.o
                0x00000000ffff2b14                strcpy
 .text.strcmp   0x00000000ffff2b24       0x16 lib/string.o
                0x00000000ffff2b24                strcmp
 .text.strncmp  0x00000000ffff2b3a       0x22 lib/string.o
                0x00000000ffff2b3a                strncmp
 .text.strchr   0x00000000ffff2b5c       0x1a lib/string.o
                0x00000000ffff2b5c                strchr
 .text.strlen   0x00000000ffff2b76       0x10 lib/string.o
                0x00000000ffff2b76                strlen
 .text.strdup   0x00000000ffff2b86       0x22 lib/string.o
                0x00000000ffff2b86                strdup
 .text.memmove  0x00000000ffff2ba8       0x2a lib/string.o
                0x00000000ffff2ba8                memmove
 .text.memcmp   0x00000000ffff2bd2       0x1a lib/string.o
                0x00000000ffff2bd2                memcmp
 .text.memchr   0x00000000ffff2bec       0x1c lib/string.o
                0x00000000ffff2bec                memchr
 .text.tick_to_time
                0x00000000ffff2c08       0x68 lib/time.o
 .text.timer_read_counter
                0x00000000ffff2c70       0x10 lib/time.o
                0x00000000ffff2c70                timer_read_counter
 .text.get_ticks
                0x00000000ffff2c80       0x26 lib/time.o
                0x00000000ffff2c80                get_ticks
 .text.get_timer
                0x00000000ffff2ca6       0x10 lib/time.o
                0x00000000ffff2ca6                get_timer
 .text.timer_get_us
                0x00000000ffff2cb6       0x1c lib/time.o
                0x00000000ffff2cb6                timer_get_us
 *fill*         0x00000000ffff2cd2        0x2 
 .text.usec_to_tick
                0x00000000ffff2cd4       0x44 lib/time.o
                0x00000000ffff2cd4                usec_to_tick
 .text.__udelay
                0x00000000ffff2d18       0x30 lib/time.o
                0x00000000ffff2d18                __udelay
 .text.udelay   0x00000000ffff2d48       0x24 lib/time.o
                0x00000000ffff2d48                udelay
 .text.panic_finish
                0x00000000ffff2d6c       0x20 lib/panic.o
 .text.panic_str
                0x00000000ffff2d8c        0xa lib/panic.o
                0x00000000ffff2d8c                panic_str
 .text.putc_outstr
                0x00000000ffff2d96        0xa lib/tiny-printf.o
 .text.putc_normal
                0x00000000ffff2da0        0x6 lib/tiny-printf.o
 .text.div_out  0x00000000ffff2da6       0x34 lib/tiny-printf.o
 *fill*         0x00000000ffff2dda        0x2 
 .text._vprintf
                0x00000000ffff2ddc      0x1cc lib/tiny-printf.o
 .text.printf   0x00000000ffff2fa8       0x24 lib/tiny-printf.o
                0x00000000ffff2fa8                printf
 .text.sprintf  0x00000000ffff2fcc       0x2c lib/tiny-printf.o
                0x00000000ffff2fcc                sprintf
 .text.snprintf
                0x00000000ffff2ff8       0x2c lib/tiny-printf.o
                0x00000000ffff2ff8                snprintf
 .text.part_driver_lookup_type
                0x00000000ffff3024       0x44 disk/part.o
 .text.part_init
                0x00000000ffff3068       0x2c disk/part.o
                0x00000000ffff3068                part_init
 .text.part_get_info
                0x00000000ffff3094       0x30 disk/part.o
                0x00000000ffff3094                part_get_info
 .text.part_set_generic_name
                0x00000000ffff30c4       0x34 disk/part.o
                0x00000000ffff30c4                part_set_generic_name
 .text.test_block_type
                0x00000000ffff30f8       0x78 disk/part_dos.o
 .text.part_test_dos
                0x00000000ffff3170       0x40 disk/part_dos.o
 .text.part_get_info_extended.constprop.1
                0x00000000ffff31b0      0x18c disk/part_dos.o
 .text.part_get_info_dos
                0x00000000ffff333c       0x16 disk/part_dos.o
 *fill*         0x00000000ffff3352        0x2 
 .text.l2x0_probe
                0x00000000ffff3354      0x104 drivers/cache/cache-l2x0.o
 .text.alloc_priv
                0x00000000ffff3458       0x38 drivers/core/device.o
 .text.device_bind_common.isra.6
                0x00000000ffff3490      0x158 drivers/core/device.o
 .text.device_bind_with_driver_data
                0x00000000ffff35e8       0x16 drivers/core/device.o
                0x00000000ffff35e8                device_bind_with_driver_data
 .text.device_bind_by_name
                0x00000000ffff35fe       0x44 drivers/core/device.o
                0x00000000ffff35fe                device_bind_by_name
 .text.device_of_to_plat
                0x00000000ffff3642       0x9e drivers/core/device.o
                0x00000000ffff3642                device_of_to_plat
 .text.device_probe
                0x00000000ffff36e0       0x78 drivers/core/device.o
                0x00000000ffff36e0                device_probe
 .text.dev_get_plat
                0x00000000ffff3758        0x6 drivers/core/device.o
                0x00000000ffff3758                dev_get_plat
 .text.dev_get_parent_plat
                0x00000000ffff375e        0x6 drivers/core/device.o
                0x00000000ffff375e                dev_get_parent_plat
 .text.dev_get_uclass_plat
                0x00000000ffff3764        0x6 drivers/core/device.o
                0x00000000ffff3764                dev_get_uclass_plat
 .text.dev_get_priv
                0x00000000ffff376a        0x6 drivers/core/device.o
                0x00000000ffff376a                dev_get_priv
 .text.dev_get_uclass_priv
                0x00000000ffff3770        0x6 drivers/core/device.o
                0x00000000ffff3770                dev_get_uclass_priv
 .text.dev_get_parent_priv
                0x00000000ffff3776        0x6 drivers/core/device.o
                0x00000000ffff3776                dev_get_parent_priv
 .text.device_find_first_child
                0x00000000ffff377c       0x12 drivers/core/device.o
                0x00000000ffff377c                device_find_first_child
 .text.device_find_next_child
                0x00000000ffff378e       0x16 drivers/core/device.o
                0x00000000ffff378e                device_find_next_child
 .text.device_find_first_child_by_uclass
                0x00000000ffff37a4       0x32 drivers/core/device.o
                0x00000000ffff37a4                device_find_first_child_by_uclass
 .text.dev_get_parent
                0x00000000ffff37d6        0x4 drivers/core/device.o
                0x00000000ffff37d6                dev_get_parent
 .text.dev_get_driver_data
                0x00000000ffff37da        0x4 drivers/core/device.o
                0x00000000ffff37da                dev_get_driver_data
 .text.device_get_uclass_id
                0x00000000ffff37de        0x8 drivers/core/device.o
                0x00000000ffff37de                device_get_uclass_id
 .text.device_set_name_alloced
                0x00000000ffff37e6        0xa drivers/core/device.o
                0x00000000ffff37e6                device_set_name_alloced
 .text.devfdt_get_addr_index
                0x00000000ffff37f0       0x48 drivers/core/fdtaddr.o
                0x00000000ffff37f0                devfdt_get_addr_index
 .text.devfdt_get_addr_index_ptr
                0x00000000ffff3838       0x10 drivers/core/fdtaddr.o
                0x00000000ffff3838                devfdt_get_addr_index_ptr
 .text.devfdt_get_addr_size_index
                0x00000000ffff3848       0x2c drivers/core/fdtaddr.o
                0x00000000ffff3848                devfdt_get_addr_size_index
 .text.devfdt_get_addr
                0x00000000ffff3874        0x6 drivers/core/fdtaddr.o
                0x00000000ffff3874                devfdt_get_addr
 .text.devfdt_get_addr_ptr
                0x00000000ffff387a        0x6 drivers/core/fdtaddr.o
                0x00000000ffff387a                devfdt_get_addr_ptr
 .text.devfdt_get_addr_pci
                0x00000000ffff3880        0x4 drivers/core/fdtaddr.o
                0x00000000ffff3880                devfdt_get_addr_pci
 .text.lists_driver_lookup_name
                0x00000000ffff3884       0x2c drivers/core/lists.o
                0x00000000ffff3884                lists_driver_lookup_name
 .text.lists_uclass_lookup
                0x00000000ffff38b0       0x20 drivers/core/lists.o
                0x00000000ffff38b0                lists_uclass_lookup
 .text.lists_bind_drivers
                0x00000000ffff38d0       0x6c drivers/core/lists.o
                0x00000000ffff38d0                lists_bind_drivers
 .text.device_bind_driver_to_node
                0x00000000ffff393c       0x2c drivers/core/lists.o
                0x00000000ffff393c                device_bind_driver_to_node
 .text.device_bind_driver
                0x00000000ffff3968       0x12 drivers/core/lists.o
                0x00000000ffff3968                device_bind_driver
 *fill*         0x00000000ffff397a        0x2 
 .text.lists_bind_fdt
                0x00000000ffff397c       0xd4 drivers/core/lists.o
                0x00000000ffff397c                lists_bind_fdt
 .text.dm_scan_fdt_node
                0x00000000ffff3a50       0x5e drivers/core/root.o
 .text.dm_fixup_for_gd_move
                0x00000000ffff3aae       0x14 drivers/core/root.o
                0x00000000ffff3aae                dm_fixup_for_gd_move
 *fill*         0x00000000ffff3ac2        0x2 
 .text.dm_init  0x00000000ffff3ac4       0x44 drivers/core/root.o
                0x00000000ffff3ac4                dm_init
 .text.dm_scan_plat
                0x00000000ffff3b08       0x16 drivers/core/root.o
                0x00000000ffff3b08                dm_scan_plat
 .text.dm_scan_fdt_dev
                0x00000000ffff3b1e       0x10 drivers/core/root.o
                0x00000000ffff3b1e                dm_scan_fdt_dev
 .text.dm_scan_fdt
                0x00000000ffff3b2e        0xe drivers/core/root.o
                0x00000000ffff3b2e                dm_scan_fdt
 .text.dm_extended_scan
                0x00000000ffff3b3c       0x40 drivers/core/root.o
                0x00000000ffff3b3c                dm_extended_scan
 .text.dm_scan_other
                0x00000000ffff3b7c        0x4 drivers/core/root.o
                0x00000000ffff3b7c                dm_scan_other
 .text.dm_init_and_scan
                0x00000000ffff3b80       0x28 drivers/core/root.o
                0x00000000ffff3b80                dm_init_and_scan
 .text.uclass_find
                0x00000000ffff3ba8       0x32 drivers/core/uclass.o
                0x00000000ffff3ba8                uclass_find
 .text.uclass_get
                0x00000000ffff3bda       0x9e drivers/core/uclass.o
                0x00000000ffff3bda                uclass_get
 .text.uclass_find_device
                0x00000000ffff3c78       0x42 drivers/core/uclass.o
                0x00000000ffff3c78                uclass_find_device
 .text.uclass_find_first_device
                0x00000000ffff3cba       0x22 drivers/core/uclass.o
                0x00000000ffff3cba                uclass_find_first_device
 .text.uclass_find_next_device
                0x00000000ffff3cdc       0x18 drivers/core/uclass.o
                0x00000000ffff3cdc                uclass_find_next_device
 .text.uclass_find_next_free_seq
                0x00000000ffff3cf4       0x28 drivers/core/uclass.o
                0x00000000ffff3cf4                uclass_find_next_free_seq
 .text.uclass_find_device_by_seq
                0x00000000ffff3d1c       0x42 drivers/core/uclass.o
                0x00000000ffff3d1c                uclass_find_device_by_seq
 .text.uclass_find_device_by_of_offset
                0x00000000ffff3d5e       0x40 drivers/core/uclass.o
                0x00000000ffff3d5e                uclass_find_device_by_of_offset
 .text.uclass_find_device_by_ofnode
                0x00000000ffff3d9e       0x40 drivers/core/uclass.o
                0x00000000ffff3d9e                uclass_find_device_by_ofnode
 .text.uclass_get_device_tail
                0x00000000ffff3dde       0x16 drivers/core/uclass.o
                0x00000000ffff3dde                uclass_get_device_tail
 .text.uclass_get_device
                0x00000000ffff3df4       0x1c drivers/core/uclass.o
                0x00000000ffff3df4                uclass_get_device
 .text.uclass_get_device_by_seq
                0x00000000ffff3e10       0x1c drivers/core/uclass.o
                0x00000000ffff3e10                uclass_get_device_by_seq
 .text.uclass_get_device_by_of_offset
                0x00000000ffff3e2c       0x1c drivers/core/uclass.o
                0x00000000ffff3e2c                uclass_get_device_by_of_offset
 .text.uclass_get_device_by_ofnode
                0x00000000ffff3e48       0x1c drivers/core/uclass.o
                0x00000000ffff3e48                uclass_get_device_by_ofnode
 .text.uclass_first_device
                0x00000000ffff3e64       0x1e drivers/core/uclass.o
                0x00000000ffff3e64                uclass_first_device
 .text.uclass_next_device
                0x00000000ffff3e82       0x24 drivers/core/uclass.o
                0x00000000ffff3e82                uclass_next_device
 .text.uclass_bind_device
                0x00000000ffff3ea6       0x3a drivers/core/uclass.o
                0x00000000ffff3ea6                uclass_bind_device
 .text.uclass_pre_probe_device
                0x00000000ffff3ee0       0x2e drivers/core/uclass.o
                0x00000000ffff3ee0                uclass_pre_probe_device
 .text.uclass_post_probe_device
                0x00000000ffff3f0e       0x2e drivers/core/uclass.o
                0x00000000ffff3f0e                uclass_post_probe_device
 .text.simple_bus_post_bind
                0x00000000ffff3f3c       0x34 drivers/core/simple-bus.o
 .text.simple_bus_translate
                0x00000000ffff3f70       0x20 drivers/core/simple-bus.o
                0x00000000ffff3f70                simple_bus_translate
 .text.ofnode_read_u32_index
                0x00000000ffff3f90       0x3e drivers/core/ofnode.o
                0x00000000ffff3f90                ofnode_read_u32_index
 .text.ofnode_read_u32
                0x00000000ffff3fce        0x8 drivers/core/ofnode.o
                0x00000000ffff3fce                ofnode_read_u32
 .text.ofnode_read_u32_default
                0x00000000ffff3fd6       0x16 drivers/core/ofnode.o
                0x00000000ffff3fd6                ofnode_read_u32_default
 .text.ofnode_read_s32_default
                0x00000000ffff3fec       0x16 drivers/core/ofnode.o
                0x00000000ffff3fec                ofnode_read_s32_default
 .text.ofnode_read_u32_array
                0x00000000ffff4002       0x18 drivers/core/ofnode.o
                0x00000000ffff4002                ofnode_read_u32_array
 .text.ofnode_get_name
                0x00000000ffff401a       0x12 drivers/core/ofnode.o
                0x00000000ffff401a                ofnode_get_name
 .text.ofnode_parse_phandle_with_args
                0x00000000ffff402c       0x42 drivers/core/ofnode.o
                0x00000000ffff402c                ofnode_parse_phandle_with_args
 .text.ofnode_count_phandle_with_args
                0x00000000ffff406e       0x24 drivers/core/ofnode.o
                0x00000000ffff406e                ofnode_count_phandle_with_args
 .text.ofnode_path
                0x00000000ffff4092       0x14 drivers/core/ofnode.o
                0x00000000ffff4092                ofnode_path
 .text.ofnode_get_property
                0x00000000ffff40a6       0x14 drivers/core/ofnode.o
                0x00000000ffff40a6                ofnode_get_property
 .text.ofnode_read_bool
                0x00000000ffff40ba       0x10 drivers/core/ofnode.o
                0x00000000ffff40ba                ofnode_read_bool
 .text.ofnode_is_available
                0x00000000ffff40ca       0x16 drivers/core/ofnode.o
                0x00000000ffff40ca                ofnode_is_available
 .text.ofnode_pre_reloc
                0x00000000ffff40e0        0x4 drivers/core/ofnode.o
                0x00000000ffff40e0                ofnode_pre_reloc
 .text.ofnode_read_resource
                0x00000000ffff40e4       0x40 drivers/core/ofnode.o
                0x00000000ffff40e4                ofnode_read_resource
 .text.ofnode_by_prop_value
                0x00000000ffff4124       0x1c drivers/core/ofnode.o
                0x00000000ffff4124                ofnode_by_prop_value
 .text.ofnode_conf_read_int
                0x00000000ffff4140       0x24 drivers/core/ofnode.o
                0x00000000ffff4140                ofnode_conf_read_int
 .text.sysreset_post_bind
                0x00000000ffff4164        0x4 drivers/sysreset/sysreset-uclass.o
 .text.sysreset_request
                0x00000000ffff4168       0x10 drivers/sysreset/sysreset-uclass.o
                0x00000000ffff4168                sysreset_request
 .text.sysreset_walk
                0x00000000ffff4178       0x3e drivers/sysreset/sysreset-uclass.o
                0x00000000ffff4178                sysreset_walk
 *fill*         0x00000000ffff41b6        0x2 
 .text.sysreset_walk_halt
                0x00000000ffff41b8       0x24 drivers/sysreset/sysreset-uclass.o
                0x00000000ffff41b8                sysreset_walk_halt
 .text.do_reset
                0x00000000ffff41dc       0x3c drivers/sysreset/sysreset-uclass.o
                0x00000000ffff41dc                do_reset
 .text.socfpga_sysreset_request
                0x00000000ffff4218       0x2e drivers/sysreset/sysreset_socfpga.o
 .text.socfpga_sysreset_probe
                0x00000000ffff4246       0x16 drivers/sysreset/sysreset_socfpga.o
 .text.mmc_send_op_cond_iter
                0x00000000ffff425c       0x44 drivers/mmc/mmc.o
 .text.mmc_go_idle
                0x00000000ffff42a0       0x32 drivers/mmc/mmc.o
 .text.mmc_set_capacity
                0x00000000ffff42d2       0x6c drivers/mmc/mmc.o
 .text.mmc_send_status
                0x00000000ffff433e       0x36 drivers/mmc/mmc.o
                0x00000000ffff433e                mmc_send_status
 .text.__mmc_switch.constprop.12
                0x00000000ffff4374       0xbc drivers/mmc/mmc.o
 .text.mmc_set_blocklen
                0x00000000ffff4430       0x26 drivers/mmc/mmc.o
                0x00000000ffff4430                mmc_set_blocklen
 *fill*         0x00000000ffff4456        0x2 
 .text.mmc_bread
                0x00000000ffff4458       0xf0 drivers/mmc/mmc.o
                0x00000000ffff4458                mmc_bread
 .text.mmc_send_ext_csd
                0x00000000ffff4548       0x2e drivers/mmc/mmc.o
                0x00000000ffff4548                mmc_send_ext_csd
 *fill*         0x00000000ffff4576        0x2 
 .text.mmc_read_and_compare_ext_csd
                0x00000000ffff4578       0x78 drivers/mmc/mmc.o
 .text.mmc_set_card_speed.constprop.11
                0x00000000ffff45f0       0x68 drivers/mmc/mmc.o
 .text.mmc_switch
                0x00000000ffff4658        0x4 drivers/mmc/mmc.o
                0x00000000ffff4658                mmc_switch
 .text.mmc_startup_v4
                0x00000000ffff465c      0x204 drivers/mmc/mmc.o
 .text.mmc_switch_part
                0x00000000ffff4860       0x56 drivers/mmc/mmc.o
                0x00000000ffff4860                mmc_switch_part
 .text.mmc_set_clock
                0x00000000ffff48b6       0x20 drivers/mmc/mmc.o
                0x00000000ffff48b6                mmc_set_clock
 *fill*         0x00000000ffff48d6        0x2 
 .text.mmc_startup
                0x00000000ffff48d8      0x754 drivers/mmc/mmc.o
 .text.mmc_get_op_cond
                0x00000000ffff502c      0x1b4 drivers/mmc/mmc.o
                0x00000000ffff502c                mmc_get_op_cond
 .text.mmc_start_init
                0x00000000ffff51e0       0x44 drivers/mmc/mmc.o
                0x00000000ffff51e0                mmc_start_init
 .text.mmc_init
                0x00000000ffff5224       0xa6 drivers/mmc/mmc.o
                0x00000000ffff5224                mmc_init
 .text.mmc_init_device
                0x00000000ffff52ca       0x44 drivers/mmc/mmc.o
                0x00000000ffff52ca                mmc_init_device
 .text.mmc_blk_probe
                0x00000000ffff530e       0x14 drivers/mmc/mmc-uclass.o
 .text.mmc_set_ios
                0x00000000ffff5322       0x14 drivers/mmc/mmc-uclass.o
                0x00000000ffff5322                mmc_set_ios
 .text.mmc_wait_dat0
                0x00000000ffff5336       0x14 drivers/mmc/mmc-uclass.o
                0x00000000ffff5336                mmc_wait_dat0
 .text.mmc_getcd
                0x00000000ffff534a       0x14 drivers/mmc/mmc-uclass.o
                0x00000000ffff534a                mmc_getcd
 .text.mmc_host_power_cycle
                0x00000000ffff535e       0x12 drivers/mmc/mmc-uclass.o
                0x00000000ffff535e                mmc_host_power_cycle
 .text.mmc_deferred_probe
                0x00000000ffff5370       0x12 drivers/mmc/mmc-uclass.o
                0x00000000ffff5370                mmc_deferred_probe
 .text.mmc_reinit
                0x00000000ffff5382       0x12 drivers/mmc/mmc-uclass.o
                0x00000000ffff5382                mmc_reinit
 .text.mmc_get_mmc_dev
                0x00000000ffff5394       0x16 drivers/mmc/mmc-uclass.o
                0x00000000ffff5394                mmc_get_mmc_dev
 .text.mmc_get_b_max
                0x00000000ffff53aa       0x2e drivers/mmc/mmc-uclass.o
                0x00000000ffff53aa                mmc_get_b_max
 .text.mmc_send_cmd
                0x00000000ffff53d8       0x2a drivers/mmc/mmc-uclass.o
                0x00000000ffff53d8                mmc_send_cmd
 .text.mmc_select_hwpart
                0x00000000ffff5402       0x3a drivers/mmc/mmc-uclass.o
 .text.find_mmc_device
                0x00000000ffff543c       0x30 drivers/mmc/mmc-uclass.o
                0x00000000ffff543c                find_mmc_device
 .text.mmc_get_blk_desc
                0x00000000ffff546c       0x1c drivers/mmc/mmc-uclass.o
                0x00000000ffff546c                mmc_get_blk_desc
 .text.mmc_bind
                0x00000000ffff5488       0x68 drivers/mmc/mmc-uclass.o
                0x00000000ffff5488                mmc_bind
 .text.dwmci_wait_reset.isra.0
                0x00000000ffff54f0       0x24 drivers/mmc/dw_mmc.o
 .text.dwmci_setup_bus.part.2
                0x00000000ffff5514       0x9c drivers/mmc/dw_mmc.o
 .text.dwmci_fifo_ready.isra.3
                0x00000000ffff55b0       0x3a drivers/mmc/dw_mmc.o
 *fill*         0x00000000ffff55ea        0x2 
 .text.dwmci_send_cmd
                0x00000000ffff55ec      0x488 drivers/mmc/dw_mmc.o
 .text.dwmci_set_ios
                0x00000000ffff5a74       0x66 drivers/mmc/dw_mmc.o
 .text.dwmci_probe
                0x00000000ffff5ada       0xc8 drivers/mmc/dw_mmc.o
                0x00000000ffff5ada                dwmci_probe
 *fill*         0x00000000ffff5ba2        0x2 
 .text.dwmci_setup_cfg
                0x00000000ffff5ba4       0x40 drivers/mmc/dw_mmc.o
                0x00000000ffff5ba4                dwmci_setup_cfg
 .text.dwmci_bind
                0x00000000ffff5be4        0x4 drivers/mmc/dw_mmc.o
                0x00000000ffff5be4                dwmci_bind
 .text.socfpga_dwmci_clksel
                0x00000000ffff5be8       0x4c drivers/mmc/socfpga_dw_mmc.o
 .text.socfpga_dwmmc_of_to_plat
                0x00000000ffff5c34       0xa8 drivers/mmc/socfpga_dw_mmc.o
 .text.socfpga_dwmmc_probe
                0x00000000ffff5cdc       0x7c drivers/mmc/socfpga_dw_mmc.o
 .text.socfpga_dwmmc_bind
                0x00000000ffff5d58       0x18 drivers/mmc/socfpga_dw_mmc.o
 .text.spi_flash_post_bind
                0x00000000ffff5d70        0x4 drivers/mtd/spi/sf-uclass.o
 .text.spi_flash_read_dm
                0x00000000ffff5d74        0xe drivers/mtd/spi/sf-uclass.o
                0x00000000ffff5d74                spi_flash_read_dm
 *fill*         0x00000000ffff5d82        0x2 
 .text.spi_flash_probe_bus_cs
                0x00000000ffff5d84       0x30 drivers/mtd/spi/sf-uclass.o
                0x00000000ffff5d84                spi_flash_probe_bus_cs
 .text.spi_flash_probe
                0x00000000ffff5db4       0x1a drivers/mtd/spi/sf-uclass.o
                0x00000000ffff5db4                spi_flash_probe
 .text.spi_flash_std_write
                0x00000000ffff5dce       0x22 drivers/mtd/spi/sf_probe.o
 .text.spi_flash_std_read
                0x00000000ffff5df0       0x22 drivers/mtd/spi/sf_probe.o
 .text.spi_flash_std_remove
                0x00000000ffff5e12        0xa drivers/mtd/spi/sf_probe.o
 .text.spi_flash_std_probe
                0x00000000ffff5e1c       0x48 drivers/mtd/spi/sf_probe.o
                0x00000000ffff5e1c                spi_flash_std_probe
 .text.spi_flash_std_get_sw_write_prot
                0x00000000ffff5e64        0xe drivers/mtd/spi/sf_probe.o
 .text.spi_flash_std_erase
                0x00000000ffff5e72       0x48 drivers/mtd/spi/sf_probe.o
 *fill*         0x00000000ffff5eba        0x2 
 .text.spi_nor_erase
                0x00000000ffff5ebc        0x8 drivers/mtd/spi/spi-nor-tiny.o
 .text.spi_nor_write
                0x00000000ffff5ec4        0x8 drivers/mtd/spi/spi-nor-tiny.o
 .text.spi_nor_read
                0x00000000ffff5ecc       0xd6 drivers/mtd/spi/spi-nor-tiny.o
 .text.spi_nor_write_reg
                0x00000000ffff5fa2       0x40 drivers/mtd/spi/spi-nor-tiny.o
 *fill*         0x00000000ffff5fe2        0x2 
 .text.spi_nor_scan
                0x00000000ffff5fe4      0x278 drivers/mtd/spi/spi-nor-tiny.o
                0x00000000ffff5fe4                spi_nor_scan
 .text.spi_flash_cmd_get_sw_write_prot
                0x00000000ffff625c        0x8 drivers/mtd/spi/spi-nor-tiny.o
                0x00000000ffff625c                spi_flash_cmd_get_sw_write_prot
 .text._serial_putc
                0x00000000ffff6264       0x22 drivers/serial/serial-uclass.o
 .text.serial_post_probe
                0x00000000ffff6286       0x12 drivers/serial/serial-uclass.o
 .text.serial_pre_remove
                0x00000000ffff6298        0x4 drivers/serial/serial-uclass.o
 .text.serial_putc
                0x00000000ffff629c       0x12 drivers/serial/serial-uclass.o
                0x00000000ffff629c                serial_putc
 .text.serial_puts
                0x00000000ffff62ae       0x1e drivers/serial/serial-uclass.o
                0x00000000ffff62ae                serial_puts
 .text.serial_setbrg
                0x00000000ffff62cc       0x1e drivers/serial/serial-uclass.o
                0x00000000ffff62cc                serial_setbrg
 *fill*         0x00000000ffff62ea        0x2 
 .text.serial_init
                0x00000000ffff62ec       0xf4 drivers/serial/serial-uclass.o
                0x00000000ffff62ec                serial_init
 .text.ns16550_serial_getinfo
                0x00000000ffff63e0       0x26 drivers/serial/ns16550.o
 *fill*         0x00000000ffff6406        0x2 
 .text.ns16550_serial_of_to_plat
                0x00000000ffff6408       0x88 drivers/serial/ns16550.o
                0x00000000ffff6408                ns16550_serial_of_to_plat
 .text.ns16550_writeb.isra.0
                0x00000000ffff6490       0x16 drivers/serial/ns16550.o
 *fill*         0x00000000ffff64a6        0x2 
 .text.ns16550_serial_setconfig
                0x00000000ffff64a8       0x40 drivers/serial/ns16550.o
 .text.ns16550_readb.isra.1
                0x00000000ffff64e8       0x14 drivers/serial/ns16550.o
 .text.ns16550_setbrg
                0x00000000ffff64fc       0x42 drivers/serial/ns16550.o
 .text.ns16550_serial_setbrg
                0x00000000ffff653e       0x24 drivers/serial/ns16550.o
 .text.ns16550_serial_pending
                0x00000000ffff6562       0x28 drivers/serial/ns16550.o
 .text.ns16550_serial_putc
                0x00000000ffff658a       0x32 drivers/serial/ns16550.o
 .text.ns16550_serial_getc
                0x00000000ffff65bc       0x26 drivers/serial/ns16550.o
 .text.ns16550_init
                0x00000000ffff65e2       0x4c drivers/serial/ns16550.o
                0x00000000ffff65e2                ns16550_init
 .text.ns16550_serial_probe
                0x00000000ffff662e       0x58 drivers/serial/ns16550.o
                0x00000000ffff662e                ns16550_serial_probe
 *fill*         0x00000000ffff6686        0x2 
 .text.spi_set_speed_mode
                0x00000000ffff6688       0x70 drivers/spi/spi-uclass.o
 .text.spi_child_pre_probe
                0x00000000ffff66f8       0x22 drivers/spi/spi-uclass.o
 *fill*         0x00000000ffff671a        0x2 
 .text.spi_post_probe
                0x00000000ffff671c       0x20 drivers/spi/spi-uclass.o
 .text.dm_spi_claim_bus
                0x00000000ffff673c       0x74 drivers/spi/spi-uclass.o
                0x00000000ffff673c                dm_spi_claim_bus
 .text.dm_spi_release_bus
                0x00000000ffff67b0        0xe drivers/spi/spi-uclass.o
                0x00000000ffff67b0                dm_spi_release_bus
 .text.dm_spi_xfer
                0x00000000ffff67be       0x2a drivers/spi/spi-uclass.o
                0x00000000ffff67be                dm_spi_xfer
 .text.spi_claim_bus
                0x00000000ffff67e8        0x6 drivers/spi/spi-uclass.o
                0x00000000ffff67e8                spi_claim_bus
 .text.spi_release_bus
                0x00000000ffff67ee        0x6 drivers/spi/spi-uclass.o
                0x00000000ffff67ee                spi_release_bus
 .text.spi_xfer
                0x00000000ffff67f4        0x6 drivers/spi/spi-uclass.o
                0x00000000ffff67f4                spi_xfer
 .text.spi_chip_select
                0x00000000ffff67fa       0x12 drivers/spi/spi-uclass.o
                0x00000000ffff67fa                spi_chip_select
 .text.spi_find_chip_select
                0x00000000ffff680c       0x74 drivers/spi/spi-uclass.o
                0x00000000ffff680c                spi_find_chip_select
 .text.spi_get_bus_and_cs
                0x00000000ffff6880      0x148 drivers/spi/spi-uclass.o
                0x00000000ffff6880                spi_get_bus_and_cs
 .text.spi_slave_of_to_plat
                0x00000000ffff69c8       0xe4 drivers/spi/spi-uclass.o
                0x00000000ffff69c8                spi_slave_of_to_plat
 .text.spi_child_post_bind
                0x00000000ffff6aac       0x1e drivers/spi/spi-uclass.o
 .text.cadence_spi_set_mode
                0x00000000ffff6aca       0x38 drivers/spi/cadence_qspi.o
 .text.cadence_spi_write_speed
                0x00000000ffff6b02       0x3c drivers/spi/cadence_qspi.o
 .text.cadence_spi_mem_exec_op
                0x00000000ffff6b3e       0x8c drivers/spi/cadence_qspi.o
 .text.cadence_spi_mem_supports_op
                0x00000000ffff6bca       0x36 drivers/spi/cadence_qspi.o
 .text.cadence_spi_of_to_plat
                0x00000000ffff6c00      0x11c drivers/spi/cadence_qspi.o
 .text.cadence_spi_remove
                0x00000000ffff6d1c       0x18 drivers/spi/cadence_qspi.o
 .text.cadence_spi_probe
                0x00000000ffff6d34       0x68 drivers/spi/cadence_qspi.o
 .text.cadence_spi_read_id.constprop.0
                0x00000000ffff6d9c       0x3c drivers/spi/cadence_qspi.o
 .text.cadence_spi_set_speed
                0x00000000ffff6dd8      0x15c drivers/spi/cadence_qspi.o
 .text.cadence_qspi_set_protocol
                0x00000000ffff6f34       0x64 drivers/spi/cadence_qspi_apb.o
 .text.cadence_qspi_wait_idle
                0x00000000ffff6f98       0x4c drivers/spi/cadence_qspi_apb.o
 .text.cadence_qspi_apb_exec_flash_cmd
                0x00000000ffff6fe4       0x60 drivers/spi/cadence_qspi_apb.o
 .text.cadence_qspi_enable_dtr
                0x00000000ffff7044       0x52 drivers/spi/cadence_qspi_apb.o
 .text.cadence_qspi_apb_controller_enable
                0x00000000ffff7096       0x12 drivers/spi/cadence_qspi_apb.o
                0x00000000ffff7096                cadence_qspi_apb_controller_enable
 .text.cadence_qspi_apb_controller_disable
                0x00000000ffff70a8       0x12 drivers/spi/cadence_qspi_apb.o
                0x00000000ffff70a8                cadence_qspi_apb_controller_disable
 .text.cadence_qspi_apb_dac_mode_enable
                0x00000000ffff70ba       0x12 drivers/spi/cadence_qspi_apb.o
                0x00000000ffff70ba                cadence_qspi_apb_dac_mode_enable
 .text.cadence_qspi_apb_readdata_capture
                0x00000000ffff70cc       0x36 drivers/spi/cadence_qspi_apb.o
                0x00000000ffff70cc                cadence_qspi_apb_readdata_capture
 .text.cadence_qspi_apb_config_baudrate_div
                0x00000000ffff7102       0x3a drivers/spi/cadence_qspi_apb.o
                0x00000000ffff7102                cadence_qspi_apb_config_baudrate_div
 .text.cadence_qspi_apb_set_clk_mode
                0x00000000ffff713c       0x32 drivers/spi/cadence_qspi_apb.o
                0x00000000ffff713c                cadence_qspi_apb_set_clk_mode
 .text.cadence_qspi_apb_chipselect
                0x00000000ffff716e       0x42 drivers/spi/cadence_qspi_apb.o
                0x00000000ffff716e                cadence_qspi_apb_chipselect
 .text.cadence_qspi_apb_delay
                0x00000000ffff71b0       0x94 drivers/spi/cadence_qspi_apb.o
                0x00000000ffff71b0                cadence_qspi_apb_delay
 .text.cadence_qspi_apb_controller_init
                0x00000000ffff7244       0x58 drivers/spi/cadence_qspi_apb.o
                0x00000000ffff7244                cadence_qspi_apb_controller_init
 .text.cadence_qspi_apb_command_read_setup
                0x00000000ffff729c       0x38 drivers/spi/cadence_qspi_apb.o
                0x00000000ffff729c                cadence_qspi_apb_command_read_setup
 .text.cadence_qspi_apb_command_read
                0x00000000ffff72d4       0xd4 drivers/spi/cadence_qspi_apb.o
                0x00000000ffff72d4                cadence_qspi_apb_command_read
 .text.cadence_qspi_apb_command_write_setup
                0x00000000ffff73a8        0x4 drivers/spi/cadence_qspi_apb.o
                0x00000000ffff73a8                cadence_qspi_apb_command_write_setup
 .text.cadence_qspi_apb_command_write
                0x00000000ffff73ac       0x9c drivers/spi/cadence_qspi_apb.o
                0x00000000ffff73ac                cadence_qspi_apb_command_write
 .text.cadence_qspi_apb_read_setup
                0x00000000ffff7448       0xb8 drivers/spi/cadence_qspi_apb.o
                0x00000000ffff7448                cadence_qspi_apb_read_setup
 .text.cadence_qspi_apb_read_execute
                0x00000000ffff7500      0x134 drivers/spi/cadence_qspi_apb.o
                0x00000000ffff7500                cadence_qspi_apb_read_execute
 .text.cadence_qspi_apb_write_setup
                0x00000000ffff7634       0xae drivers/spi/cadence_qspi_apb.o
                0x00000000ffff7634                cadence_qspi_apb_write_setup
 *fill*         0x00000000ffff76e2        0x2 
 .text.cadence_qspi_apb_write_execute
                0x00000000ffff76e4      0x1a4 drivers/spi/cadence_qspi_apb.o
                0x00000000ffff76e4                cadence_qspi_apb_write_execute
 .text.spi_check_buswidth_req.isra.0
                0x00000000ffff7888       0x50 drivers/spi/spi-mem.o
 .text.spi_mem_check_buswidth
                0x00000000ffff78d8       0x54 drivers/spi/spi-mem.o
 .text.spi_mem_dtr_supports_op
                0x00000000ffff792c       0x4e drivers/spi/spi-mem.o
                0x00000000ffff792c                spi_mem_dtr_supports_op
 .text.spi_mem_default_supports_op
                0x00000000ffff797a       0x26 drivers/spi/spi-mem.o
                0x00000000ffff797a                spi_mem_default_supports_op
 .text.spi_mem_supports_op
                0x00000000ffff79a0       0x24 drivers/spi/spi-mem.o
                0x00000000ffff79a0                spi_mem_supports_op
 .text.spi_mem_exec_op
                0x00000000ffff79c4      0x134 drivers/spi/spi-mem.o
                0x00000000ffff79c4                spi_mem_exec_op
 .text.spi_mem_adjust_op_size
                0x00000000ffff7af8       0x60 drivers/spi/spi-mem.o
                0x00000000ffff7af8                spi_mem_adjust_op_size
 .text.dw_spi_apb_init
                0x00000000ffff7b58       0x34 drivers/spi/designware_spi.o
 .text.dw_spi_apb_k210_init
                0x00000000ffff7b8c        0x8 drivers/spi/designware_spi.o
 .text.dw_spi_dwc_init
                0x00000000ffff7b94       0x10 drivers/spi/designware_spi.o
 .text.dw_writer
                0x00000000ffff7ba4       0x74 drivers/spi/designware_spi.o
 .text.dw_reader
                0x00000000ffff7c18       0x48 drivers/spi/designware_spi.o
 .text.dw_spi_adjust_op_size
                0x00000000ffff7c60       0x12 drivers/spi/designware_spi.o
 .text.dw_spi_set_mode
                0x00000000ffff7c72        0xe drivers/spi/designware_spi.o
 .text.dw_spi_set_speed
                0x00000000ffff7c80       0x42 drivers/spi/designware_spi.o
 *fill*         0x00000000ffff7cc2        0x2 
 .text.dw_spi_of_to_plat
                0x00000000ffff7cc4       0x40 drivers/spi/designware_spi.o
 .text.dw_spi_remove
                0x00000000ffff7d04       0x12 drivers/spi/designware_spi.o
 .text.dw_spi_dwc_update_cr0
                0x00000000ffff7d16       0x2a drivers/spi/designware_spi.o
 .text.dw_spi_dw32_update_cr0
                0x00000000ffff7d40       0x2c drivers/spi/designware_spi.o
 .text.dw_spi_dw16_update_cr0
                0x00000000ffff7d6c       0x2a drivers/spi/designware_spi.o
 *fill*         0x00000000ffff7d96        0x2 
 .text.dw_spi_probe
                0x00000000ffff7d98      0x124 drivers/spi/designware_spi.o
 .text.external_cs_manage
                0x00000000ffff7ebc        0x2 drivers/spi/designware_spi.o
                0x00000000ffff7ebc                external_cs_manage
 .text.dw_spi_exec_op
                0x00000000ffff7ebe      0x19a drivers/spi/designware_spi.o
 .text.dw_spi_xfer
                0x00000000ffff8058      0x10c drivers/spi/designware_spi.o
 .text.sdram_init_ecc_bits
                0x00000000ffff8164       0xa4 drivers/ddr/altera/sdram_soc32.o
                0x00000000ffff8164                sdram_init_ecc_bits
 .text.sdram_set_rule
                0x00000000ffff8208       0x66 drivers/ddr/altera/sdram_gen5.o
 .text.sdram_calculate_size
                0x00000000ffff826e       0x5c drivers/ddr/altera/sdram_gen5.o
 .text.altera_gen5_sdram_get_info
                0x00000000ffff82ca       0x14 drivers/ddr/altera/sdram_gen5.o
 .text.altera_gen5_sdram_of_to_plat
                0x00000000ffff82de       0x20 drivers/ddr/altera/sdram_gen5.o
 *fill*         0x00000000ffff82fe        0x2 
 .text.sdram_mmr_init_full
                0x00000000ffff8300      0x390 drivers/ddr/altera/sdram_gen5.o
                0x00000000ffff8300                sdram_mmr_init_full
 .text.altera_gen5_sdram_probe
                0x00000000ffff8690      0x124 drivers/ddr/altera/sdram_gen5.o
 .text.reg_file_set_group
                0x00000000ffff87b4       0x14 drivers/ddr/altera/sequencer.o
 .text.reg_file_set_stage
                0x00000000ffff87c8       0x14 drivers/ddr/altera/sequencer.o
 .text.reg_file_set_sub_stage
                0x00000000ffff87dc       0x14 drivers/ddr/altera/sequencer.o
 .text.scc_mgr_set
                0x00000000ffff87f0       0x14 drivers/ddr/altera/sequencer.o
 .text.delay_for_n_mem_clocks
                0x00000000ffff8804       0xa0 drivers/ddr/altera/sequencer.o
 .text.delay_for_n_ns
                0x00000000ffff88a4       0x20 drivers/ddr/altera/sequencer.o
 .text.center_dq_windows
                0x00000000ffff88c4       0xec drivers/ddr/altera/sequencer.o
 .text.scc_mgr_set_all_ranks.isra.4
                0x00000000ffff89b0       0x4c drivers/ddr/altera/sequencer.o
 .text.scc_mgr_set_dqs_en_phase_all_ranks
                0x00000000ffff89fc       0x18 drivers/ddr/altera/sequencer.o
 .text.scc_mgr_set_dqs_en_delay_all_ranks
                0x00000000ffff8a14       0x18 drivers/ddr/altera/sequencer.o
 .text.scc_mgr_set_oct_out1_delay.isra.5
                0x00000000ffff8a2c       0x2e drivers/ddr/altera/sequencer.o
 *fill*         0x00000000ffff8a5a        0x2 
 .text.scc_mgr_load_dqs_for_write_group.isra.6
                0x00000000ffff8a5c       0x30 drivers/ddr/altera/sequencer.o
 .text.set_jump_as_return.isra.10
                0x00000000ffff8a8c       0x24 drivers/ddr/altera/sequencer.o
 .text.rw_mgr_mem_init_load_regs.isra.11
                0x00000000ffff8ab0       0x4c drivers/ddr/altera/sequencer.o
 .text.rw_mgr_decr_vfifo.isra.12
                0x00000000ffff8afc       0x20 drivers/ddr/altera/sequencer.o
 .text.scc_mgr_apply_group_dq_out1_delay.isra.8
                0x00000000ffff8b1c       0x30 drivers/ddr/altera/sequencer.o
 .text.scc_mgr_apply_group_dq_in_delay.isra.7
                0x00000000ffff8b4c       0x3c drivers/ddr/altera/sequencer.o
 .text.scc_mgr_apply_group_dm_out1_delay.isra.9
                0x00000000ffff8b88       0x48 drivers/ddr/altera/sequencer.o
 .text.scc_mgr_zero_group
                0x00000000ffff8bd0       0xf0 drivers/ddr/altera/sequencer.o
 .text.scc_mgr_apply_group_dqs_io_and_oct_out1
                0x00000000ffff8cc0       0x3c drivers/ddr/altera/sequencer.o
 .text.dram_is_ddr
                0x00000000ffff8cfc       0x28 drivers/ddr/altera/sequencer.o
                0x00000000ffff8cfc                dram_is_ddr
 .text.set_rank_and_odt_mask.isra.15
                0x00000000ffff8d24       0xe4 drivers/ddr/altera/sequencer.o
 .text.rw_mgr_mem_load_user_ddr2
                0x00000000ffff8e08       0xcc drivers/ddr/altera/sequencer.o
 .text.rw_mgr_mem_load_user_ddr3
                0x00000000ffff8ed4      0x10c drivers/ddr/altera/sequencer.o
 .text.rw_mgr_mem_calibrate_read_test.isra.16
                0x00000000ffff8fe0      0x18c drivers/ddr/altera/sequencer.o
 .text.rw_mgr_mem_calibrate_read_test_all_ranks.isra.17
                0x00000000ffff916c       0x1c drivers/ddr/altera/sequencer.o
 .text.sdr_find_phase_delay
                0x00000000ffff9188       0x70 drivers/ddr/altera/sequencer.o
 .text.mem_precharge_and_activate
                0x00000000ffff91f8       0x6c drivers/ddr/altera/sequencer.o
 .text.rw_mgr_mem_calibrate_read_load_patterns.constprop.24
                0x00000000ffff9264       0x90 drivers/ddr/altera/sequencer.o
 .text.rw_mgr_mem_calibrate_write_test.constprop.27
                0x00000000ffff92f4      0x1ac drivers/ddr/altera/sequencer.o
 .text.search_stop_check.isra.18
                0x00000000ffff94a0       0x8c drivers/ddr/altera/sequencer.o
 .text.search_left_edge
                0x00000000ffff952c      0x120 drivers/ddr/altera/sequencer.o
 .text.search_right_edge
                0x00000000ffff964c      0x160 drivers/ddr/altera/sequencer.o
 .text.rw_mgr_mem_calibrate_dq_dqs_centering.isra.20
                0x00000000ffff97ac      0x278 drivers/ddr/altera/sequencer.o
 .text.sdram_calibration_full
                0x00000000ffff9a24     0x11f0 drivers/ddr/altera/sequencer.o
                0x00000000ffff9a24                sdram_calibration_full
 .text.reset_get_by_index_tail.isra.1.part.2
                0x00000000ffffac14       0x42 drivers/reset/reset-uclass.o
 *fill*         0x00000000ffffac56        0x2 
 .text.reset_get_by_index_nodev
                0x00000000ffffac58       0x30 drivers/reset/reset-uclass.o
                0x00000000ffffac58                reset_get_by_index_nodev
 .text.reset_free
                0x00000000ffffac88        0xa drivers/reset/reset-uclass.o
                0x00000000ffffac88                reset_free
 .text.reset_assert
                0x00000000ffffac92        0xa drivers/reset/reset-uclass.o
                0x00000000ffffac92                reset_assert
 .text.reset_deassert
                0x00000000ffffac9c        0xa drivers/reset/reset-uclass.o
                0x00000000ffffac9c                reset_deassert
 .text.reset_deassert_bulk
                0x00000000ffffaca6       0x22 drivers/reset/reset-uclass.o
                0x00000000ffffaca6                reset_deassert_bulk
 .text.reset_release_all
                0x00000000ffffacc8       0x2e drivers/reset/reset-uclass.o
                0x00000000ffffacc8                reset_release_all
 *fill*         0x00000000ffffacf6        0x2 
 .text.__reset_get_bulk.isra.3
                0x00000000ffffacf8       0x6c drivers/reset/reset-uclass.o
 .text.reset_get_bulk
                0x00000000ffffad64        0x6 drivers/reset/reset-uclass.o
                0x00000000ffffad64                reset_get_bulk
 *fill*         0x00000000ffffad6a        0x2 
 .text.devm_reset_bulk_get_by_node
                0x00000000ffffad6c       0x2c drivers/reset/reset-uclass.o
                0x00000000ffffad6c                devm_reset_bulk_get_by_node
 .text.devm_reset_bulk_get_optional_by_node
                0x00000000ffffad98       0x14 drivers/reset/reset-uclass.o
                0x00000000ffffad98                devm_reset_bulk_get_optional_by_node
 .text.devm_reset_bulk_get_optional
                0x00000000ffffadac        0x6 drivers/reset/reset-uclass.o
                0x00000000ffffadac                devm_reset_bulk_get_optional
 .text.socfpga_reset_request
                0x00000000ffffadb2        0x4 drivers/reset/reset-socfpga.o
 .text.socfpga_reset_assert
                0x00000000ffffadb6       0x3c drivers/reset/reset-socfpga.o
 .text.socfpga_reset_remove
                0x00000000ffffadf2        0xa drivers/reset/reset-socfpga.o
 .text.socfpga_reset_deassert
                0x00000000ffffadfc       0x72 drivers/reset/reset-socfpga.o
 *fill*         0x00000000ffffae6e        0x2 
 .text.socfpga_reset_probe
                0x00000000ffffae70       0x28 drivers/reset/reset-socfpga.o
 .text.socfpga_reset_bind
                0x00000000ffffae98       0x20 drivers/reset/reset-socfpga.o
 .text.socfpga_reset_free
                0x00000000ffffaeb8        0x4 drivers/reset/reset-socfpga.o
 .text.hw_watchdog_reset
                0x00000000ffffaebc       0x1c drivers/watchdog/designware_wdt.o
                0x00000000ffffaebc                hw_watchdog_reset
 .text.blk_post_probe
                0x00000000ffffaed8        0xe drivers/block/blk-uclass.o
 .text.blk_select_hwpart
                0x00000000ffffaee6       0x16 drivers/block/blk-uclass.o
                0x00000000ffffaee6                blk_select_hwpart
 .text.blk_dselect_hwpart
                0x00000000ffffaefc        0x6 drivers/block/blk-uclass.o
                0x00000000ffffaefc                blk_dselect_hwpart
 .text.blk_find_device
                0x00000000ffffaf02       0x50 drivers/block/blk-uclass.o
                0x00000000ffffaf02                blk_find_device
 .text.blk_dread
                0x00000000ffffaf52       0x1a drivers/block/blk-uclass.o
                0x00000000ffffaf52                blk_dread
 .text.blk_find_max_devnum
                0x00000000ffffaf6c       0x46 drivers/block/blk-uclass.o
                0x00000000ffffaf6c                blk_find_max_devnum
 .text.blk_next_free_devnum
                0x00000000ffffafb2       0x18 drivers/block/blk-uclass.o
                0x00000000ffffafb2                blk_next_free_devnum
 .text.blk_create_device
                0x00000000ffffafca       0xe4 drivers/block/blk-uclass.o
                0x00000000ffffafca                blk_create_device
 *fill*         0x00000000ffffb0ae        0x2 
 .text.blk_create_devicef
                0x00000000ffffb0b0       0x58 drivers/block/blk-uclass.o
                0x00000000ffffb0b0                blk_create_devicef
 .text.__udivsi3
                0x00000000ffffb108       0x9c arch/arm/lib/lib1funcs.o
                0x00000000ffffb108                __udivsi3
                0x00000000ffffb108                __aeabi_uidiv
 .text.__divsi3
                0x00000000ffffb1a4       0xcc arch/arm/lib/lib1funcs.o
                0x00000000ffffb1a4                __aeabi_idiv
                0x00000000ffffb1a4                __divsi3
 .text.__aeabi_uidivmod
                0x00000000ffffb270       0x30 arch/arm/lib/lib1funcs.o
                0x00000000ffffb270                __aeabi_uidivmod
                0x00000000ffffb288                __aeabi_idivmod
 .text.Ldiv0    0x00000000ffffb2a0       0x10 arch/arm/lib/lib1funcs.o
 .text.__div0   0x00000000ffffb2b0        0x6 arch/arm/lib/div0.o
                0x00000000ffffb2b0                __div0
 *(.glue*)
 .glue_7        0x00000000ffffb2b6        0x0 linker stubs
 .glue_7t       0x00000000ffffb2b6        0x0 linker stubs

.vfp11_veneer   0x00000000ffffb2b8        0x0
 .vfp11_veneer  0x00000000ffffb2b8        0x0 linker stubs

.v4_bx          0x00000000ffffb2b8        0x0
 .v4_bx         0x00000000ffffb2b8        0x0 linker stubs

.iplt           0x00000000ffffb2b8        0x0
 .iplt          0x00000000ffffb2b8        0x0 arch/arm/cpu/armv7/start.o
                0x00000000ffffb2b8                . = ALIGN (0x4)

.rodata         0x00000000ffffb2b8     0x2290
 *(SORT(.rodata*))
 .rodata        0x00000000ffffb2b8       0x14 common/spl/spl.o
 .rodata        0x00000000ffffb2cc        0xc drivers/core/root.o
 .rodata        0x00000000ffffb2d8        0x8 drivers/mmc/mmc.o
 .rodata.CSWTCH.43
                0x00000000ffffb2e0       0x20 disk/part.o
 .rodata.ac_rom_init
                0x00000000ffffb300       0x90 arch/arm/mach-socfpga/wrap_sdram_config.o
                0x00000000ffffb300                ac_rom_init
 .rodata.altera_gen5_sdram_ids
                0x00000000ffffb390       0x10 drivers/ddr/altera/sdram_gen5.o
 .rodata.altera_gen5_sdram_ops
                0x00000000ffffb3a0        0x4 drivers/ddr/altera/sdram_gen5.o
 .rodata.cadence_spi_ids
                0x00000000ffffb3a4       0x18 drivers/spi/cadence_qspi.o
 .rodata.cadence_spi_mem_ops
                0x00000000ffffb3bc        0xc drivers/spi/cadence_qspi.o
 .rodata.cadence_spi_ops
                0x00000000ffffb3c8       0x24 drivers/spi/cadence_qspi.o
 .rodata.cm_default_cfg
                0x00000000ffffb3ec       0x6c arch/arm/mach-socfpga/wrap_pll_config.o
 .rodata.dm_dwmci_ops
                0x00000000ffffb458       0x28 drivers/mmc/dw_mmc.o
                0x00000000ffffb458                dm_dwmci_ops
 .rodata.dw_spi_ids
                0x00000000ffffb480       0x90 drivers/spi/designware_spi.o
 .rodata.dw_spi_mem_ops
                0x00000000ffffb510        0xc drivers/spi/designware_spi.o
 .rodata.dw_spi_ops
                0x00000000ffffb51c       0x24 drivers/spi/designware_spi.o
 .rodata.ext_csd_bus_width
                0x00000000ffffb540       0x3c drivers/mmc/mmc.o
 .rodata.fbase  0x00000000ffffb57c       0x10 drivers/mmc/mmc.o
 .rodata.freqs.8992
                0x00000000ffffb58c       0x34 drivers/mmc/mmc.o
 .rodata.generic_simple_bus_ids
                0x00000000ffffb5c0       0x18 drivers/core/simple-bus.o
 .rodata.inst_rom_init
                0x00000000ffffb5d8      0x1fc arch/arm/mach-socfpga/wrap_sdram_config.o
                0x00000000ffffb5d8                inst_rom_init
 .rodata.iocsr_scan_chain0_table
                0x00000000ffffb7d4       0x60 arch/arm/mach-socfpga/wrap_iocsr_config.o
                0x00000000ffffb7d4                iocsr_scan_chain0_table
 .rodata.iocsr_scan_chain1_table
                0x00000000ffffb834       0xd8 arch/arm/mach-socfpga/wrap_iocsr_config.o
                0x00000000ffffb834                iocsr_scan_chain1_table
 .rodata.iocsr_scan_chain2_table
                0x00000000ffffb90c       0x78 arch/arm/mach-socfpga/wrap_iocsr_config.o
                0x00000000ffffb90c                iocsr_scan_chain2_table
 .rodata.iocsr_scan_chain3_table
                0x00000000ffffb984      0x830 arch/arm/mach-socfpga/wrap_iocsr_config.o
                0x00000000ffffb984                iocsr_scan_chain3_table
 .rodata.l2x0_ids
                0x00000000ffffc1b4       0x10 drivers/cache/cache-l2x0.o
 .rodata.misc_config
                0x00000000ffffc1c4       0x14 arch/arm/mach-socfpga/wrap_sdram_config.o
 .rodata.mmc_blk_ops
                0x00000000ffffc1d8       0x10 drivers/mmc/mmc-uclass.o
 .rodata.mmc_modes_by_pref
                0x00000000ffffc1e8       0x20 drivers/mmc/mmc.o
 .rodata.mmc_versions.9315
                0x00000000ffffc208       0x24 drivers/mmc/mmc.o
 .rodata.ns16550_serial_ids
                0x00000000ffffc22c       0x30 drivers/serial/ns16550.o
 .rodata.ns16550_serial_ops
                0x00000000ffffc25c       0x20 drivers/serial/ns16550.o
                0x00000000ffffc25c                ns16550_serial_ops
 .rodata.sd_modes_by_pref
                0x00000000ffffc27c       0x10 drivers/mmc/mmc.o
 .rodata.sdram_config
                0x00000000ffffc28c       0x94 arch/arm/mach-socfpga/wrap_sdram_config.o
 .rodata.socfpga_dwmmc_ids
                0x00000000ffffc320       0x10 drivers/mmc/socfpga_dw_mmc.o
 .rodata.socfpga_reset_match
                0x00000000ffffc330       0x10 drivers/reset/reset-socfpga.o
 .rodata.socfpga_reset_ops
                0x00000000ffffc340       0x18 drivers/reset/reset-socfpga.o
 .rodata.spi_flash_std_ids
                0x00000000ffffc358       0x10 drivers/mtd/spi/sf_probe.o
 .rodata.spi_flash_std_ops
                0x00000000ffffc368       0x10 drivers/mtd/spi/sf_probe.o
 .rodata.spi_nor_ids
                0x00000000ffffc378       0x18 drivers/mtd/spi/spi-nor-ids.o
                0x00000000ffffc378                spi_nor_ids
 .rodata.CSWTCH.40
                0x00000000ffffc390       0x12 drivers/spi/cadence_qspi_apb.o
 .rodata.io_config
                0x00000000ffffc3a2       0x10 arch/arm/mach-socfpga/wrap_sdram_config.o
 .rodata.__func__.5215
                0x00000000ffffc3b2       0x1b arch/arm/lib/cache-pl310.o
 .rodata.__func__.5312
                0x00000000ffffc3cd       0x16 arch/arm/mach-socfpga/reset_manager_gen5.o
 .rodata.__ofnode_get_addr_size_index.str1.1
                0x00000000ffffc3e3        0x4 drivers/core/ofnode.o
 .rodata.alloc_simple.str1.1
                0x00000000ffffc3e3       0x17 common/malloc_simple.o
 .rodata.altera_gen5_sdram_probe.str1.1
                0x00000000ffffc3fa      0x104 drivers/ddr/altera/sdram_gen5.o
                                        0x115 (size before relaxing)
 .rodata.blk_create_devicef.str1.1
                0x00000000ffffc4fe        0x6 drivers/block/blk-uclass.o
 .rodata.board_init_r.str1.1
                0x00000000ffffc504       0x62 common/spl/spl.o
 .rodata.cadence_qspi_apb_command_read.str1.1
                0x00000000ffffc566       0x28 drivers/spi/cadence_qspi_apb.o
 .rodata.cadence_qspi_apb_command_write.str1.1
                0x00000000ffffc58e       0x28 drivers/spi/cadence_qspi_apb.o
 .rodata.cadence_qspi_apb_exec_flash_cmd.str1.1
                0x00000000ffffc5b6       0x27 drivers/spi/cadence_qspi_apb.o
 .rodata.cadence_qspi_apb_read_execute.str1.1
                0x00000000ffffc5dd       0x44 drivers/spi/cadence_qspi_apb.o
 .rodata.cadence_qspi_apb_write_execute.str1.1
                0x00000000ffffc621       0x52 drivers/spi/cadence_qspi_apb.o
 .rodata.cadence_qspi_wait_idle.str1.1
                0x00000000ffffc673       0x33 drivers/spi/cadence_qspi_apb.o
 .rodata.cadence_spi_of_to_plat.str1.1
                0x00000000ffffc6a6       0xd4 drivers/spi/cadence_qspi.o
                                         0xe6 (size before relaxing)
 .rodata.cadence_spi_set_speed.str1.1
                0x00000000ffffc77a       0x43 drivers/spi/cadence_qspi.o
 .rodata.devfdt_get_addr_index.str1.1
                0x00000000ffffc7bd        0x4 drivers/core/fdtaddr.o
 .rodata.do_reset.str1.1
                0x00000000ffffc7bd        0xf drivers/sysreset/sysreset-uclass.o
 .rodata.dw_spi_of_to_plat.str1.1
                0x00000000ffffc7cc        0xa drivers/spi/designware_spi.o
                                         0x1c (size before relaxing)
 .rodata.dw_spi_probe.str1.1
                0x00000000ffffc7d6       0x66 drivers/spi/designware_spi.o
                                         0x77 (size before relaxing)
 .rodata.dw_spi_xfer.str1.1
                0x00000000ffffc83c       0x27 drivers/spi/designware_spi.o
 .rodata.fdt_address_cells.str1.1
                0x00000000ffffc863        0xf lib/libfdt/fdt_addresses.o
 .rodata.fdt_get_alias_namelen.str1.1
                0x00000000ffffc872        0x9 lib/libfdt/fdt_ro.o
 .rodata.fdt_get_phandle.str1.1
                0x00000000ffffc87b        0xe lib/libfdt/fdt_ro.o
                                         0x16 (size before relaxing)
 .rodata.fdt_node_check_compatible.str1.1
                0x00000000ffffc889        0xb lib/libfdt/fdt_ro.o
 .rodata.fdt_size_cells.str1.1
                0x00000000ffffc894        0xc lib/libfdt/fdt_addresses.o
 .rodata.fdtdec_get_chosen_prop.str1.1
                0x00000000ffffc8a0        0x8 lib/fdtdec.o
 .rodata.fdtdec_get_is_enabled.str1.1
                0x00000000ffffc8a8        0xc lib/fdtdec.o
 .rodata.fdtdec_prepare_fdt.str1.1
                0x00000000ffffc8b4        0xd lib/fdtdec.o
 .rodata.find_mmc_device.str1.1
                0x00000000ffffc8c1       0x19 drivers/mmc/mmc-uclass.o
 .rodata.get_next_memory_node.str1.1
                0x00000000ffffc8da       0x13 lib/fdtdec.o
 .rodata.hang.str1.1
                0x00000000ffffc8ed       0x2a lib/hang.o
 .rodata.l2x0_probe.str1.1
                0x00000000ffffc917       0x52 drivers/cache/cache-l2x0.o
 .rodata.lists_bind_fdt.str1.1
                0x00000000ffffc969        0xb drivers/core/lists.o
 .rodata.mmc_bind.str1.1
                0x00000000ffffc969        0x8 drivers/mmc/mmc-uclass.o
                                          0xc (size before relaxing)
 .rodata.mmc_bread.str1.1
                0x00000000ffffc971       0x47 drivers/mmc/mmc.o
 .rodata.mmc_get_op_cond.str1.1
                0x00000000ffffc9b8       0x2e drivers/mmc/mmc.o
 .rodata.mmc_load_image_raw_sector.str1.1
                0x00000000ffffc9e6       0x31 common/spl/spl_mmc.o
 .rodata.mmc_start_init.str1.1
                0x00000000ffffca17       0x16 drivers/mmc/mmc.o
 .rodata.mmc_startup.str1.1
                0x00000000ffffca2d       0x7c drivers/mmc/mmc.o
 .rodata.multipliers
                0x00000000ffffcaa9       0x10 drivers/mmc/mmc.o
 .rodata.ns16550_serial_of_to_plat.str1.1
                0x00000000ffffcab9       0x32 drivers/serial/ns16550.o
 .rodata.ofnode_conf_read_bool.str1.1
                0x00000000ffffcaeb        0x8 drivers/core/ofnode.o
 .rodata.part_get_info_extended.constprop.1.str1.1
                0x00000000ffffcaf3       0x81 disk/part_dos.o
                                         0x88 (size before relaxing)
 .rodata.part_set_generic_name.str1.1
                0x00000000ffffcb74        0xa disk/part.o
 .rodata.preloader_console_init.str1.1
                0x00000000ffffcb7e       0x47 common/spl/spl.o
 .rodata.reset_get_by_index.str1.1
                0x00000000ffffcbc5       0x14 drivers/reset/reset-uclass.o
 .rodata.rw_mgr_config
                0x00000000ffffcbd9       0x3b arch/arm/mach-socfpga/wrap_sdram_config.o
 .rodata.sdram_init_ecc_bits.str1.1
                0x00000000ffffcc14       0x58 drivers/ddr/altera/sdram_soc32.o
 .rodata.sdram_mmr_init_full.str1.1
                0x00000000ffffcc6c       0x77 drivers/ddr/altera/sdram_gen5.o
 .rodata.serial_init.str1.1
                0x00000000ffffcce3       0x2b drivers/serial/serial-uclass.o
 .rodata.simple_bus_post_bind.str1.1
                0x00000000ffffcd0e        0x7 drivers/core/simple-bus.o
 .rodata.socfpga_bridges_reset.str1.1
                0x00000000ffffcd15       0x1f arch/arm/mach-socfpga/reset_manager_gen5.o
 .rodata.socfpga_dwmmc_of_to_plat.str1.1
                0x00000000ffffcd34       0x36 drivers/mmc/socfpga_dw_mmc.o
                                         0x4b (size before relaxing)
 .rodata.socfpga_dwmmc_probe.str1.1
                0x00000000ffffcd6a       0x1a drivers/mmc/socfpga_dw_mmc.o
 .rodata.socfpga_get_base_addr.str1.1
                0x00000000ffffcd84        0x4 arch/arm/mach-socfpga/misc.o
 .rodata.socfpga_get_managers_addr.str1.1
                0x00000000ffffcd88       0x27 arch/arm/mach-socfpga/misc.o
 .rodata.socfpga_reset_bind.str1.1
                0x00000000ffffcdaf       0x1a drivers/reset/reset-socfpga.o
 .rodata.socfpga_reset_probe.str1.1
                0x00000000ffffcdaf       0x13 drivers/reset/reset-socfpga.o
 .rodata.spi_find_chip_select.str1.1
                0x00000000ffffcdc2       0x1f drivers/spi/spi-uclass.o
 .rodata.spi_flash_probe_bus_cs.str1.1
                0x00000000ffffcde1       0x18 drivers/mtd/spi/sf-uclass.o
 .rodata.spi_flash_std_probe.str1.1
                0x00000000ffffcdf9       0x1c drivers/mtd/spi/sf_probe.o
 .rodata.spi_get_bus_and_cs.str1.1
                0x00000000ffffce15       0x44 drivers/spi/spi-uclass.o
 .rodata.spi_nor_3to4_read.8598
                0x00000000ffffce59        0xc drivers/mtd/spi/spi-nor-tiny.o
 .rodata.spi_nor_scan.str1.1
                0x00000000ffffce65       0x48 drivers/mtd/spi/spi-nor-tiny.o
 .rodata.spi_post_probe.str1.1
                0x00000000ffffcead       0x12 drivers/spi/spi-uclass.o
 .rodata.spi_set_speed_mode.str1.1
                0x00000000ffffcebf       0x54 drivers/spi/spi-uclass.o
 .rodata.spi_slave_of_to_plat.str1.1
                0x00000000ffffcf13       0x5a drivers/spi/spi-uclass.o
                                         0x5e (size before relaxing)
 .rodata.spl_boot_device.str1.1
                0x00000000ffffcf6d       0x22 arch/arm/mach-socfpga/spl_gen5.o
 .rodata.spl_mmc_load.str1.1
                0x00000000ffffcf8f       0xf3 common/spl/spl_mmc.o
 .rodata.spl_set_header_raw_uboot.str1.1
                0x00000000ffffd082        0x7 common/spl/spl.o
 .rodata.spl_spi_load_image.str1.1
                0x00000000ffffd089       0x2d common/spl/spl_spi.o
 .rodata.str1.1
                0x00000000ffffd0b6       0x11 common/spl/spl_mmc.o
 .rodata.str1.1
                0x00000000ffffd0c7        0x4 common/spl/spl_spi.o
 .rodata.str1.1
                0x00000000ffffd0cb        0x4 common/spl/spl_ram.o
 .rodata.str1.1
                0x00000000ffffd0cf       0x13 disk/part.o
                                         0x16 (size before relaxing)
 .rodata.str1.1
                0x00000000ffffd0e2        0x4 disk/part_dos.o
 .rodata.str1.1
                0x00000000ffffd0e6        0xa drivers/cache/cache-uclass.o
                                          0x6 (size before relaxing)
 .rodata.str1.1
                0x00000000ffffd0e6       0x1c drivers/cache/cache-l2x0.o
 .rodata.str1.1
                0x00000000ffffd102       0x23 drivers/core/root.o
                                         0x2b (size before relaxing)
 .rodata.str1.1
                0x00000000ffffd125        0x4 drivers/core/uclass.o
 .rodata.str1.1
                0x00000000ffffd129       0x21 drivers/core/simple-bus.o
 .rodata.str1.1
                0x00000000ffffd14a        0xf drivers/sysreset/sysreset-uclass.o
                                          0x9 (size before relaxing)
 .rodata.str1.1
                0x00000000ffffd14a       0x11 drivers/sysreset/sysreset_socfpga.o
 .rodata.str1.1
                0x00000000ffffd15b        0x8 drivers/mmc/mmc-uclass.o
                                          0x4 (size before relaxing)
 .rodata.str1.1
                0x00000000ffffd15b       0x23 drivers/mmc/socfpga_dw_mmc.o
 .rodata.str1.1
                0x00000000ffffd17e        0xe drivers/mtd/spi/sf_probe.o
                                         0x1c (size before relaxing)
 .rodata.str1.1
                0x00000000ffffd18c        0x4 drivers/ram/ram-uclass.o
 .rodata.str1.1
                0x00000000ffffd190       0x2b drivers/serial/serial-uclass.o
                                          0x7 (size before relaxing)
 .rodata.str1.1
                0x00000000ffffd190       0x59 drivers/serial/ns16550.o
 .rodata.str1.1
                0x00000000ffffd1e9       0x1c drivers/spi/spi-uclass.o
                                         0x20 (size before relaxing)
 .rodata.str1.1
                0x00000000ffffd205       0x28 drivers/spi/cadence_qspi.o
 .rodata.str1.1
                0x00000000ffffd22d      0x145 drivers/spi/designware_spi.o
 .rodata.str1.1
                0x00000000ffffd372       0x1a drivers/ddr/altera/sdram_gen5.o
 .rodata.str1.1
                0x00000000ffffd38c       0x14 drivers/reset/reset-uclass.o
                                          0x6 (size before relaxing)
 .rodata.str1.1
                0x00000000ffffd38c        0xe drivers/reset/reset-socfpga.o
                                         0x1b (size before relaxing)
 .rodata.str1.1
                0x00000000ffffd39a       0x3f drivers/block/blk-uclass.o
                                         0x4e (size before relaxing)
 .rodata.sys_mgr_init_table
                0x00000000ffffd3d9       0xcf arch/arm/mach-socfpga/wrap_pinmux_config.o
                0x00000000ffffd3d9                sys_mgr_init_table
 .rodata.sysreset_walk_halt.str1.1
                0x00000000ffffd4a8        0xd drivers/sysreset/sysreset-uclass.o
 .rodata.test_block_type.str1.1
                0x00000000ffffd4b5        0xa disk/part_dos.o
 .rodata.v7_outer_cache_enable.str1.1
                0x00000000ffffd4bf       0x24 arch/arm/mach-socfpga/misc.o